Info: Starting: Create block symbol file (.bsf)
Info: qsys-generate C:\intelFPGA\prj\hps_pio\ip\altsource_probe\hps_reset\hps_reset.qsys --block-symbol-file --output-directory=C:\intelFPGA\prj\hps_pio\ip\altsource_probe\hps_reset\hps_reset --family="Cyclone V" --part=5CSXFC6D6F31C6
Progress: Loading hps_reset/hps_reset.qsys
Progress: Reading input file
Progress: Adding in_system_sources_probes_0 [altera_in_system_sources_probes 16.1]
Progress: Parameterizing module in_system_sources_probes_0
Progress: Building connections
Progress: Parameterizing connections
Progress: Validating
Progress: Done reading input file
Info: qsys-generate succeeded.
Info: Finished: Create block symbol file (.bsf)
Info: 
Info: Starting: Create HDL design files for synthesis
Info: qsys-generate C:\intelFPGA\prj\hps_pio\ip\altsource_probe\hps_reset\hps_reset.qsys --synthesis=VERILOG --output-directory=C:\intelFPGA\prj\hps_pio\ip\altsource_probe\hps_reset\hps_reset\synthesis --family="Cyclone V" --part=5CSXFC6D6F31C6
Progress: Loading hps_reset/hps_reset.qsys
Progress: Reading input file
Progress: Adding in_system_sources_probes_0 [altera_in_system_sources_probes 16.1]
Progress: Parameterizing module in_system_sources_probes_0
Progress: Building connections
Progress: Parameterizing connections
Progress: Validating
Progress: Done reading input file
Info: hps_reset: Generating hps_reset "hps_reset" for QUARTUS_SYNTH
Info: in_system_sources_probes_0: "hps_reset" instantiated altera_in_system_sources_probes "in_system_sources_probes_0"
Info: hps_reset: Done "hps_reset" with 2 modules, 2 files
Info: qsys-generate succeeded.
Info: Finished: Create HDL design files for synthesis
