Analysis & Synthesis report for spi
Mon Aug 10 17:39:26 2026
Quartus Prime Version 16.1.0 Build 196 10/24/2016 SJ Standard Edition


---------------------
; Table of Contents ;
---------------------
  1. Legal Notice
  2. Analysis & Synthesis Summary
  3. Analysis & Synthesis Settings
  4. Parallel Compilation
  5. Analysis & Synthesis Source Files Read
  6. Analysis & Synthesis Resource Usage Summary
  7. Analysis & Synthesis Resource Utilization by Entity
  8. State Machine - |spi|spi_master:master_inst|state_reg
  9. State Machine - |spi|spi_bist:bist_inst|state
 10. Registers Removed During Synthesis
 11. General Register Statistics
 12. Inverted Register Statistics
 13. Multiplexer Restructuring Statistics (Restructuring Performed)
 14. Parameter Settings for User Entity Instance: Top-level Entity: |spi
 15. Parameter Settings for User Entity Instance: spi_bist:bist_inst
 16. Parameter Settings for User Entity Instance: spi_master:master_inst
 17. Post-Synthesis Netlist Statistics for Top Partition
 18. Elapsed Time Per Partition
 19. Analysis & Synthesis Messages



----------------
; Legal Notice ;
----------------
Copyright (C) 2016  Intel Corporation. All rights reserved.
Your use of Intel Corporation's design tools, logic functions 
and other software and tools, and its AMPP partner logic 
functions, and any output files from any of the foregoing 
(including device programming or simulation files), and any 
associated documentation or information are expressly subject 
to the terms and conditions of the Intel Program License 
Subscription Agreement, the Intel Quartus Prime License Agreement,
the Intel MegaCore Function License Agreement, or other 
applicable license agreement, including, without limitation, 
that your use is for the sole purpose of programming logic 
devices manufactured by Intel and sold by Intel or its 
authorized distributors.  Please refer to the applicable 
agreement for further details.



+-----------------------------------------------------------------------------------+
; Analysis & Synthesis Summary                                                      ;
+---------------------------------+-------------------------------------------------+
; Analysis & Synthesis Status     ; Successful - Mon Aug 10 17:39:26 2026           ;
; Quartus Prime Version           ; 16.1.0 Build 196 10/24/2016 SJ Standard Edition ;
; Revision Name                   ; spi                                             ;
; Top-level Entity Name           ; spi                                             ;
; Family                          ; Cyclone V                                       ;
; Logic utilization (in ALMs)     ; N/A                                             ;
; Total registers                 ; 139                                             ;
; Total pins                      ; 67                                              ;
; Total virtual pins              ; 0                                               ;
; Total block memory bits         ; 0                                               ;
; Total DSP Blocks                ; 0                                               ;
; Total HSSI RX PCSs              ; 0                                               ;
; Total HSSI PMA RX Deserializers ; 0                                               ;
; Total HSSI TX PCSs              ; 0                                               ;
; Total HSSI PMA TX Serializers   ; 0                                               ;
; Total PLLs                      ; 0                                               ;
; Total DLLs                      ; 0                                               ;
+---------------------------------+-------------------------------------------------+


+---------------------------------------------------------------------------------------------------------------------------+
; Analysis & Synthesis Settings                                                                                             ;
+---------------------------------------------------------------------------------+--------------------+--------------------+
; Option                                                                          ; Setting            ; Default Value      ;
+---------------------------------------------------------------------------------+--------------------+--------------------+
; Device                                                                          ; 5CSXFC6D6F31C6     ;                    ;
; Top-level entity name                                                           ; spi                ; spi                ;
; Family name                                                                     ; Cyclone V          ; Cyclone V          ;
; Use smart compilation                                                           ; On                 ; Off                ;
; Enable parallel Assembler and TimeQuest Timing Analyzer during compilation      ; On                 ; On                 ;
; Enable compact report table                                                     ; Off                ; Off                ;
; Restructure Multiplexers                                                        ; Auto               ; Auto               ;
; MLAB Add Timing Constraints For Mixed-Port Feed-Through Mode Setting Don't Care ; Off                ; Off                ;
; Create Debugging Nodes for IP Cores                                             ; Off                ; Off                ;
; Preserve fewer node names                                                       ; On                 ; On                 ;
; OpenCore Plus hardware evaluation                                               ; Enable             ; Enable             ;
; Verilog Version                                                                 ; Verilog_2001       ; Verilog_2001       ;
; VHDL Version                                                                    ; VHDL_1993          ; VHDL_1993          ;
; State Machine Processing                                                        ; Auto               ; Auto               ;
; Safe State Machine                                                              ; Off                ; Off                ;
; Extract Verilog State Machines                                                  ; On                 ; On                 ;
; Extract VHDL State Machines                                                     ; On                 ; On                 ;
; Ignore Verilog initial constructs                                               ; Off                ; Off                ;
; Iteration limit for constant Verilog loops                                      ; 5000               ; 5000               ;
; Iteration limit for non-constant Verilog loops                                  ; 250                ; 250                ;
; Add Pass-Through Logic to Inferred RAMs                                         ; On                 ; On                 ;
; Infer RAMs from Raw Logic                                                       ; On                 ; On                 ;
; Parallel Synthesis                                                              ; On                 ; On                 ;
; DSP Block Balancing                                                             ; Auto               ; Auto               ;
; NOT Gate Push-Back                                                              ; On                 ; On                 ;
; Power-Up Don't Care                                                             ; On                 ; On                 ;
; Remove Redundant Logic Cells                                                    ; Off                ; Off                ;
; Remove Duplicate Registers                                                      ; On                 ; On                 ;
; Ignore CARRY Buffers                                                            ; Off                ; Off                ;
; Ignore CASCADE Buffers                                                          ; Off                ; Off                ;
; Ignore GLOBAL Buffers                                                           ; Off                ; Off                ;
; Ignore ROW GLOBAL Buffers                                                       ; Off                ; Off                ;
; Ignore LCELL Buffers                                                            ; Off                ; Off                ;
; Ignore SOFT Buffers                                                             ; On                 ; On                 ;
; Limit AHDL Integers to 32 Bits                                                  ; Off                ; Off                ;
; Optimization Technique                                                          ; Balanced           ; Balanced           ;
; Carry Chain Length                                                              ; 70                 ; 70                 ;
; Auto Carry Chains                                                               ; On                 ; On                 ;
; Auto Open-Drain Pins                                                            ; On                 ; On                 ;
; Perform WYSIWYG Primitive Resynthesis                                           ; Off                ; Off                ;
; Auto ROM Replacement                                                            ; On                 ; On                 ;
; Auto RAM Replacement                                                            ; On                 ; On                 ;
; Auto DSP Block Replacement                                                      ; On                 ; On                 ;
; Auto Shift Register Replacement                                                 ; Auto               ; Auto               ;
; Allow Shift Register Merging across Hierarchies                                 ; Auto               ; Auto               ;
; Auto Clock Enable Replacement                                                   ; On                 ; On                 ;
; Strict RAM Replacement                                                          ; Off                ; Off                ;
; Allow Synchronous Control Signals                                               ; On                 ; On                 ;
; Force Use of Synchronous Clear Signals                                          ; Off                ; Off                ;
; Auto Resource Sharing                                                           ; Off                ; Off                ;
; Allow Any RAM Size For Recognition                                              ; Off                ; Off                ;
; Allow Any ROM Size For Recognition                                              ; Off                ; Off                ;
; Allow Any Shift Register Size For Recognition                                   ; Off                ; Off                ;
; Use LogicLock Constraints during Resource Balancing                             ; On                 ; On                 ;
; Ignore translate_off and synthesis_off directives                               ; Off                ; Off                ;
; Timing-Driven Synthesis                                                         ; On                 ; On                 ;
; Report Parameter Settings                                                       ; On                 ; On                 ;
; Report Source Assignments                                                       ; On                 ; On                 ;
; Report Connectivity Checks                                                      ; On                 ; On                 ;
; Ignore Maximum Fan-Out Assignments                                              ; Off                ; Off                ;
; Synchronization Register Chain Length                                           ; 3                  ; 3                  ;
; PowerPlay Power Optimization During Synthesis                                   ; Normal compilation ; Normal compilation ;
; HDL message level                                                               ; Level2             ; Level2             ;
; Suppress Register Optimization Related Messages                                 ; Off                ; Off                ;
; Number of Removed Registers Reported in Synthesis Report                        ; 5000               ; 5000               ;
; Number of Swept Nodes Reported in Synthesis Report                              ; 5000               ; 5000               ;
; Number of Inverted Registers Reported in Synthesis Report                       ; 100                ; 100                ;
; Clock MUX Protection                                                            ; On                 ; On                 ;
; Auto Gated Clock Conversion                                                     ; Off                ; Off                ;
; Block Design Naming                                                             ; Auto               ; Auto               ;
; SDC constraint protection                                                       ; Off                ; Off                ;
; Synthesis Effort                                                                ; Auto               ; Auto               ;
; Shift Register Replacement - Allow Asynchronous Clear Signal                    ; On                 ; On                 ;
; Pre-Mapping Resynthesis Optimization                                            ; Off                ; Off                ;
; Analysis & Synthesis Message Level                                              ; Medium             ; Medium             ;
; Disable Register Merging Across Hierarchies                                     ; Auto               ; Auto               ;
; Resource Aware Inference For Block RAM                                          ; On                 ; On                 ;
; Automatic Parallel Synthesis                                                    ; On                 ; On                 ;
; Partial Reconfiguration Bitstream ID                                            ; Off                ; Off                ;
+---------------------------------------------------------------------------------+--------------------+--------------------+


+------------------------------------------+
; Parallel Compilation                     ;
+----------------------------+-------------+
; Processors                 ; Number      ;
+----------------------------+-------------+
; Number detected on machine ; 6           ;
; Maximum allowed            ; 6           ;
;                            ;             ;
; Average used               ; 1.00        ;
; Maximum used               ; 6           ;
;                            ;             ;
; Usage by Processor         ; % Time Used ;
;     Processor 1            ; 100.0%      ;
;     Processors 2-6         ;   0.0%      ;
+----------------------------+-------------+


+-------------------------------------------------------------------------------------------------------------------------------+
; Analysis & Synthesis Source Files Read                                                                                        ;
+----------------------------------+-----------------+------------------------+---------------------------------------+---------+
; File Name with User-Entered Path ; Used in Netlist ; File Type              ; File Name with Absolute Path          ; Library ;
+----------------------------------+-----------------+------------------------+---------------------------------------+---------+
; ../RTL/spi_slave.v               ; yes             ; User Verilog HDL File  ; C:/intelFPGA/prj/SPI/RTL/spi_slave.v  ;         ;
; ../RTL/spi_master.v              ; yes             ; User Verilog HDL File  ; C:/intelFPGA/prj/SPI/RTL/spi_master.v ;         ;
; ../RTL/spi_bist.v                ; yes             ; User Verilog HDL File  ; C:/intelFPGA/prj/SPI/RTL/spi_bist.v   ;         ;
; ../RTL/spi.v                     ; yes             ; User Verilog HDL File  ; C:/intelFPGA/prj/SPI/RTL/spi.v        ;         ;
+----------------------------------+-----------------+------------------------+---------------------------------------+---------+


+--------------------------------------------------------------+
; Analysis & Synthesis Resource Usage Summary                  ;
+---------------------------------------------+----------------+
; Resource                                    ; Usage          ;
+---------------------------------------------+----------------+
; Estimate of Logic utilization (ALMs needed) ; 84             ;
;                                             ;                ;
; Combinational ALUT usage for logic          ; 128            ;
;     -- 7 input functions                    ; 0              ;
;     -- 6 input functions                    ; 32             ;
;     -- 5 input functions                    ; 4              ;
;     -- 4 input functions                    ; 27             ;
;     -- <=3 input functions                  ; 65             ;
;                                             ;                ;
; Dedicated logic registers                   ; 139            ;
;                                             ;                ;
; I/O pins                                    ; 67             ;
;                                             ;                ;
; Total DSP Blocks                            ; 0              ;
;                                             ;                ;
; Maximum fan-out node                        ; CLOCK_50~input ;
; Maximum fan-out                             ; 139            ;
; Total fan-out                               ; 1122           ;
; Average fan-out                             ; 2.80           ;
+---------------------------------------------+----------------+


+-------------------------------------------------------------------------------------------------------------------------------------------------------------------------------------------------+
; Analysis & Synthesis Resource Utilization by Entity                                                                                                                                             ;
+-----------------------------+---------------------+---------------------------+-------------------+------------+------+--------------+-----------------------------+-------------+--------------+
; Compilation Hierarchy Node  ; Combinational ALUTs ; Dedicated Logic Registers ; Block Memory Bits ; DSP Blocks ; Pins ; Virtual Pins ; Full Hierarchy Name         ; Entity Name ; Library Name ;
+-----------------------------+---------------------+---------------------------+-------------------+------------+------+--------------+-----------------------------+-------------+--------------+
; |spi                        ; 128 (1)             ; 139 (2)                   ; 0                 ; 0          ; 67   ; 0            ; |spi                        ; spi         ; work         ;
;    |hex_decoder:hex_rx_lsb| ; 7 (7)               ; 0 (0)                     ; 0                 ; 0          ; 0    ; 0            ; |spi|hex_decoder:hex_rx_lsb ; hex_decoder ; work         ;
;    |hex_decoder:hex_rx_msb| ; 7 (7)               ; 0 (0)                     ; 0                 ; 0          ; 0    ; 0            ; |spi|hex_decoder:hex_rx_msb ; hex_decoder ; work         ;
;    |hex_decoder:hex_tx_lsb| ; 6 (6)               ; 0 (0)                     ; 0                 ; 0          ; 0    ; 0            ; |spi|hex_decoder:hex_tx_lsb ; hex_decoder ; work         ;
;    |hex_decoder:hex_tx_msb| ; 4 (4)               ; 0 (0)                     ; 0                 ; 0          ; 0    ; 0            ; |spi|hex_decoder:hex_tx_msb ; hex_decoder ; work         ;
;    |spi_bist:bist_inst|     ; 52 (52)             ; 58 (58)                   ; 0                 ; 0          ; 0    ; 0            ; |spi|spi_bist:bist_inst     ; spi_bist    ; work         ;
;    |spi_master:master_inst| ; 33 (33)             ; 43 (43)                   ; 0                 ; 0          ; 0    ; 0            ; |spi|spi_master:master_inst ; spi_master  ; work         ;
;    |spi_slave:slave_inst|   ; 18 (18)             ; 36 (36)                   ; 0                 ; 0          ; 0    ; 0            ; |spi|spi_slave:slave_inst   ; spi_slave   ; work         ;
+-----------------------------+---------------------+---------------------------+-------------------+------------+------+--------------+-----------------------------+-------------+--------------+
Note: For table entries with two numbers listed, the numbers in parentheses indicate the number of resources of the given type used by the specific entity alone. The numbers listed outside of parentheses indicate the total resources of the given type used by the specific entity and all of its sub-entities in the hierarchy.


Encoding Type:  One-Hot
+------------------------------------------------------------------------------------------------------------+
; State Machine - |spi|spi_master:master_inst|state_reg                                                      ;
+-----------------------+------------------+----------------------+-----------------------+------------------+
; Name                  ; state_reg.S_DONE ; state_reg.S_TRANSFER ; state_reg.S_ASSERT_CS ; state_reg.S_IDLE ;
+-----------------------+------------------+----------------------+-----------------------+------------------+
; state_reg.S_IDLE      ; 0                ; 0                    ; 0                     ; 0                ;
; state_reg.S_ASSERT_CS ; 0                ; 0                    ; 1                     ; 1                ;
; state_reg.S_TRANSFER  ; 0                ; 1                    ; 0                     ; 1                ;
; state_reg.S_DONE      ; 1                ; 0                    ; 0                     ; 1                ;
+-----------------------+------------------+----------------------+-----------------------+------------------+


Encoding Type:  One-Hot
+--------------------------------------------------------------------------------------------+
; State Machine - |spi|spi_bist:bist_inst|state                                              ;
+---------------------+---------------+-----------------+---------------------+--------------+
; Name                ; state.S_CHECK ; state.S_WAIT_RX ; state.S_SEND_MASTER ; state.S_IDLE ;
+---------------------+---------------+-----------------+---------------------+--------------+
; state.S_IDLE        ; 0             ; 0               ; 0                   ; 0            ;
; state.S_SEND_MASTER ; 0             ; 0               ; 1                   ; 1            ;
; state.S_WAIT_RX     ; 0             ; 1               ; 0                   ; 1            ;
; state.S_CHECK       ; 1             ; 0               ; 0                   ; 1            ;
+---------------------+---------------+-----------------+---------------------+--------------+


+-------------------------------------------------------------------------------------+
; Registers Removed During Synthesis                                                  ;
+---------------------------------------+---------------------------------------------+
; Register name                         ; Reason for Removal                          ;
+---------------------------------------+---------------------------------------------+
; spi_bist:bist_inst|tx_data[4]         ; Merged with spi_bist:bist_inst|tx_data[6]   ;
; spi_bist:bist_inst|tx_data[1]         ; Merged with spi_bist:bist_inst|tx_data[3]   ;
; spi_master:master_inst|tx_ready       ; Merged with spi_master:master_inst|spi_cs_n ;
; spi_master:master_inst|state_reg~8    ; Lost fanout                                 ;
; spi_master:master_inst|state_reg~9    ; Lost fanout                                 ;
; spi_master:master_inst|state_reg~10   ; Lost fanout                                 ;
; spi_bist:bist_inst|state~7            ; Lost fanout                                 ;
; spi_bist:bist_inst|state~8            ; Lost fanout                                 ;
; spi_bist:bist_inst|state~9            ; Lost fanout                                 ;
; Total Number of Removed Registers = 9 ;                                             ;
+---------------------------------------+---------------------------------------------+


+------------------------------------------------------+
; General Register Statistics                          ;
+----------------------------------------------+-------+
; Statistic                                    ; Value ;
+----------------------------------------------+-------+
; Total registers                              ; 139   ;
; Number of registers using Synchronous Clear  ; 30    ;
; Number of registers using Synchronous Load   ; 0     ;
; Number of registers using Asynchronous Clear ; 139   ;
; Number of registers using Asynchronous Load  ; 0     ;
; Number of registers using Clock Enable       ; 108   ;
; Number of registers using Preset             ; 0     ;
+----------------------------------------------+-------+


+---------------------------------------------------+
; Inverted Register Statistics                      ;
+-----------------------------------------+---------+
; Inverted Register                       ; Fan out ;
+-----------------------------------------+---------+
; spi_slave:slave_inst|spi_miso           ; 2       ;
; spi_master:master_inst|spi_cs_n         ; 3       ;
; spi_slave:slave_inst|cs_n_sync[2]       ; 17      ;
; spi_slave:slave_inst|cs_n_sync[1]       ; 18      ;
; spi_slave:slave_inst|sclk_sync[2]       ; 5       ;
; spi_slave:slave_inst|sclk_sync[1]       ; 6       ;
; spi_slave:slave_inst|cs_n_sync[0]       ; 1       ;
; spi_master:master_inst|spi_mosi         ; 2       ;
; spi_slave:slave_inst|sclk_sync[0]       ; 1       ;
; spi_master:master_inst|spi_sclk         ; 2       ;
; Total number of inverted registers = 10 ;         ;
+-----------------------------------------+---------+


+-----------------------------------------------------------------------------------------------------------------------------------------------------------+
; Multiplexer Restructuring Statistics (Restructuring Performed)                                                                                            ;
+--------------------+-----------+---------------+----------------------+------------------------+------------+---------------------------------------------+
; Multiplexer Inputs ; Bus Width ; Baseline Area ; Area if Restructured ; Saving if Restructured ; Registered ; Example Multiplexer Output                  ;
+--------------------+-----------+---------------+----------------------+------------------------+------------+---------------------------------------------+
; 3:1                ; 5 bits    ; 10 LEs        ; 10 LEs               ; 0 LEs                  ; Yes        ; |spi|spi_master:master_inst|clk_cnt_reg[1]  ;
; 3:1                ; 4 bits    ; 8 LEs         ; 4 LEs                ; 4 LEs                  ; Yes        ; |spi|spi_slave:slave_inst|bit_cnt[2]        ;
; 3:1                ; 7 bits    ; 14 LEs        ; 7 LEs                ; 7 LEs                  ; Yes        ; |spi|spi_slave:slave_inst|shift_reg_tx[7]   ;
; 5:1                ; 5 bits    ; 15 LEs        ; 5 LEs                ; 10 LEs                 ; Yes        ; |spi|spi_master:master_inst|bit_cnt_reg[3]  ;
; 5:1                ; 7 bits    ; 21 LEs        ; 7 LEs                ; 14 LEs                 ; Yes        ; |spi|spi_master:master_inst|tx_shift_reg[4] ;
; 6:1                ; 2 bits    ; 8 LEs         ; 4 LEs                ; 4 LEs                  ; No         ; |spi|spi_bist:bist_inst|Selector0           ;
; 6:1                ; 2 bits    ; 8 LEs         ; 4 LEs                ; 4 LEs                  ; No         ; |spi|spi_master:master_inst|Selector20      ;
; 8:1                ; 2 bits    ; 10 LEs        ; 4 LEs                ; 6 LEs                  ; No         ; |spi|spi_master:master_inst|Selector19      ;
+--------------------+-----------+---------------+----------------------+------------------------+------------+---------------------------------------------+


+---------------------------------------------------------------------+
; Parameter Settings for User Entity Instance: Top-level Entity: |spi ;
+----------------+----------+-----------------------------------------+
; Parameter Name ; Value    ; Type                                    ;
+----------------+----------+-----------------------------------------+
; TEST_INTERVAL  ; 50000000 ; Signed Integer                          ;
+----------------+----------+-----------------------------------------+
Note: In order to hide this table in the UI and the text report file, please set the "Show Parameter Settings in Synthesis Report" option in "Analysis and Synthesis Settings -> More Settings" to "Off".


+-----------------------------------------------------------------+
; Parameter Settings for User Entity Instance: spi_bist:bist_inst ;
+----------------+----------+-------------------------------------+
; Parameter Name ; Value    ; Type                                ;
+----------------+----------+-------------------------------------+
; TEST_INTERVAL  ; 50000000 ; Signed Integer                      ;
+----------------+----------+-------------------------------------+
Note: In order to hide this table in the UI and the text report file, please set the "Show Parameter Settings in Synthesis Report" option in "Analysis and Synthesis Settings -> More Settings" to "Off".


+---------------------------------------------------------------------+
; Parameter Settings for User Entity Instance: spi_master:master_inst ;
+----------------+----------+-----------------------------------------+
; Parameter Name ; Value    ; Type                                    ;
+----------------+----------+-----------------------------------------+
; CLK_FREQ       ; 50000000 ; Signed Integer                          ;
; SPI_FREQ       ; 1000000  ; Signed Integer                          ;
+----------------+----------+-----------------------------------------+
Note: In order to hide this table in the UI and the text report file, please set the "Show Parameter Settings in Synthesis Report" option in "Analysis and Synthesis Settings -> More Settings" to "Off".


+-----------------------------------------------------+
; Post-Synthesis Netlist Statistics for Top Partition ;
+-----------------------+-----------------------------+
; Type                  ; Count                       ;
+-----------------------+-----------------------------+
; arriav_ff             ; 139                         ;
;     CLR               ; 31                          ;
;     ENA CLR           ; 78                          ;
;     ENA CLR SCLR      ; 30                          ;
; arriav_lcell_comb     ; 133                         ;
;     arith             ; 26                          ;
;         1 data inputs ; 26                          ;
;     normal            ; 107                         ;
;         0 data inputs ; 2                           ;
;         1 data inputs ; 6                           ;
;         2 data inputs ; 10                          ;
;         3 data inputs ; 26                          ;
;         4 data inputs ; 27                          ;
;         5 data inputs ; 4                           ;
;         6 data inputs ; 32                          ;
; boundary_port         ; 67                          ;
;                       ;                             ;
; Max LUT depth         ; 3.50                        ;
; Average LUT depth     ; 1.76                        ;
+-----------------------+-----------------------------+


+-------------------------------+
; Elapsed Time Per Partition    ;
+----------------+--------------+
; Partition Name ; Elapsed Time ;
+----------------+--------------+
; Top            ; 00:00:01     ;
+----------------+--------------+


+-------------------------------+
; Analysis & Synthesis Messages ;
+-------------------------------+
Info: *******************************************************************
Info: Running Quartus Prime Analysis & Synthesis
    Info: Version 16.1.0 Build 196 10/24/2016 SJ Standard Edition
    Info: Processing started: Mon Aug 10 17:38:48 2026
Info: Command: quartus_map --read_settings_files=on --write_settings_files=off spi -c spi
Warning (18236): Number of processors has not been specified which may cause overloading on shared machines.  Set the global assignment NUM_PARALLEL_PROCESSORS in your QSF to an appropriate value for best performance.
Info (20030): Parallel compilation is enabled and will use 6 of the 6 processors detected
Info (12021): Found 1 design units, including 1 entities, in source file /intelfpga/prj/spi/rtl/spi_slave.v
    Info (12023): Found entity 1: spi_slave File: C:/intelFPGA/prj/SPI/RTL/spi_slave.v Line: 12
Info (12021): Found 1 design units, including 1 entities, in source file /intelfpga/prj/spi/rtl/spi_master.v
    Info (12023): Found entity 1: spi_master File: C:/intelFPGA/prj/SPI/RTL/spi_master.v Line: 12
Info (12021): Found 1 design units, including 1 entities, in source file /intelfpga/prj/spi/rtl/spi_bist.v
    Info (12023): Found entity 1: spi_bist File: C:/intelFPGA/prj/SPI/RTL/spi_bist.v Line: 9
Info (12021): Found 2 design units, including 2 entities, in source file /intelfpga/prj/spi/rtl/spi.v
    Info (12023): Found entity 1: spi File: C:/intelFPGA/prj/SPI/RTL/spi.v Line: 9
    Info (12023): Found entity 2: hex_decoder File: C:/intelFPGA/prj/SPI/RTL/spi.v Line: 174
Info (12127): Elaborating entity "spi" for the top level hierarchy
Info (12128): Elaborating entity "spi_bist" for hierarchy "spi_bist:bist_inst" File: C:/intelFPGA/prj/SPI/RTL/spi.v Line: 98
Info (12128): Elaborating entity "spi_master" for hierarchy "spi_master:master_inst" File: C:/intelFPGA/prj/SPI/RTL/spi.v Line: 120
Info (12128): Elaborating entity "spi_slave" for hierarchy "spi_slave:slave_inst" File: C:/intelFPGA/prj/SPI/RTL/spi.v Line: 137
Info (12128): Elaborating entity "hex_decoder" for hierarchy "hex_decoder:hex_rx_lsb" File: C:/intelFPGA/prj/SPI/RTL/spi.v Line: 158
Warning (13024): Output pins are stuck at VCC or GND
    Warning (13410): Pin "LEDR[0]" is stuck at GND File: C:/intelFPGA/prj/SPI/RTL/spi.v Line: 18
    Warning (13410): Pin "LEDR[1]" is stuck at GND File: C:/intelFPGA/prj/SPI/RTL/spi.v Line: 18
    Warning (13410): Pin "LEDR[2]" is stuck at GND File: C:/intelFPGA/prj/SPI/RTL/spi.v Line: 18
    Warning (13410): Pin "LEDR[3]" is stuck at GND File: C:/intelFPGA/prj/SPI/RTL/spi.v Line: 18
    Warning (13410): Pin "LEDR[4]" is stuck at GND File: C:/intelFPGA/prj/SPI/RTL/spi.v Line: 18
    Warning (13410): Pin "LEDR[5]" is stuck at GND File: C:/intelFPGA/prj/SPI/RTL/spi.v Line: 18
    Warning (13410): Pin "LEDR[6]" is stuck at GND File: C:/intelFPGA/prj/SPI/RTL/spi.v Line: 18
    Warning (13410): Pin "HEX3[0]" is stuck at GND File: C:/intelFPGA/prj/SPI/RTL/spi.v Line: 22
    Warning (13410): Pin "HEX3[5]" is stuck at GND File: C:/intelFPGA/prj/SPI/RTL/spi.v Line: 22
    Warning (13410): Pin "HEX4[0]" is stuck at VCC File: C:/intelFPGA/prj/SPI/RTL/spi.v Line: 23
    Warning (13410): Pin "HEX4[1]" is stuck at VCC File: C:/intelFPGA/prj/SPI/RTL/spi.v Line: 23
    Warning (13410): Pin "HEX4[2]" is stuck at VCC File: C:/intelFPGA/prj/SPI/RTL/spi.v Line: 23
    Warning (13410): Pin "HEX4[3]" is stuck at VCC File: C:/intelFPGA/prj/SPI/RTL/spi.v Line: 23
    Warning (13410): Pin "HEX4[4]" is stuck at VCC File: C:/intelFPGA/prj/SPI/RTL/spi.v Line: 23
    Warning (13410): Pin "HEX4[5]" is stuck at VCC File: C:/intelFPGA/prj/SPI/RTL/spi.v Line: 23
    Warning (13410): Pin "HEX4[6]" is stuck at VCC File: C:/intelFPGA/prj/SPI/RTL/spi.v Line: 23
    Warning (13410): Pin "HEX5[0]" is stuck at VCC File: C:/intelFPGA/prj/SPI/RTL/spi.v Line: 28
    Warning (13410): Pin "HEX5[1]" is stuck at VCC File: C:/intelFPGA/prj/SPI/RTL/spi.v Line: 28
    Warning (13410): Pin "HEX5[2]" is stuck at VCC File: C:/intelFPGA/prj/SPI/RTL/spi.v Line: 28
    Warning (13410): Pin "HEX5[3]" is stuck at VCC File: C:/intelFPGA/prj/SPI/RTL/spi.v Line: 28
    Warning (13410): Pin "HEX5[4]" is stuck at VCC File: C:/intelFPGA/prj/SPI/RTL/spi.v Line: 28
    Warning (13410): Pin "HEX5[5]" is stuck at VCC File: C:/intelFPGA/prj/SPI/RTL/spi.v Line: 28
    Warning (13410): Pin "HEX5[6]" is stuck at VCC File: C:/intelFPGA/prj/SPI/RTL/spi.v Line: 28
Info (286030): Timing-Driven Synthesis is running
Info (17049): 6 registers lost all their fanouts during netlist optimizations.
Info (16010): Generating hard_block partition "hard_block:auto_generated_inst"
    Info (16011): Adding 0 node(s), including 0 DDIO, 0 PLL, 0 transceiver and 0 LCELL
Warning (21074): Design contains 11 input pin(s) that do not drive logic
    Warning (15610): No output dependent on input pin "KEY[2]" File: C:/intelFPGA/prj/SPI/RTL/spi.v Line: 14
    Warning (15610): No output dependent on input pin "KEY[3]" File: C:/intelFPGA/prj/SPI/RTL/spi.v Line: 14
    Warning (15610): No output dependent on input pin "SW[1]" File: C:/intelFPGA/prj/SPI/RTL/spi.v Line: 15
    Warning (15610): No output dependent on input pin "SW[2]" File: C:/intelFPGA/prj/SPI/RTL/spi.v Line: 15
    Warning (15610): No output dependent on input pin "SW[3]" File: C:/intelFPGA/prj/SPI/RTL/spi.v Line: 15
    Warning (15610): No output dependent on input pin "SW[4]" File: C:/intelFPGA/prj/SPI/RTL/spi.v Line: 15
    Warning (15610): No output dependent on input pin "SW[5]" File: C:/intelFPGA/prj/SPI/RTL/spi.v Line: 15
    Warning (15610): No output dependent on input pin "SW[6]" File: C:/intelFPGA/prj/SPI/RTL/spi.v Line: 15
    Warning (15610): No output dependent on input pin "SW[7]" File: C:/intelFPGA/prj/SPI/RTL/spi.v Line: 15
    Warning (15610): No output dependent on input pin "SW[8]" File: C:/intelFPGA/prj/SPI/RTL/spi.v Line: 15
    Warning (15610): No output dependent on input pin "SW[9]" File: C:/intelFPGA/prj/SPI/RTL/spi.v Line: 15
Info (21057): Implemented 258 device resources after synthesis - the final resource count might be different
    Info (21058): Implemented 15 input pins
    Info (21059): Implemented 52 output pins
    Info (21061): Implemented 191 logic cells
Info: Quartus Prime Analysis & Synthesis was successful. 0 errors, 37 warnings
    Info: Peak virtual memory: 13434 megabytes
    Info: Processing ended: Mon Aug 10 17:39:26 2026
    Info: Elapsed time: 00:00:38
    Info: Total CPU time (on all processors): 00:01:08


