Assembler report for hps
Tue Aug 04 11:25:53 2026
Quartus Prime Version 16.1.0 Build 196 10/24/2016 SJ Standard Edition


---------------------
; Table of Contents ;
---------------------
  1. Legal Notice
  2. Assembler Summary
  3. Assembler Settings
  4. Assembler Encrypted IP Cores Summary
  5. Assembler Generated Files
  6. Assembler Device Options: C:/intelFPGA/prj/hps_pio/hps.sof
  7. Assembler Messages



----------------
; Legal Notice ;
----------------
Copyright (C) 2016  Intel Corporation. All rights reserved.
Your use of Intel Corporation's design tools, logic functions 
and other software and tools, and its AMPP partner logic 
functions, and any output files from any of the foregoing 
(including device programming or simulation files), and any 
associated documentation or information are expressly subject 
to the terms and conditions of the Intel Program License 
Subscription Agreement, the Intel Quartus Prime License Agreement,
the Intel MegaCore Function License Agreement, or other 
applicable license agreement, including, without limitation, 
that your use is for the sole purpose of programming logic 
devices manufactured by Intel and sold by Intel or its 
authorized distributors.  Please refer to the applicable 
agreement for further details.



+---------------------------------------------------------------+
; Assembler Summary                                             ;
+-----------------------+---------------------------------------+
; Assembler Status      ; Successful - Tue Aug 04 11:25:53 2026 ;
; Revision Name         ; hps                                   ;
; Top-level Entity Name ; hps                                   ;
; Family                ; Cyclone V                             ;
; Device                ; 5CSXFC6D6F31C6                        ;
+-----------------------+---------------------------------------+


+----------------------------------+
; Assembler Settings               ;
+--------+---------+---------------+
; Option ; Setting ; Default Value ;
+--------+---------+---------------+


+------------------------------------------------+
; Assembler Encrypted IP Cores Summary           ;
+--------+------------------------+--------------+
; Vendor ; IP Core Name           ; License Type ;
+--------+------------------------+--------------+
; Altera ; Signal Tap (6AF7 BCE1) ; Licensed     ;
; Altera ; Signal Tap (6AF7 BCEC) ; Licensed     ;
+--------+------------------------+--------------+


+----------------------------------+
; Assembler Generated Files        ;
+----------------------------------+
; File Name                        ;
+----------------------------------+
; C:/intelFPGA/prj/hps_pio/hps.sof ;
+----------------------------------+


+------------------------------------------------------------+
; Assembler Device Options: C:/intelFPGA/prj/hps_pio/hps.sof ;
+----------------+-------------------------------------------+
; Option         ; Setting                                   ;
+----------------+-------------------------------------------+
; Device         ; 5CSXFC6D6F31C6                            ;
; JTAG usercode  ; 0x01BDC41A                                ;
; Checksum       ; 0x01BDC41A                                ;
+----------------+-------------------------------------------+


+--------------------+
; Assembler Messages ;
+--------------------+
Info: *******************************************************************
Info: Running Quartus Prime Assembler
    Info: Version 16.1.0 Build 196 10/24/2016 SJ Standard Edition
    Info: Processing started: Tue Aug 04 11:25:20 2026
Info: Command: quartus_asm --read_settings_files=off --write_settings_files=off hps -c hps
Warning (18236): Number of processors has not been specified which may cause overloading on shared machines.  Set the global assignment NUM_PARALLEL_PROCESSORS in your QSF to an appropriate value for best performance.
Info (115030): Assembler is generating device programming files
Info (11878): Hard Processor Subsystem configuration has not changed and a Preloader software update is not required
Info: Quartus Prime Assembler was successful. 0 errors, 1 warning
    Info: Peak virtual memory: 13530 megabytes
    Info: Processing ended: Tue Aug 04 11:25:54 2026
    Info: Elapsed time: 00:00:34
    Info: Total CPU time (on all processors): 00:00:33


