Analysis & Synthesis report for fpga_vga
Sat Aug  1 12:37:33 2026
Quartus Prime Version 25.1std.0 Build 1129 10/21/2025 SC Lite Edition


---------------------
; Table of Contents ;
---------------------
  1. Legal Notice
  2. Analysis & Synthesis Summary
  3. Analysis & Synthesis Settings
  4. Parallel Compilation
  5. Analysis & Synthesis Source Files Read
  6. Analysis & Synthesis Resource Usage Summary
  7. Analysis & Synthesis Resource Utilization by Entity
  8. Analysis & Synthesis IP Cores Summary
  9. General Register Statistics
 10. Inverted Register Statistics
 11. Parameter Settings for User Entity Instance: pll_25m175:u_pll|pll_25m175_0002:pll_25m175_inst|altera_pll:altera_pll_i
 12. Parameter Settings for User Entity Instance: vga_timing:u_vga_timing
 13. Port Connectivity Checks: "pll_25m175:u_pll"
 14. Post-Synthesis Netlist Statistics for Top Partition
 15. Elapsed Time Per Partition
 16. Analysis & Synthesis Messages



----------------
; Legal Notice ;
----------------
Copyright (C) 2025  Altera Corporation. All rights reserved.
Your use of Altera Corporation's design tools, logic functions 
and other software and tools, and any partner logic 
functions, and any output files from any of the foregoing 
(including device programming or simulation files), and any 
associated documentation or information are expressly subject 
to the terms and conditions of the Altera Program License 
Subscription Agreement, the Altera Quartus Prime License Agreement,
the Altera IP License Agreement, or other applicable license
agreement, including, without limitation, that your use is for
the sole purpose of programming logic devices manufactured by
Altera and sold by Altera or its authorized distributors.  Please
refer to the Altera Software License Subscription Agreements 
on the Quartus Prime software download page.



+-----------------------------------------------------------------------------------+
; Analysis & Synthesis Summary                                                      ;
+---------------------------------+-------------------------------------------------+
; Analysis & Synthesis Status     ; Successful - Sat Aug  1 12:37:33 2026           ;
; Quartus Prime Version           ; 25.1std.0 Build 1129 10/21/2025 SC Lite Edition ;
; Revision Name                   ; fpga_vga                                        ;
; Top-level Entity Name           ; fpga_vga                                        ;
; Family                          ; Cyclone V                                       ;
; Logic utilization (in ALMs)     ; N/A                                             ;
; Total registers                 ; 23                                              ;
; Total pins                      ; 138                                             ;
; Total virtual pins              ; 0                                               ;
; Total block memory bits         ; 0                                               ;
; Total DSP Blocks                ; 0                                               ;
; Total HSSI RX PCSs              ; 0                                               ;
; Total HSSI PMA RX Deserializers ; 0                                               ;
; Total HSSI TX PCSs              ; 0                                               ;
; Total HSSI PMA TX Serializers   ; 0                                               ;
; Total PLLs                      ; 1                                               ;
; Total DLLs                      ; 0                                               ;
+---------------------------------+-------------------------------------------------+


+---------------------------------------------------------------------------------------------------------------------------+
; Analysis & Synthesis Settings                                                                                             ;
+---------------------------------------------------------------------------------+--------------------+--------------------+
; Option                                                                          ; Setting            ; Default Value      ;
+---------------------------------------------------------------------------------+--------------------+--------------------+
; Device                                                                          ; 5CSXFC6D6F31C6     ;                    ;
; Top-level entity name                                                           ; fpga_vga           ; fpga_vga           ;
; Family name                                                                     ; Cyclone V          ; Cyclone V          ;
; Use smart compilation                                                           ; On                 ; Off                ;
; Maximum processors allowed for parallel compilation                             ; All                ;                    ;
; Enable parallel Assembler and Timing Analyzer during compilation                ; On                 ; On                 ;
; Enable compact report table                                                     ; Off                ; Off                ;
; Restructure Multiplexers                                                        ; Auto               ; Auto               ;
; MLAB Add Timing Constraints For Mixed-Port Feed-Through Mode Setting Don't Care ; Off                ; Off                ;
; Create Debugging Nodes for IP Cores                                             ; Off                ; Off                ;
; Preserve fewer node names                                                       ; On                 ; On                 ;
; Intel FPGA IP Evaluation Mode                                                   ; Enable             ; Enable             ;
; Verilog Version                                                                 ; Verilog_2001       ; Verilog_2001       ;
; VHDL Version                                                                    ; VHDL_1993          ; VHDL_1993          ;
; State Machine Processing                                                        ; Auto               ; Auto               ;
; Safe State Machine                                                              ; Off                ; Off                ;
; Extract Verilog State Machines                                                  ; On                 ; On                 ;
; Extract VHDL State Machines                                                     ; On                 ; On                 ;
; Ignore Verilog initial constructs                                               ; Off                ; Off                ;
; Iteration limit for constant Verilog loops                                      ; 5000               ; 5000               ;
; Iteration limit for non-constant Verilog loops                                  ; 250                ; 250                ;
; Add Pass-Through Logic to Inferred RAMs                                         ; On                 ; On                 ;
; Infer RAMs from Raw Logic                                                       ; On                 ; On                 ;
; Parallel Synthesis                                                              ; On                 ; On                 ;
; DSP Block Balancing                                                             ; Auto               ; Auto               ;
; NOT Gate Push-Back                                                              ; On                 ; On                 ;
; Power-Up Don't Care                                                             ; On                 ; On                 ;
; Remove Redundant Logic Cells                                                    ; Off                ; Off                ;
; Remove Duplicate Registers                                                      ; On                 ; On                 ;
; Ignore CARRY Buffers                                                            ; Off                ; Off                ;
; Ignore CASCADE Buffers                                                          ; Off                ; Off                ;
; Ignore GLOBAL Buffers                                                           ; Off                ; Off                ;
; Ignore ROW GLOBAL Buffers                                                       ; Off                ; Off                ;
; Ignore LCELL Buffers                                                            ; Off                ; Off                ;
; Ignore SOFT Buffers                                                             ; On                 ; On                 ;
; Limit AHDL Integers to 32 Bits                                                  ; Off                ; Off                ;
; Optimization Technique                                                          ; Balanced           ; Balanced           ;
; Carry Chain Length                                                              ; 70                 ; 70                 ;
; Auto Carry Chains                                                               ; On                 ; On                 ;
; Auto Open-Drain Pins                                                            ; On                 ; On                 ;
; Perform WYSIWYG Primitive Resynthesis                                           ; Off                ; Off                ;
; Auto ROM Replacement                                                            ; On                 ; On                 ;
; Auto RAM Replacement                                                            ; On                 ; On                 ;
; Auto DSP Block Replacement                                                      ; On                 ; On                 ;
; Auto Shift Register Replacement                                                 ; Auto               ; Auto               ;
; Allow Shift Register Merging across Hierarchies                                 ; Auto               ; Auto               ;
; Auto Clock Enable Replacement                                                   ; On                 ; On                 ;
; Strict RAM Replacement                                                          ; Off                ; Off                ;
; Allow Synchronous Control Signals                                               ; On                 ; On                 ;
; Force Use of Synchronous Clear Signals                                          ; Off                ; Off                ;
; Auto Resource Sharing                                                           ; Off                ; Off                ;
; Allow Any RAM Size For Recognition                                              ; Off                ; Off                ;
; Allow Any ROM Size For Recognition                                              ; Off                ; Off                ;
; Allow Any Shift Register Size For Recognition                                   ; Off                ; Off                ;
; Use LogicLock Constraints during Resource Balancing                             ; On                 ; On                 ;
; Ignore translate_off and synthesis_off directives                               ; Off                ; Off                ;
; Timing-Driven Synthesis                                                         ; On                 ; On                 ;
; Report Parameter Settings                                                       ; On                 ; On                 ;
; Report Source Assignments                                                       ; On                 ; On                 ;
; Report Connectivity Checks                                                      ; On                 ; On                 ;
; Ignore Maximum Fan-Out Assignments                                              ; Off                ; Off                ;
; Synchronization Register Chain Length                                           ; 3                  ; 3                  ;
; Power Optimization During Synthesis                                             ; Normal compilation ; Normal compilation ;
; HDL message level                                                               ; Level2             ; Level2             ;
; Suppress Register Optimization Related Messages                                 ; Off                ; Off                ;
; Number of Removed Registers Reported in Synthesis Report                        ; 5000               ; 5000               ;
; Number of Swept Nodes Reported in Synthesis Report                              ; 5000               ; 5000               ;
; Number of Inverted Registers Reported in Synthesis Report                       ; 100                ; 100                ;
; Clock MUX Protection                                                            ; On                 ; On                 ;
; Auto Gated Clock Conversion                                                     ; Off                ; Off                ;
; Block Design Naming                                                             ; Auto               ; Auto               ;
; SDC constraint protection                                                       ; Off                ; Off                ;
; Synthesis Effort                                                                ; Auto               ; Auto               ;
; Shift Register Replacement - Allow Asynchronous Clear Signal                    ; On                 ; On                 ;
; Pre-Mapping Resynthesis Optimization                                            ; Off                ; Off                ;
; Analysis & Synthesis Message Level                                              ; Medium             ; Medium             ;
; Disable Register Merging Across Hierarchies                                     ; Auto               ; Auto               ;
; Resource Aware Inference For Block RAM                                          ; On                 ; On                 ;
; Automatic Parallel Synthesis                                                    ; On                 ; On                 ;
; Partial Reconfiguration Bitstream ID                                            ; Off                ; Off                ;
+---------------------------------------------------------------------------------+--------------------+--------------------+


+------------------------------------------+
; Parallel Compilation                     ;
+----------------------------+-------------+
; Processors                 ; Number      ;
+----------------------------+-------------+
; Number detected on machine ; 5           ;
; Maximum allowed            ; 5           ;
;                            ;             ;
; Average used               ; 1.00        ;
; Maximum used               ; 5           ;
;                            ;             ;
; Usage by Processor         ; % Time Used ;
;     Processor 1            ; 100.0%      ;
;     Processors 2-5         ;   0.0%      ;
+----------------------------+-------------+


+-----------------------------------------------------------------------------------------------------------------------------------------------------------------------------------------+
; Analysis & Synthesis Source Files Read                                                                                                                                                  ;
+----------------------------------+-----------------+------------------------------+----------------------------------------------------------------------------------------+------------+
; File Name with User-Entered Path ; Used in Netlist ; File Type                    ; File Name with Absolute Path                                                           ; Library    ;
+----------------------------------+-----------------+------------------------------+----------------------------------------------------------------------------------------+------------+
; ../RTL/vga_timing.v              ; yes             ; User Verilog HDL File        ; C:/ThucTap/DE10-Standard_FPGA_EKB/04_Projects/VGA/RTL/vga_timing.v                     ;            ;
; ../RTL/color_bar_pattern.v       ; yes             ; User Verilog HDL File        ; C:/ThucTap/DE10-Standard_FPGA_EKB/04_Projects/VGA/RTL/color_bar_pattern.v              ;            ;
; pll_25m175.v                     ; yes             ; User Wizard-Generated File   ; C:/ThucTap/DE10-Standard_FPGA_EKB/04_Projects/VGA/Quartus/pll_25m175.v                 ; pll_25m175 ;
; pll_25m175/pll_25m175_0002.v     ; yes             ; User Verilog HDL File        ; C:/ThucTap/DE10-Standard_FPGA_EKB/04_Projects/VGA/Quartus/pll_25m175/pll_25m175_0002.v ; pll_25m175 ;
; fpga_vga.v                       ; yes             ; Auto-Found Verilog HDL File  ; C:/ThucTap/DE10-Standard_FPGA_EKB/04_Projects/VGA/Quartus/fpga_vga.v                   ;            ;
; altera_pll.v                     ; yes             ; Megafunction                 ; c:/altera_lite/25.1std/quartus/libraries/megafunctions/altera_pll.v                    ;            ;
+----------------------------------+-----------------+------------------------------+----------------------------------------------------------------------------------------+------------+


+---------------------------------------------------------------------------------------------------------------------------------------+
; Analysis & Synthesis Resource Usage Summary                                                                                           ;
+---------------------------------------------+-----------------------------------------------------------------------------------------+
; Resource                                    ; Usage                                                                                   ;
+---------------------------------------------+-----------------------------------------------------------------------------------------+
; Estimate of Logic utilization (ALMs needed) ; 19                                                                                      ;
;                                             ;                                                                                         ;
; Combinational ALUT usage for logic          ; 33                                                                                      ;
;     -- 7 input functions                    ; 0                                                                                       ;
;     -- 6 input functions                    ; 4                                                                                       ;
;     -- 5 input functions                    ; 6                                                                                       ;
;     -- 4 input functions                    ; 1                                                                                       ;
;     -- <=3 input functions                  ; 22                                                                                      ;
;                                             ;                                                                                         ;
; Dedicated logic registers                   ; 23                                                                                      ;
;                                             ;                                                                                         ;
; I/O pins                                    ; 138                                                                                     ;
;                                             ;                                                                                         ;
; Total DSP Blocks                            ; 0                                                                                       ;
;                                             ;                                                                                         ;
; Total PLLs                                  ; 1                                                                                       ;
;     -- PLLs                                 ; 1                                                                                       ;
;                                             ;                                                                                         ;
; Maximum fan-out node                        ; pll_25m175:u_pll|pll_25m175_0002:pll_25m175_inst|altera_pll:altera_pll_i|outclk_wire[0] ;
; Maximum fan-out                             ; 25                                                                                      ;
; Total fan-out                               ; 384                                                                                     ;
; Average fan-out                             ; 1.10                                                                                    ;
+---------------------------------------------+-----------------------------------------------------------------------------------------+


+--------------------------------------------------------------------------------------------------------------------------------------------------------------------------------------------------------------------------------------------------------------------------+
; Analysis & Synthesis Resource Utilization by Entity                                                                                                                                                                                                                      ;
+-----------------------------------------+---------------------+---------------------------+-------------------+------------+------+--------------+------------------------------------------------------------------------------------+-------------------+--------------+
; Compilation Hierarchy Node              ; Combinational ALUTs ; Dedicated Logic Registers ; Block Memory Bits ; DSP Blocks ; Pins ; Virtual Pins ; Full Hierarchy Name                                                                ; Entity Name       ; Library Name ;
+-----------------------------------------+---------------------+---------------------------+-------------------+------------+------+--------------+------------------------------------------------------------------------------------+-------------------+--------------+
; |fpga_vga                               ; 33 (0)              ; 23 (0)                    ; 0                 ; 0          ; 138  ; 0            ; |fpga_vga                                                                          ; fpga_vga          ; work         ;
;    |color_bar_pattern:u_color_bar|      ; 4 (4)               ; 0 (0)                     ; 0                 ; 0          ; 0    ; 0            ; |fpga_vga|color_bar_pattern:u_color_bar                                            ; color_bar_pattern ; work         ;
;    |pll_25m175:u_pll|                   ; 0 (0)               ; 0 (0)                     ; 0                 ; 0          ; 0    ; 0            ; |fpga_vga|pll_25m175:u_pll                                                         ; pll_25m175        ; pll_25m175   ;
;       |pll_25m175_0002:pll_25m175_inst| ; 0 (0)               ; 0 (0)                     ; 0                 ; 0          ; 0    ; 0            ; |fpga_vga|pll_25m175:u_pll|pll_25m175_0002:pll_25m175_inst                         ; pll_25m175_0002   ; pll_25m175   ;
;          |altera_pll:altera_pll_i|      ; 0 (0)               ; 0 (0)                     ; 0                 ; 0          ; 0    ; 0            ; |fpga_vga|pll_25m175:u_pll|pll_25m175_0002:pll_25m175_inst|altera_pll:altera_pll_i ; altera_pll        ; work         ;
;    |vga_timing:u_vga_timing|            ; 29 (29)             ; 23 (23)                   ; 0                 ; 0          ; 0    ; 0            ; |fpga_vga|vga_timing:u_vga_timing                                                  ; vga_timing        ; work         ;
+-----------------------------------------+---------------------+---------------------------+-------------------+------------+------+--------------+------------------------------------------------------------------------------------+-------------------+--------------+
Note: For table entries with two numbers listed, the numbers in parentheses indicate the number of resources of the given type used by the specific entity alone. The numbers listed outside of parentheses indicate the total resources of the given type used by the specific entity and all of its sub-entities in the hierarchy.


+--------------------------------------------------------------------------------------------------------------+
; Analysis & Synthesis IP Cores Summary                                                                        ;
+--------+--------------+---------+--------------+--------------+----------------------------+-----------------+
; Vendor ; IP Core Name ; Version ; Release Date ; License Type ; Entity Instance            ; IP Include File ;
+--------+--------------+---------+--------------+--------------+----------------------------+-----------------+
; Altera ; altera_pll   ; 25.1    ; N/A          ; N/A          ; |fpga_vga|pll_25m175:u_pll ; pll_25m175.v    ;
+--------+--------------+---------+--------------+--------------+----------------------------+-----------------+


+------------------------------------------------------+
; General Register Statistics                          ;
+----------------------------------------------+-------+
; Statistic                                    ; Value ;
+----------------------------------------------+-------+
; Total registers                              ; 23    ;
; Number of registers using Synchronous Clear  ; 20    ;
; Number of registers using Synchronous Load   ; 0     ;
; Number of registers using Asynchronous Clear ; 23    ;
; Number of registers using Asynchronous Load  ; 0     ;
; Number of registers using Clock Enable       ; 10    ;
; Number of registers using Preset             ; 0     ;
+----------------------------------------------+-------+


+--------------------------------------------------+
; Inverted Register Statistics                     ;
+----------------------------------------+---------+
; Inverted Register                      ; Fan out ;
+----------------------------------------+---------+
; vga_timing:u_vga_timing|hsync          ; 1       ;
; vga_timing:u_vga_timing|vsync          ; 1       ;
; Total number of inverted registers = 2 ;         ;
+----------------------------------------+---------+


+-----------------------------------------------------------------------------------------------------------------------+
; Parameter Settings for User Entity Instance: pll_25m175:u_pll|pll_25m175_0002:pll_25m175_inst|altera_pll:altera_pll_i ;
+--------------------------------------+------------------------+-------------------------------------------------------+
; Parameter Name                       ; Value                  ; Type                                                  ;
+--------------------------------------+------------------------+-------------------------------------------------------+
; reference_clock_frequency            ; 50.0 MHz               ; String                                                ;
; fractional_vco_multiplier            ; false                  ; String                                                ;
; pll_type                             ; General                ; String                                                ;
; pll_subtype                          ; General                ; String                                                ;
; number_of_clocks                     ; 1                      ; Signed Integer                                        ;
; operation_mode                       ; direct                 ; String                                                ;
; deserialization_factor               ; 4                      ; Signed Integer                                        ;
; data_rate                            ; 0                      ; Signed Integer                                        ;
; sim_additional_refclk_cycles_to_lock ; 0                      ; Signed Integer                                        ;
; output_clock_frequency0              ; 25.175644 MHz          ; String                                                ;
; phase_shift0                         ; 0 ps                   ; String                                                ;
; duty_cycle0                          ; 50                     ; Signed Integer                                        ;
; output_clock_frequency1              ; 0 MHz                  ; String                                                ;
; phase_shift1                         ; 0 ps                   ; String                                                ;
; duty_cycle1                          ; 50                     ; Signed Integer                                        ;
; output_clock_frequency2              ; 0 MHz                  ; String                                                ;
; phase_shift2                         ; 0 ps                   ; String                                                ;
; duty_cycle2                          ; 50                     ; Signed Integer                                        ;
; output_clock_frequency3              ; 0 MHz                  ; String                                                ;
; phase_shift3                         ; 0 ps                   ; String                                                ;
; duty_cycle3                          ; 50                     ; Signed Integer                                        ;
; output_clock_frequency4              ; 0 MHz                  ; String                                                ;
; phase_shift4                         ; 0 ps                   ; String                                                ;
; duty_cycle4                          ; 50                     ; Signed Integer                                        ;
; output_clock_frequency5              ; 0 MHz                  ; String                                                ;
; phase_shift5                         ; 0 ps                   ; String                                                ;
; duty_cycle5                          ; 50                     ; Signed Integer                                        ;
; output_clock_frequency6              ; 0 MHz                  ; String                                                ;
; phase_shift6                         ; 0 ps                   ; String                                                ;
; duty_cycle6                          ; 50                     ; Signed Integer                                        ;
; output_clock_frequency7              ; 0 MHz                  ; String                                                ;
; phase_shift7                         ; 0 ps                   ; String                                                ;
; duty_cycle7                          ; 50                     ; Signed Integer                                        ;
; output_clock_frequency8              ; 0 MHz                  ; String                                                ;
; phase_shift8                         ; 0 ps                   ; String                                                ;
; duty_cycle8                          ; 50                     ; Signed Integer                                        ;
; output_clock_frequency9              ; 0 MHz                  ; String                                                ;
; phase_shift9                         ; 0 ps                   ; String                                                ;
; duty_cycle9                          ; 50                     ; Signed Integer                                        ;
; output_clock_frequency10             ; 0 MHz                  ; String                                                ;
; phase_shift10                        ; 0 ps                   ; String                                                ;
; duty_cycle10                         ; 50                     ; Signed Integer                                        ;
; output_clock_frequency11             ; 0 MHz                  ; String                                                ;
; phase_shift11                        ; 0 ps                   ; String                                                ;
; duty_cycle11                         ; 50                     ; Signed Integer                                        ;
; output_clock_frequency12             ; 0 MHz                  ; String                                                ;
; phase_shift12                        ; 0 ps                   ; String                                                ;
; duty_cycle12                         ; 50                     ; Signed Integer                                        ;
; output_clock_frequency13             ; 0 MHz                  ; String                                                ;
; phase_shift13                        ; 0 ps                   ; String                                                ;
; duty_cycle13                         ; 50                     ; Signed Integer                                        ;
; output_clock_frequency14             ; 0 MHz                  ; String                                                ;
; phase_shift14                        ; 0 ps                   ; String                                                ;
; duty_cycle14                         ; 50                     ; Signed Integer                                        ;
; output_clock_frequency15             ; 0 MHz                  ; String                                                ;
; phase_shift15                        ; 0 ps                   ; String                                                ;
; duty_cycle15                         ; 50                     ; Signed Integer                                        ;
; output_clock_frequency16             ; 0 MHz                  ; String                                                ;
; phase_shift16                        ; 0 ps                   ; String                                                ;
; duty_cycle16                         ; 50                     ; Signed Integer                                        ;
; output_clock_frequency17             ; 0 MHz                  ; String                                                ;
; phase_shift17                        ; 0 ps                   ; String                                                ;
; duty_cycle17                         ; 50                     ; Signed Integer                                        ;
; clock_name_0                         ;                        ; String                                                ;
; clock_name_1                         ;                        ; String                                                ;
; clock_name_2                         ;                        ; String                                                ;
; clock_name_3                         ;                        ; String                                                ;
; clock_name_4                         ;                        ; String                                                ;
; clock_name_5                         ;                        ; String                                                ;
; clock_name_6                         ;                        ; String                                                ;
; clock_name_7                         ;                        ; String                                                ;
; clock_name_8                         ;                        ; String                                                ;
; clock_name_global_0                  ; false                  ; String                                                ;
; clock_name_global_1                  ; false                  ; String                                                ;
; clock_name_global_2                  ; false                  ; String                                                ;
; clock_name_global_3                  ; false                  ; String                                                ;
; clock_name_global_4                  ; false                  ; String                                                ;
; clock_name_global_5                  ; false                  ; String                                                ;
; clock_name_global_6                  ; false                  ; String                                                ;
; clock_name_global_7                  ; false                  ; String                                                ;
; clock_name_global_8                  ; false                  ; String                                                ;
; m_cnt_hi_div                         ; 1                      ; Signed Integer                                        ;
; m_cnt_lo_div                         ; 1                      ; Signed Integer                                        ;
; m_cnt_bypass_en                      ; false                  ; String                                                ;
; m_cnt_odd_div_duty_en                ; false                  ; String                                                ;
; n_cnt_hi_div                         ; 1                      ; Signed Integer                                        ;
; n_cnt_lo_div                         ; 1                      ; Signed Integer                                        ;
; n_cnt_bypass_en                      ; false                  ; String                                                ;
; n_cnt_odd_div_duty_en                ; false                  ; String                                                ;
; c_cnt_hi_div0                        ; 1                      ; Signed Integer                                        ;
; c_cnt_lo_div0                        ; 1                      ; Signed Integer                                        ;
; c_cnt_bypass_en0                     ; false                  ; String                                                ;
; c_cnt_in_src0                        ; ph_mux_clk             ; String                                                ;
; c_cnt_odd_div_duty_en0               ; false                  ; String                                                ;
; c_cnt_prst0                          ; 1                      ; Signed Integer                                        ;
; c_cnt_ph_mux_prst0                   ; 0                      ; Signed Integer                                        ;
; c_cnt_hi_div1                        ; 1                      ; Signed Integer                                        ;
; c_cnt_lo_div1                        ; 1                      ; Signed Integer                                        ;
; c_cnt_bypass_en1                     ; false                  ; String                                                ;
; c_cnt_in_src1                        ; ph_mux_clk             ; String                                                ;
; c_cnt_odd_div_duty_en1               ; false                  ; String                                                ;
; c_cnt_prst1                          ; 1                      ; Signed Integer                                        ;
; c_cnt_ph_mux_prst1                   ; 0                      ; Signed Integer                                        ;
; c_cnt_hi_div2                        ; 1                      ; Signed Integer                                        ;
; c_cnt_lo_div2                        ; 1                      ; Signed Integer                                        ;
; c_cnt_bypass_en2                     ; false                  ; String                                                ;
; c_cnt_in_src2                        ; ph_mux_clk             ; String                                                ;
; c_cnt_odd_div_duty_en2               ; false                  ; String                                                ;
; c_cnt_prst2                          ; 1                      ; Signed Integer                                        ;
; c_cnt_ph_mux_prst2                   ; 0                      ; Signed Integer                                        ;
; c_cnt_hi_div3                        ; 1                      ; Signed Integer                                        ;
; c_cnt_lo_div3                        ; 1                      ; Signed Integer                                        ;
; c_cnt_bypass_en3                     ; false                  ; String                                                ;
; c_cnt_in_src3                        ; ph_mux_clk             ; String                                                ;
; c_cnt_odd_div_duty_en3               ; false                  ; String                                                ;
; c_cnt_prst3                          ; 1                      ; Signed Integer                                        ;
; c_cnt_ph_mux_prst3                   ; 0                      ; Signed Integer                                        ;
; c_cnt_hi_div4                        ; 1                      ; Signed Integer                                        ;
; c_cnt_lo_div4                        ; 1                      ; Signed Integer                                        ;
; c_cnt_bypass_en4                     ; false                  ; String                                                ;
; c_cnt_in_src4                        ; ph_mux_clk             ; String                                                ;
; c_cnt_odd_div_duty_en4               ; false                  ; String                                                ;
; c_cnt_prst4                          ; 1                      ; Signed Integer                                        ;
; c_cnt_ph_mux_prst4                   ; 0                      ; Signed Integer                                        ;
; c_cnt_hi_div5                        ; 1                      ; Signed Integer                                        ;
; c_cnt_lo_div5                        ; 1                      ; Signed Integer                                        ;
; c_cnt_bypass_en5                     ; false                  ; String                                                ;
; c_cnt_in_src5                        ; ph_mux_clk             ; String                                                ;
; c_cnt_odd_div_duty_en5               ; false                  ; String                                                ;
; c_cnt_prst5                          ; 1                      ; Signed Integer                                        ;
; c_cnt_ph_mux_prst5                   ; 0                      ; Signed Integer                                        ;
; c_cnt_hi_div6                        ; 1                      ; Signed Integer                                        ;
; c_cnt_lo_div6                        ; 1                      ; Signed Integer                                        ;
; c_cnt_bypass_en6                     ; false                  ; String                                                ;
; c_cnt_in_src6                        ; ph_mux_clk             ; String                                                ;
; c_cnt_odd_div_duty_en6               ; false                  ; String                                                ;
; c_cnt_prst6                          ; 1                      ; Signed Integer                                        ;
; c_cnt_ph_mux_prst6                   ; 0                      ; Signed Integer                                        ;
; c_cnt_hi_div7                        ; 1                      ; Signed Integer                                        ;
; c_cnt_lo_div7                        ; 1                      ; Signed Integer                                        ;
; c_cnt_bypass_en7                     ; false                  ; String                                                ;
; c_cnt_in_src7                        ; ph_mux_clk             ; String                                                ;
; c_cnt_odd_div_duty_en7               ; false                  ; String                                                ;
; c_cnt_prst7                          ; 1                      ; Signed Integer                                        ;
; c_cnt_ph_mux_prst7                   ; 0                      ; Signed Integer                                        ;
; c_cnt_hi_div8                        ; 1                      ; Signed Integer                                        ;
; c_cnt_lo_div8                        ; 1                      ; Signed Integer                                        ;
; c_cnt_bypass_en8                     ; false                  ; String                                                ;
; c_cnt_in_src8                        ; ph_mux_clk             ; String                                                ;
; c_cnt_odd_div_duty_en8               ; false                  ; String                                                ;
; c_cnt_prst8                          ; 1                      ; Signed Integer                                        ;
; c_cnt_ph_mux_prst8                   ; 0                      ; Signed Integer                                        ;
; c_cnt_hi_div9                        ; 1                      ; Signed Integer                                        ;
; c_cnt_lo_div9                        ; 1                      ; Signed Integer                                        ;
; c_cnt_bypass_en9                     ; false                  ; String                                                ;
; c_cnt_in_src9                        ; ph_mux_clk             ; String                                                ;
; c_cnt_odd_div_duty_en9               ; false                  ; String                                                ;
; c_cnt_prst9                          ; 1                      ; Signed Integer                                        ;
; c_cnt_ph_mux_prst9                   ; 0                      ; Signed Integer                                        ;
; c_cnt_hi_div10                       ; 1                      ; Signed Integer                                        ;
; c_cnt_lo_div10                       ; 1                      ; Signed Integer                                        ;
; c_cnt_bypass_en10                    ; false                  ; String                                                ;
; c_cnt_in_src10                       ; ph_mux_clk             ; String                                                ;
; c_cnt_odd_div_duty_en10              ; false                  ; String                                                ;
; c_cnt_prst10                         ; 1                      ; Signed Integer                                        ;
; c_cnt_ph_mux_prst10                  ; 0                      ; Signed Integer                                        ;
; c_cnt_hi_div11                       ; 1                      ; Signed Integer                                        ;
; c_cnt_lo_div11                       ; 1                      ; Signed Integer                                        ;
; c_cnt_bypass_en11                    ; false                  ; String                                                ;
; c_cnt_in_src11                       ; ph_mux_clk             ; String                                                ;
; c_cnt_odd_div_duty_en11              ; false                  ; String                                                ;
; c_cnt_prst11                         ; 1                      ; Signed Integer                                        ;
; c_cnt_ph_mux_prst11                  ; 0                      ; Signed Integer                                        ;
; c_cnt_hi_div12                       ; 1                      ; Signed Integer                                        ;
; c_cnt_lo_div12                       ; 1                      ; Signed Integer                                        ;
; c_cnt_bypass_en12                    ; false                  ; String                                                ;
; c_cnt_in_src12                       ; ph_mux_clk             ; String                                                ;
; c_cnt_odd_div_duty_en12              ; false                  ; String                                                ;
; c_cnt_prst12                         ; 1                      ; Signed Integer                                        ;
; c_cnt_ph_mux_prst12                  ; 0                      ; Signed Integer                                        ;
; c_cnt_hi_div13                       ; 1                      ; Signed Integer                                        ;
; c_cnt_lo_div13                       ; 1                      ; Signed Integer                                        ;
; c_cnt_bypass_en13                    ; false                  ; String                                                ;
; c_cnt_in_src13                       ; ph_mux_clk             ; String                                                ;
; c_cnt_odd_div_duty_en13              ; false                  ; String                                                ;
; c_cnt_prst13                         ; 1                      ; Signed Integer                                        ;
; c_cnt_ph_mux_prst13                  ; 0                      ; Signed Integer                                        ;
; c_cnt_hi_div14                       ; 1                      ; Signed Integer                                        ;
; c_cnt_lo_div14                       ; 1                      ; Signed Integer                                        ;
; c_cnt_bypass_en14                    ; false                  ; String                                                ;
; c_cnt_in_src14                       ; ph_mux_clk             ; String                                                ;
; c_cnt_odd_div_duty_en14              ; false                  ; String                                                ;
; c_cnt_prst14                         ; 1                      ; Signed Integer                                        ;
; c_cnt_ph_mux_prst14                  ; 0                      ; Signed Integer                                        ;
; c_cnt_hi_div15                       ; 1                      ; Signed Integer                                        ;
; c_cnt_lo_div15                       ; 1                      ; Signed Integer                                        ;
; c_cnt_bypass_en15                    ; false                  ; String                                                ;
; c_cnt_in_src15                       ; ph_mux_clk             ; String                                                ;
; c_cnt_odd_div_duty_en15              ; false                  ; String                                                ;
; c_cnt_prst15                         ; 1                      ; Signed Integer                                        ;
; c_cnt_ph_mux_prst15                  ; 0                      ; Signed Integer                                        ;
; c_cnt_hi_div16                       ; 1                      ; Signed Integer                                        ;
; c_cnt_lo_div16                       ; 1                      ; Signed Integer                                        ;
; c_cnt_bypass_en16                    ; false                  ; String                                                ;
; c_cnt_in_src16                       ; ph_mux_clk             ; String                                                ;
; c_cnt_odd_div_duty_en16              ; false                  ; String                                                ;
; c_cnt_prst16                         ; 1                      ; Signed Integer                                        ;
; c_cnt_ph_mux_prst16                  ; 0                      ; Signed Integer                                        ;
; c_cnt_hi_div17                       ; 1                      ; Signed Integer                                        ;
; c_cnt_lo_div17                       ; 1                      ; Signed Integer                                        ;
; c_cnt_bypass_en17                    ; false                  ; String                                                ;
; c_cnt_in_src17                       ; ph_mux_clk             ; String                                                ;
; c_cnt_odd_div_duty_en17              ; false                  ; String                                                ;
; c_cnt_prst17                         ; 1                      ; Signed Integer                                        ;
; c_cnt_ph_mux_prst17                  ; 0                      ; Signed Integer                                        ;
; pll_vco_div                          ; 1                      ; Signed Integer                                        ;
; pll_slf_rst                          ; false                  ; String                                                ;
; pll_bw_sel                           ; low                    ; String                                                ;
; pll_output_clk_frequency             ; 0 MHz                  ; String                                                ;
; pll_cp_current                       ; 0                      ; Signed Integer                                        ;
; pll_bwctrl                           ; 0                      ; Signed Integer                                        ;
; pll_fractional_division              ; 1                      ; Signed Integer                                        ;
; pll_fractional_cout                  ; 24                     ; Signed Integer                                        ;
; pll_dsm_out_sel                      ; 1st_order              ; String                                                ;
; mimic_fbclk_type                     ; gclk                   ; String                                                ;
; pll_fbclk_mux_1                      ; glb                    ; String                                                ;
; pll_fbclk_mux_2                      ; fb_1                   ; String                                                ;
; pll_m_cnt_in_src                     ; ph_mux_clk             ; String                                                ;
; pll_vcoph_div                        ; 1                      ; Signed Integer                                        ;
; refclk1_frequency                    ; 0 MHz                  ; String                                                ;
; pll_clkin_0_src                      ; clk_0                  ; String                                                ;
; pll_clkin_1_src                      ; clk_0                  ; String                                                ;
; pll_clk_loss_sw_en                   ; false                  ; String                                                ;
; pll_auto_clk_sw_en                   ; false                  ; String                                                ;
; pll_manu_clk_sw_en                   ; false                  ; String                                                ;
; pll_clk_sw_dly                       ; 0                      ; Signed Integer                                        ;
; pll_extclk_0_cnt_src                 ; pll_extclk_cnt_src_vss ; String                                                ;
; pll_extclk_1_cnt_src                 ; pll_extclk_cnt_src_vss ; String                                                ;
+--------------------------------------+------------------------+-------------------------------------------------------+
Note: In order to hide this table in the UI and the text report file, please set the "Show Parameter Settings in Synthesis Report" option in "Analysis and Synthesis Settings -> More Settings" to "Off".


+----------------------------------------------------------------------+
; Parameter Settings for User Entity Instance: vga_timing:u_vga_timing ;
+----------------+-------+---------------------------------------------+
; Parameter Name ; Value ; Type                                        ;
+----------------+-------+---------------------------------------------+
; H_DISPLAY      ; 640   ; Signed Integer                              ;
; H_FRONT        ; 16    ; Signed Integer                              ;
; H_SYNC         ; 96    ; Signed Integer                              ;
; H_BACK         ; 48    ; Signed Integer                              ;
; H_TOTAL        ; 800   ; Signed Integer                              ;
; V_DISPLAY      ; 480   ; Signed Integer                              ;
; V_FRONT        ; 10    ; Signed Integer                              ;
; V_SYNC         ; 2     ; Signed Integer                              ;
; V_BACK         ; 33    ; Signed Integer                              ;
; V_TOTAL        ; 525   ; Signed Integer                              ;
+----------------+-------+---------------------------------------------+
Note: In order to hide this table in the UI and the text report file, please set the "Show Parameter Settings in Synthesis Report" option in "Analysis and Synthesis Settings -> More Settings" to "Off".


+-----------------------------------------------------+
; Port Connectivity Checks: "pll_25m175:u_pll"        ;
+--------+--------+----------+------------------------+
; Port   ; Type   ; Severity ; Details                ;
+--------+--------+----------+------------------------+
; locked ; Output ; Info     ; Explicitly unconnected ;
+--------+--------+----------+------------------------+


+-----------------------------------------------------+
; Post-Synthesis Netlist Statistics for Top Partition ;
+-----------------------+-----------------------------+
; Type                  ; Count                       ;
+-----------------------+-----------------------------+
; arriav_ff             ; 23                          ;
;     CLR               ; 3                           ;
;     CLR SCLR          ; 10                          ;
;     ENA CLR SCLR      ; 10                          ;
; arriav_io_obuf        ; 16                          ;
; arriav_lcell_comb     ; 36                          ;
;     arith             ; 20                          ;
;         1 data inputs ; 20                          ;
;     normal            ; 16                          ;
;         0 data inputs ; 1                           ;
;         1 data inputs ; 2                           ;
;         2 data inputs ; 2                           ;
;         4 data inputs ; 1                           ;
;         5 data inputs ; 6                           ;
;         6 data inputs ; 4                           ;
; boundary_port         ; 138                         ;
; generic_pll           ; 1                           ;
;                       ;                             ;
; Max LUT depth         ; 2.00                        ;
; Average LUT depth     ; 1.34                        ;
+-----------------------+-----------------------------+


+-------------------------------+
; Elapsed Time Per Partition    ;
+----------------+--------------+
; Partition Name ; Elapsed Time ;
+----------------+--------------+
; Top            ; 00:00:01     ;
+----------------+--------------+


+-------------------------------+
; Analysis & Synthesis Messages ;
+-------------------------------+
Info: *******************************************************************
Info: Running Quartus Prime Analysis & Synthesis
    Info: Version 25.1std.0 Build 1129 10/21/2025 SC Lite Edition
    Info: Processing started: Sat Aug  1 12:36:59 2026
Info: Command: quartus_map --read_settings_files=on --write_settings_files=off fpga_vga -c fpga_vga
Info (20030): Parallel compilation is enabled and will use 5 of the 5 processors detected
Info (12021): Found 1 design units, including 1 entities, in source file /thuctap/de10-standard_fpga_ekb/04_projects/vga/rtl/vga_timing.v
    Info (12023): Found entity 1: vga_timing File: C:/ThucTap/DE10-Standard_FPGA_EKB/04_Projects/VGA/RTL/vga_timing.v Line: 1
Info (12021): Found 1 design units, including 1 entities, in source file /thuctap/de10-standard_fpga_ekb/04_projects/vga/rtl/color_bar_pattern.v
    Info (12023): Found entity 1: color_bar_pattern File: C:/ThucTap/DE10-Standard_FPGA_EKB/04_Projects/VGA/RTL/color_bar_pattern.v Line: 1
Info (12021): Found 1 design units, including 1 entities, in source file pll_25m175.v
    Info (12023): Found entity 1: pll_25m175 File: C:/ThucTap/DE10-Standard_FPGA_EKB/04_Projects/VGA/Quartus/pll_25m175.v Line: 8
Info (12021): Found 1 design units, including 1 entities, in source file pll_25m175/pll_25m175_0002.v
    Info (12023): Found entity 1: pll_25m175_0002 File: C:/ThucTap/DE10-Standard_FPGA_EKB/04_Projects/VGA/Quartus/pll_25m175/pll_25m175_0002.v Line: 2
Warning (12125): Using design file fpga_vga.v, which is not specified as a design file for the current project, but contains definitions for 1 design units and 1 entities in project
    Info (12023): Found entity 1: fpga_vga File: C:/ThucTap/DE10-Standard_FPGA_EKB/04_Projects/VGA/Quartus/fpga_vga.v Line: 5
Info (12127): Elaborating entity "fpga_vga" for the top level hierarchy
Warning (10034): Output port "LEDR" at fpga_vga.v(20) has no driver File: C:/ThucTap/DE10-Standard_FPGA_EKB/04_Projects/VGA/Quartus/fpga_vga.v Line: 20
Warning (10034): Output port "HEX0" at fpga_vga.v(23) has no driver File: C:/ThucTap/DE10-Standard_FPGA_EKB/04_Projects/VGA/Quartus/fpga_vga.v Line: 23
Warning (10034): Output port "HEX1" at fpga_vga.v(24) has no driver File: C:/ThucTap/DE10-Standard_FPGA_EKB/04_Projects/VGA/Quartus/fpga_vga.v Line: 24
Warning (10034): Output port "HEX2" at fpga_vga.v(25) has no driver File: C:/ThucTap/DE10-Standard_FPGA_EKB/04_Projects/VGA/Quartus/fpga_vga.v Line: 25
Warning (10034): Output port "HEX3" at fpga_vga.v(26) has no driver File: C:/ThucTap/DE10-Standard_FPGA_EKB/04_Projects/VGA/Quartus/fpga_vga.v Line: 26
Warning (10034): Output port "HEX4" at fpga_vga.v(27) has no driver File: C:/ThucTap/DE10-Standard_FPGA_EKB/04_Projects/VGA/Quartus/fpga_vga.v Line: 27
Warning (10034): Output port "HEX5" at fpga_vga.v(28) has no driver File: C:/ThucTap/DE10-Standard_FPGA_EKB/04_Projects/VGA/Quartus/fpga_vga.v Line: 28
Warning (10034): Output port "DRAM_ADDR" at fpga_vga.v(31) has no driver File: C:/ThucTap/DE10-Standard_FPGA_EKB/04_Projects/VGA/Quartus/fpga_vga.v Line: 31
Warning (10034): Output port "DRAM_BA" at fpga_vga.v(32) has no driver File: C:/ThucTap/DE10-Standard_FPGA_EKB/04_Projects/VGA/Quartus/fpga_vga.v Line: 32
Warning (10034): Output port "DRAM_CAS_N" at fpga_vga.v(33) has no driver File: C:/ThucTap/DE10-Standard_FPGA_EKB/04_Projects/VGA/Quartus/fpga_vga.v Line: 33
Warning (10034): Output port "DRAM_CKE" at fpga_vga.v(34) has no driver File: C:/ThucTap/DE10-Standard_FPGA_EKB/04_Projects/VGA/Quartus/fpga_vga.v Line: 34
Warning (10034): Output port "DRAM_CLK" at fpga_vga.v(35) has no driver File: C:/ThucTap/DE10-Standard_FPGA_EKB/04_Projects/VGA/Quartus/fpga_vga.v Line: 35
Warning (10034): Output port "DRAM_CS_N" at fpga_vga.v(36) has no driver File: C:/ThucTap/DE10-Standard_FPGA_EKB/04_Projects/VGA/Quartus/fpga_vga.v Line: 36
Warning (10034): Output port "DRAM_LDQM" at fpga_vga.v(38) has no driver File: C:/ThucTap/DE10-Standard_FPGA_EKB/04_Projects/VGA/Quartus/fpga_vga.v Line: 38
Warning (10034): Output port "DRAM_RAS_N" at fpga_vga.v(39) has no driver File: C:/ThucTap/DE10-Standard_FPGA_EKB/04_Projects/VGA/Quartus/fpga_vga.v Line: 39
Warning (10034): Output port "DRAM_UDQM" at fpga_vga.v(40) has no driver File: C:/ThucTap/DE10-Standard_FPGA_EKB/04_Projects/VGA/Quartus/fpga_vga.v Line: 40
Warning (10034): Output port "DRAM_WE_N" at fpga_vga.v(41) has no driver File: C:/ThucTap/DE10-Standard_FPGA_EKB/04_Projects/VGA/Quartus/fpga_vga.v Line: 41
Info (12128): Elaborating entity "pll_25m175" for hierarchy "pll_25m175:u_pll" File: C:/ThucTap/DE10-Standard_FPGA_EKB/04_Projects/VGA/Quartus/fpga_vga.v Line: 79
Info (12128): Elaborating entity "pll_25m175_0002" for hierarchy "pll_25m175:u_pll|pll_25m175_0002:pll_25m175_inst" File: C:/ThucTap/DE10-Standard_FPGA_EKB/04_Projects/VGA/Quartus/pll_25m175.v Line: 20
Info (12128): Elaborating entity "altera_pll" for hierarchy "pll_25m175:u_pll|pll_25m175_0002:pll_25m175_inst|altera_pll:altera_pll_i" File: C:/ThucTap/DE10-Standard_FPGA_EKB/04_Projects/VGA/Quartus/pll_25m175/pll_25m175_0002.v Line: 85
Info (10008): Verilog HDL or VHDL information: EDA Netlist Writer cannot regroup multidimensional array "wire_to_nowhere_64" into its bus
Info (12130): Elaborated megafunction instantiation "pll_25m175:u_pll|pll_25m175_0002:pll_25m175_inst|altera_pll:altera_pll_i" File: C:/ThucTap/DE10-Standard_FPGA_EKB/04_Projects/VGA/Quartus/pll_25m175/pll_25m175_0002.v Line: 85
Info (12133): Instantiated megafunction "pll_25m175:u_pll|pll_25m175_0002:pll_25m175_inst|altera_pll:altera_pll_i" with the following parameter: File: C:/ThucTap/DE10-Standard_FPGA_EKB/04_Projects/VGA/Quartus/pll_25m175/pll_25m175_0002.v Line: 85
    Info (12134): Parameter "fractional_vco_multiplier" = "false"
    Info (12134): Parameter "reference_clock_frequency" = "50.0 MHz"
    Info (12134): Parameter "operation_mode" = "direct"
    Info (12134): Parameter "number_of_clocks" = "1"
    Info (12134): Parameter "output_clock_frequency0" = "25.175644 MHz"
    Info (12134): Parameter "phase_shift0" = "0 ps"
    Info (12134): Parameter "duty_cycle0" = "50"
    Info (12134): Parameter "output_clock_frequency1" = "0 MHz"
    Info (12134): Parameter "phase_shift1" = "0 ps"
    Info (12134): Parameter "duty_cycle1" = "50"
    Info (12134): Parameter "output_clock_frequency2" = "0 MHz"
    Info (12134): Parameter "phase_shift2" = "0 ps"
    Info (12134): Parameter "duty_cycle2" = "50"
    Info (12134): Parameter "output_clock_frequency3" = "0 MHz"
    Info (12134): Parameter "phase_shift3" = "0 ps"
    Info (12134): Parameter "duty_cycle3" = "50"
    Info (12134): Parameter "output_clock_frequency4" = "0 MHz"
    Info (12134): Parameter "phase_shift4" = "0 ps"
    Info (12134): Parameter "duty_cycle4" = "50"
    Info (12134): Parameter "output_clock_frequency5" = "0 MHz"
    Info (12134): Parameter "phase_shift5" = "0 ps"
    Info (12134): Parameter "duty_cycle5" = "50"
    Info (12134): Parameter "output_clock_frequency6" = "0 MHz"
    Info (12134): Parameter "phase_shift6" = "0 ps"
    Info (12134): Parameter "duty_cycle6" = "50"
    Info (12134): Parameter "output_clock_frequency7" = "0 MHz"
    Info (12134): Parameter "phase_shift7" = "0 ps"
    Info (12134): Parameter "duty_cycle7" = "50"
    Info (12134): Parameter "output_clock_frequency8" = "0 MHz"
    Info (12134): Parameter "phase_shift8" = "0 ps"
    Info (12134): Parameter "duty_cycle8" = "50"
    Info (12134): Parameter "output_clock_frequency9" = "0 MHz"
    Info (12134): Parameter "phase_shift9" = "0 ps"
    Info (12134): Parameter "duty_cycle9" = "50"
    Info (12134): Parameter "output_clock_frequency10" = "0 MHz"
    Info (12134): Parameter "phase_shift10" = "0 ps"
    Info (12134): Parameter "duty_cycle10" = "50"
    Info (12134): Parameter "output_clock_frequency11" = "0 MHz"
    Info (12134): Parameter "phase_shift11" = "0 ps"
    Info (12134): Parameter "duty_cycle11" = "50"
    Info (12134): Parameter "output_clock_frequency12" = "0 MHz"
    Info (12134): Parameter "phase_shift12" = "0 ps"
    Info (12134): Parameter "duty_cycle12" = "50"
    Info (12134): Parameter "output_clock_frequency13" = "0 MHz"
    Info (12134): Parameter "phase_shift13" = "0 ps"
    Info (12134): Parameter "duty_cycle13" = "50"
    Info (12134): Parameter "output_clock_frequency14" = "0 MHz"
    Info (12134): Parameter "phase_shift14" = "0 ps"
    Info (12134): Parameter "duty_cycle14" = "50"
    Info (12134): Parameter "output_clock_frequency15" = "0 MHz"
    Info (12134): Parameter "phase_shift15" = "0 ps"
    Info (12134): Parameter "duty_cycle15" = "50"
    Info (12134): Parameter "output_clock_frequency16" = "0 MHz"
    Info (12134): Parameter "phase_shift16" = "0 ps"
    Info (12134): Parameter "duty_cycle16" = "50"
    Info (12134): Parameter "output_clock_frequency17" = "0 MHz"
    Info (12134): Parameter "phase_shift17" = "0 ps"
    Info (12134): Parameter "duty_cycle17" = "50"
    Info (12134): Parameter "pll_type" = "General"
    Info (12134): Parameter "pll_subtype" = "General"
Info (12128): Elaborating entity "vga_timing" for hierarchy "vga_timing:u_vga_timing" File: C:/ThucTap/DE10-Standard_FPGA_EKB/04_Projects/VGA/Quartus/fpga_vga.v Line: 90
Warning (10230): Verilog HDL assignment warning at vga_timing.v(26): truncated value with size 32 to match size of target (10) File: C:/ThucTap/DE10-Standard_FPGA_EKB/04_Projects/VGA/RTL/vga_timing.v Line: 26
Warning (10230): Verilog HDL assignment warning at vga_timing.v(28): truncated value with size 32 to match size of target (10) File: C:/ThucTap/DE10-Standard_FPGA_EKB/04_Projects/VGA/RTL/vga_timing.v Line: 28
Info (12128): Elaborating entity "color_bar_pattern" for hierarchy "color_bar_pattern:u_color_bar" File: C:/ThucTap/DE10-Standard_FPGA_EKB/04_Projects/VGA/Quartus/fpga_vga.v Line: 100
Warning (13039): The following bidirectional pins have no drivers
    Warning (13040): bidirectional pin "DRAM_DQ[0]" has no driver File: C:/ThucTap/DE10-Standard_FPGA_EKB/04_Projects/VGA/Quartus/fpga_vga.v Line: 37
    Warning (13040): bidirectional pin "DRAM_DQ[1]" has no driver File: C:/ThucTap/DE10-Standard_FPGA_EKB/04_Projects/VGA/Quartus/fpga_vga.v Line: 37
    Warning (13040): bidirectional pin "DRAM_DQ[2]" has no driver File: C:/ThucTap/DE10-Standard_FPGA_EKB/04_Projects/VGA/Quartus/fpga_vga.v Line: 37
    Warning (13040): bidirectional pin "DRAM_DQ[3]" has no driver File: C:/ThucTap/DE10-Standard_FPGA_EKB/04_Projects/VGA/Quartus/fpga_vga.v Line: 37
    Warning (13040): bidirectional pin "DRAM_DQ[4]" has no driver File: C:/ThucTap/DE10-Standard_FPGA_EKB/04_Projects/VGA/Quartus/fpga_vga.v Line: 37
    Warning (13040): bidirectional pin "DRAM_DQ[5]" has no driver File: C:/ThucTap/DE10-Standard_FPGA_EKB/04_Projects/VGA/Quartus/fpga_vga.v Line: 37
    Warning (13040): bidirectional pin "DRAM_DQ[6]" has no driver File: C:/ThucTap/DE10-Standard_FPGA_EKB/04_Projects/VGA/Quartus/fpga_vga.v Line: 37
    Warning (13040): bidirectional pin "DRAM_DQ[7]" has no driver File: C:/ThucTap/DE10-Standard_FPGA_EKB/04_Projects/VGA/Quartus/fpga_vga.v Line: 37
    Warning (13040): bidirectional pin "DRAM_DQ[8]" has no driver File: C:/ThucTap/DE10-Standard_FPGA_EKB/04_Projects/VGA/Quartus/fpga_vga.v Line: 37
    Warning (13040): bidirectional pin "DRAM_DQ[9]" has no driver File: C:/ThucTap/DE10-Standard_FPGA_EKB/04_Projects/VGA/Quartus/fpga_vga.v Line: 37
    Warning (13040): bidirectional pin "DRAM_DQ[10]" has no driver File: C:/ThucTap/DE10-Standard_FPGA_EKB/04_Projects/VGA/Quartus/fpga_vga.v Line: 37
    Warning (13040): bidirectional pin "DRAM_DQ[11]" has no driver File: C:/ThucTap/DE10-Standard_FPGA_EKB/04_Projects/VGA/Quartus/fpga_vga.v Line: 37
    Warning (13040): bidirectional pin "DRAM_DQ[12]" has no driver File: C:/ThucTap/DE10-Standard_FPGA_EKB/04_Projects/VGA/Quartus/fpga_vga.v Line: 37
    Warning (13040): bidirectional pin "DRAM_DQ[13]" has no driver File: C:/ThucTap/DE10-Standard_FPGA_EKB/04_Projects/VGA/Quartus/fpga_vga.v Line: 37
    Warning (13040): bidirectional pin "DRAM_DQ[14]" has no driver File: C:/ThucTap/DE10-Standard_FPGA_EKB/04_Projects/VGA/Quartus/fpga_vga.v Line: 37
    Warning (13040): bidirectional pin "DRAM_DQ[15]" has no driver File: C:/ThucTap/DE10-Standard_FPGA_EKB/04_Projects/VGA/Quartus/fpga_vga.v Line: 37
Warning (13024): Output pins are stuck at VCC or GND
    Warning (13410): Pin "LEDR[0]" is stuck at GND File: C:/ThucTap/DE10-Standard_FPGA_EKB/04_Projects/VGA/Quartus/fpga_vga.v Line: 20
    Warning (13410): Pin "LEDR[1]" is stuck at GND File: C:/ThucTap/DE10-Standard_FPGA_EKB/04_Projects/VGA/Quartus/fpga_vga.v Line: 20
    Warning (13410): Pin "LEDR[2]" is stuck at GND File: C:/ThucTap/DE10-Standard_FPGA_EKB/04_Projects/VGA/Quartus/fpga_vga.v Line: 20
    Warning (13410): Pin "LEDR[3]" is stuck at GND File: C:/ThucTap/DE10-Standard_FPGA_EKB/04_Projects/VGA/Quartus/fpga_vga.v Line: 20
    Warning (13410): Pin "LEDR[4]" is stuck at GND File: C:/ThucTap/DE10-Standard_FPGA_EKB/04_Projects/VGA/Quartus/fpga_vga.v Line: 20
    Warning (13410): Pin "LEDR[5]" is stuck at GND File: C:/ThucTap/DE10-Standard_FPGA_EKB/04_Projects/VGA/Quartus/fpga_vga.v Line: 20
    Warning (13410): Pin "LEDR[6]" is stuck at GND File: C:/ThucTap/DE10-Standard_FPGA_EKB/04_Projects/VGA/Quartus/fpga_vga.v Line: 20
    Warning (13410): Pin "LEDR[7]" is stuck at GND File: C:/ThucTap/DE10-Standard_FPGA_EKB/04_Projects/VGA/Quartus/fpga_vga.v Line: 20
    Warning (13410): Pin "LEDR[8]" is stuck at GND File: C:/ThucTap/DE10-Standard_FPGA_EKB/04_Projects/VGA/Quartus/fpga_vga.v Line: 20
    Warning (13410): Pin "LEDR[9]" is stuck at GND File: C:/ThucTap/DE10-Standard_FPGA_EKB/04_Projects/VGA/Quartus/fpga_vga.v Line: 20
    Warning (13410): Pin "HEX0[0]" is stuck at GND File: C:/ThucTap/DE10-Standard_FPGA_EKB/04_Projects/VGA/Quartus/fpga_vga.v Line: 23
    Warning (13410): Pin "HEX0[1]" is stuck at GND File: C:/ThucTap/DE10-Standard_FPGA_EKB/04_Projects/VGA/Quartus/fpga_vga.v Line: 23
    Warning (13410): Pin "HEX0[2]" is stuck at GND File: C:/ThucTap/DE10-Standard_FPGA_EKB/04_Projects/VGA/Quartus/fpga_vga.v Line: 23
    Warning (13410): Pin "HEX0[3]" is stuck at GND File: C:/ThucTap/DE10-Standard_FPGA_EKB/04_Projects/VGA/Quartus/fpga_vga.v Line: 23
    Warning (13410): Pin "HEX0[4]" is stuck at GND File: C:/ThucTap/DE10-Standard_FPGA_EKB/04_Projects/VGA/Quartus/fpga_vga.v Line: 23
    Warning (13410): Pin "HEX0[5]" is stuck at GND File: C:/ThucTap/DE10-Standard_FPGA_EKB/04_Projects/VGA/Quartus/fpga_vga.v Line: 23
    Warning (13410): Pin "HEX0[6]" is stuck at GND File: C:/ThucTap/DE10-Standard_FPGA_EKB/04_Projects/VGA/Quartus/fpga_vga.v Line: 23
    Warning (13410): Pin "HEX1[0]" is stuck at GND File: C:/ThucTap/DE10-Standard_FPGA_EKB/04_Projects/VGA/Quartus/fpga_vga.v Line: 24
    Warning (13410): Pin "HEX1[1]" is stuck at GND File: C:/ThucTap/DE10-Standard_FPGA_EKB/04_Projects/VGA/Quartus/fpga_vga.v Line: 24
    Warning (13410): Pin "HEX1[2]" is stuck at GND File: C:/ThucTap/DE10-Standard_FPGA_EKB/04_Projects/VGA/Quartus/fpga_vga.v Line: 24
    Warning (13410): Pin "HEX1[3]" is stuck at GND File: C:/ThucTap/DE10-Standard_FPGA_EKB/04_Projects/VGA/Quartus/fpga_vga.v Line: 24
    Warning (13410): Pin "HEX1[4]" is stuck at GND File: C:/ThucTap/DE10-Standard_FPGA_EKB/04_Projects/VGA/Quartus/fpga_vga.v Line: 24
    Warning (13410): Pin "HEX1[5]" is stuck at GND File: C:/ThucTap/DE10-Standard_FPGA_EKB/04_Projects/VGA/Quartus/fpga_vga.v Line: 24
    Warning (13410): Pin "HEX1[6]" is stuck at GND File: C:/ThucTap/DE10-Standard_FPGA_EKB/04_Projects/VGA/Quartus/fpga_vga.v Line: 24
    Warning (13410): Pin "HEX2[0]" is stuck at GND File: C:/ThucTap/DE10-Standard_FPGA_EKB/04_Projects/VGA/Quartus/fpga_vga.v Line: 25
    Warning (13410): Pin "HEX2[1]" is stuck at GND File: C:/ThucTap/DE10-Standard_FPGA_EKB/04_Projects/VGA/Quartus/fpga_vga.v Line: 25
    Warning (13410): Pin "HEX2[2]" is stuck at GND File: C:/ThucTap/DE10-Standard_FPGA_EKB/04_Projects/VGA/Quartus/fpga_vga.v Line: 25
    Warning (13410): Pin "HEX2[3]" is stuck at GND File: C:/ThucTap/DE10-Standard_FPGA_EKB/04_Projects/VGA/Quartus/fpga_vga.v Line: 25
    Warning (13410): Pin "HEX2[4]" is stuck at GND File: C:/ThucTap/DE10-Standard_FPGA_EKB/04_Projects/VGA/Quartus/fpga_vga.v Line: 25
    Warning (13410): Pin "HEX2[5]" is stuck at GND File: C:/ThucTap/DE10-Standard_FPGA_EKB/04_Projects/VGA/Quartus/fpga_vga.v Line: 25
    Warning (13410): Pin "HEX2[6]" is stuck at GND File: C:/ThucTap/DE10-Standard_FPGA_EKB/04_Projects/VGA/Quartus/fpga_vga.v Line: 25
    Warning (13410): Pin "HEX3[0]" is stuck at GND File: C:/ThucTap/DE10-Standard_FPGA_EKB/04_Projects/VGA/Quartus/fpga_vga.v Line: 26
    Warning (13410): Pin "HEX3[1]" is stuck at GND File: C:/ThucTap/DE10-Standard_FPGA_EKB/04_Projects/VGA/Quartus/fpga_vga.v Line: 26
    Warning (13410): Pin "HEX3[2]" is stuck at GND File: C:/ThucTap/DE10-Standard_FPGA_EKB/04_Projects/VGA/Quartus/fpga_vga.v Line: 26
    Warning (13410): Pin "HEX3[3]" is stuck at GND File: C:/ThucTap/DE10-Standard_FPGA_EKB/04_Projects/VGA/Quartus/fpga_vga.v Line: 26
    Warning (13410): Pin "HEX3[4]" is stuck at GND File: C:/ThucTap/DE10-Standard_FPGA_EKB/04_Projects/VGA/Quartus/fpga_vga.v Line: 26
    Warning (13410): Pin "HEX3[5]" is stuck at GND File: C:/ThucTap/DE10-Standard_FPGA_EKB/04_Projects/VGA/Quartus/fpga_vga.v Line: 26
    Warning (13410): Pin "HEX3[6]" is stuck at GND File: C:/ThucTap/DE10-Standard_FPGA_EKB/04_Projects/VGA/Quartus/fpga_vga.v Line: 26
    Warning (13410): Pin "HEX4[0]" is stuck at GND File: C:/ThucTap/DE10-Standard_FPGA_EKB/04_Projects/VGA/Quartus/fpga_vga.v Line: 27
    Warning (13410): Pin "HEX4[1]" is stuck at GND File: C:/ThucTap/DE10-Standard_FPGA_EKB/04_Projects/VGA/Quartus/fpga_vga.v Line: 27
    Warning (13410): Pin "HEX4[2]" is stuck at GND File: C:/ThucTap/DE10-Standard_FPGA_EKB/04_Projects/VGA/Quartus/fpga_vga.v Line: 27
    Warning (13410): Pin "HEX4[3]" is stuck at GND File: C:/ThucTap/DE10-Standard_FPGA_EKB/04_Projects/VGA/Quartus/fpga_vga.v Line: 27
    Warning (13410): Pin "HEX4[4]" is stuck at GND File: C:/ThucTap/DE10-Standard_FPGA_EKB/04_Projects/VGA/Quartus/fpga_vga.v Line: 27
    Warning (13410): Pin "HEX4[5]" is stuck at GND File: C:/ThucTap/DE10-Standard_FPGA_EKB/04_Projects/VGA/Quartus/fpga_vga.v Line: 27
    Warning (13410): Pin "HEX4[6]" is stuck at GND File: C:/ThucTap/DE10-Standard_FPGA_EKB/04_Projects/VGA/Quartus/fpga_vga.v Line: 27
    Warning (13410): Pin "HEX5[0]" is stuck at GND File: C:/ThucTap/DE10-Standard_FPGA_EKB/04_Projects/VGA/Quartus/fpga_vga.v Line: 28
    Warning (13410): Pin "HEX5[1]" is stuck at GND File: C:/ThucTap/DE10-Standard_FPGA_EKB/04_Projects/VGA/Quartus/fpga_vga.v Line: 28
    Warning (13410): Pin "HEX5[2]" is stuck at GND File: C:/ThucTap/DE10-Standard_FPGA_EKB/04_Projects/VGA/Quartus/fpga_vga.v Line: 28
    Warning (13410): Pin "HEX5[3]" is stuck at GND File: C:/ThucTap/DE10-Standard_FPGA_EKB/04_Projects/VGA/Quartus/fpga_vga.v Line: 28
    Warning (13410): Pin "HEX5[4]" is stuck at GND File: C:/ThucTap/DE10-Standard_FPGA_EKB/04_Projects/VGA/Quartus/fpga_vga.v Line: 28
    Warning (13410): Pin "HEX5[5]" is stuck at GND File: C:/ThucTap/DE10-Standard_FPGA_EKB/04_Projects/VGA/Quartus/fpga_vga.v Line: 28
    Warning (13410): Pin "HEX5[6]" is stuck at GND File: C:/ThucTap/DE10-Standard_FPGA_EKB/04_Projects/VGA/Quartus/fpga_vga.v Line: 28
    Warning (13410): Pin "DRAM_ADDR[0]" is stuck at GND File: C:/ThucTap/DE10-Standard_FPGA_EKB/04_Projects/VGA/Quartus/fpga_vga.v Line: 31
    Warning (13410): Pin "DRAM_ADDR[1]" is stuck at GND File: C:/ThucTap/DE10-Standard_FPGA_EKB/04_Projects/VGA/Quartus/fpga_vga.v Line: 31
    Warning (13410): Pin "DRAM_ADDR[2]" is stuck at GND File: C:/ThucTap/DE10-Standard_FPGA_EKB/04_Projects/VGA/Quartus/fpga_vga.v Line: 31
    Warning (13410): Pin "DRAM_ADDR[3]" is stuck at GND File: C:/ThucTap/DE10-Standard_FPGA_EKB/04_Projects/VGA/Quartus/fpga_vga.v Line: 31
    Warning (13410): Pin "DRAM_ADDR[4]" is stuck at GND File: C:/ThucTap/DE10-Standard_FPGA_EKB/04_Projects/VGA/Quartus/fpga_vga.v Line: 31
    Warning (13410): Pin "DRAM_ADDR[5]" is stuck at GND File: C:/ThucTap/DE10-Standard_FPGA_EKB/04_Projects/VGA/Quartus/fpga_vga.v Line: 31
    Warning (13410): Pin "DRAM_ADDR[6]" is stuck at GND File: C:/ThucTap/DE10-Standard_FPGA_EKB/04_Projects/VGA/Quartus/fpga_vga.v Line: 31
    Warning (13410): Pin "DRAM_ADDR[7]" is stuck at GND File: C:/ThucTap/DE10-Standard_FPGA_EKB/04_Projects/VGA/Quartus/fpga_vga.v Line: 31
    Warning (13410): Pin "DRAM_ADDR[8]" is stuck at GND File: C:/ThucTap/DE10-Standard_FPGA_EKB/04_Projects/VGA/Quartus/fpga_vga.v Line: 31
    Warning (13410): Pin "DRAM_ADDR[9]" is stuck at GND File: C:/ThucTap/DE10-Standard_FPGA_EKB/04_Projects/VGA/Quartus/fpga_vga.v Line: 31
    Warning (13410): Pin "DRAM_ADDR[10]" is stuck at GND File: C:/ThucTap/DE10-Standard_FPGA_EKB/04_Projects/VGA/Quartus/fpga_vga.v Line: 31
    Warning (13410): Pin "DRAM_ADDR[11]" is stuck at GND File: C:/ThucTap/DE10-Standard_FPGA_EKB/04_Projects/VGA/Quartus/fpga_vga.v Line: 31
    Warning (13410): Pin "DRAM_ADDR[12]" is stuck at GND File: C:/ThucTap/DE10-Standard_FPGA_EKB/04_Projects/VGA/Quartus/fpga_vga.v Line: 31
    Warning (13410): Pin "DRAM_BA[0]" is stuck at GND File: C:/ThucTap/DE10-Standard_FPGA_EKB/04_Projects/VGA/Quartus/fpga_vga.v Line: 32
    Warning (13410): Pin "DRAM_BA[1]" is stuck at GND File: C:/ThucTap/DE10-Standard_FPGA_EKB/04_Projects/VGA/Quartus/fpga_vga.v Line: 32
    Warning (13410): Pin "DRAM_CAS_N" is stuck at GND File: C:/ThucTap/DE10-Standard_FPGA_EKB/04_Projects/VGA/Quartus/fpga_vga.v Line: 33
    Warning (13410): Pin "DRAM_CKE" is stuck at GND File: C:/ThucTap/DE10-Standard_FPGA_EKB/04_Projects/VGA/Quartus/fpga_vga.v Line: 34
    Warning (13410): Pin "DRAM_CLK" is stuck at GND File: C:/ThucTap/DE10-Standard_FPGA_EKB/04_Projects/VGA/Quartus/fpga_vga.v Line: 35
    Warning (13410): Pin "DRAM_CS_N" is stuck at GND File: C:/ThucTap/DE10-Standard_FPGA_EKB/04_Projects/VGA/Quartus/fpga_vga.v Line: 36
    Warning (13410): Pin "DRAM_LDQM" is stuck at GND File: C:/ThucTap/DE10-Standard_FPGA_EKB/04_Projects/VGA/Quartus/fpga_vga.v Line: 38
    Warning (13410): Pin "DRAM_RAS_N" is stuck at GND File: C:/ThucTap/DE10-Standard_FPGA_EKB/04_Projects/VGA/Quartus/fpga_vga.v Line: 39
    Warning (13410): Pin "DRAM_UDQM" is stuck at GND File: C:/ThucTap/DE10-Standard_FPGA_EKB/04_Projects/VGA/Quartus/fpga_vga.v Line: 40
    Warning (13410): Pin "DRAM_WE_N" is stuck at GND File: C:/ThucTap/DE10-Standard_FPGA_EKB/04_Projects/VGA/Quartus/fpga_vga.v Line: 41
    Warning (13410): Pin "VGA_SYNC_N" is stuck at GND File: C:/ThucTap/DE10-Standard_FPGA_EKB/04_Projects/VGA/Quartus/fpga_vga.v Line: 50
Info (286030): Timing-Driven Synthesis is running
Info (16010): Generating hard_block partition "hard_block:auto_generated_inst"
    Info (16011): Adding 7 node(s), including 0 DDIO, 1 PLL, 0 transceiver and 0 LCELL
Warning (21074): Design contains 16 input pin(s) that do not drive logic
    Warning (15610): No output dependent on input pin "CLOCK2_50" File: C:/ThucTap/DE10-Standard_FPGA_EKB/04_Projects/VGA/Quartus/fpga_vga.v Line: 8
    Warning (15610): No output dependent on input pin "CLOCK3_50" File: C:/ThucTap/DE10-Standard_FPGA_EKB/04_Projects/VGA/Quartus/fpga_vga.v Line: 9
    Warning (15610): No output dependent on input pin "CLOCK4_50" File: C:/ThucTap/DE10-Standard_FPGA_EKB/04_Projects/VGA/Quartus/fpga_vga.v Line: 10
    Warning (15610): No output dependent on input pin "KEY[1]" File: C:/ThucTap/DE10-Standard_FPGA_EKB/04_Projects/VGA/Quartus/fpga_vga.v Line: 14
    Warning (15610): No output dependent on input pin "KEY[2]" File: C:/ThucTap/DE10-Standard_FPGA_EKB/04_Projects/VGA/Quartus/fpga_vga.v Line: 14
    Warning (15610): No output dependent on input pin "KEY[3]" File: C:/ThucTap/DE10-Standard_FPGA_EKB/04_Projects/VGA/Quartus/fpga_vga.v Line: 14
    Warning (15610): No output dependent on input pin "SW[0]" File: C:/ThucTap/DE10-Standard_FPGA_EKB/04_Projects/VGA/Quartus/fpga_vga.v Line: 17
    Warning (15610): No output dependent on input pin "SW[1]" File: C:/ThucTap/DE10-Standard_FPGA_EKB/04_Projects/VGA/Quartus/fpga_vga.v Line: 17
    Warning (15610): No output dependent on input pin "SW[2]" File: C:/ThucTap/DE10-Standard_FPGA_EKB/04_Projects/VGA/Quartus/fpga_vga.v Line: 17
    Warning (15610): No output dependent on input pin "SW[3]" File: C:/ThucTap/DE10-Standard_FPGA_EKB/04_Projects/VGA/Quartus/fpga_vga.v Line: 17
    Warning (15610): No output dependent on input pin "SW[4]" File: C:/ThucTap/DE10-Standard_FPGA_EKB/04_Projects/VGA/Quartus/fpga_vga.v Line: 17
    Warning (15610): No output dependent on input pin "SW[5]" File: C:/ThucTap/DE10-Standard_FPGA_EKB/04_Projects/VGA/Quartus/fpga_vga.v Line: 17
    Warning (15610): No output dependent on input pin "SW[6]" File: C:/ThucTap/DE10-Standard_FPGA_EKB/04_Projects/VGA/Quartus/fpga_vga.v Line: 17
    Warning (15610): No output dependent on input pin "SW[7]" File: C:/ThucTap/DE10-Standard_FPGA_EKB/04_Projects/VGA/Quartus/fpga_vga.v Line: 17
    Warning (15610): No output dependent on input pin "SW[8]" File: C:/ThucTap/DE10-Standard_FPGA_EKB/04_Projects/VGA/Quartus/fpga_vga.v Line: 17
    Warning (15610): No output dependent on input pin "SW[9]" File: C:/ThucTap/DE10-Standard_FPGA_EKB/04_Projects/VGA/Quartus/fpga_vga.v Line: 17
Info (21057): Implemented 172 device resources after synthesis - the final resource count might be different
    Info (21058): Implemented 18 input pins
    Info (21059): Implemented 104 output pins
    Info (21060): Implemented 16 bidirectional pins
    Info (21061): Implemented 33 logic cells
    Info (21065): Implemented 1 PLLs
Info: Quartus Prime Analysis & Synthesis was successful. 0 errors, 131 warnings
    Info: Peak virtual memory: 13486 megabytes
    Info: Processing ended: Sat Aug  1 12:37:33 2026
    Info: Elapsed time: 00:00:34
    Info: Total CPU time (on all processors): 00:01:02


