Flow report for hps
Tue Aug 04 12:58:04 2026
Quartus Prime Version 16.1.0 Build 196 10/24/2016 SJ Standard Edition


---------------------
; Table of Contents ;
---------------------
  1. Legal Notice
  2. Flow Summary
  3. Flow Settings
  4. Flow Non-Default Global Settings
  5. Flow Elapsed Time
  6. Flow OS Summary
  7. Flow Log
  8. Flow Messages
  9. Flow Suppressed Messages



----------------
; Legal Notice ;
----------------
Copyright (C) 2016  Intel Corporation. All rights reserved.
Your use of Intel Corporation's design tools, logic functions 
and other software and tools, and its AMPP partner logic 
functions, and any output files from any of the foregoing 
(including device programming or simulation files), and any 
associated documentation or information are expressly subject 
to the terms and conditions of the Intel Program License 
Subscription Agreement, the Intel Quartus Prime License Agreement,
the Intel MegaCore Function License Agreement, or other 
applicable license agreement, including, without limitation, 
that your use is for the sole purpose of programming logic 
devices manufactured by Intel and sold by Intel or its 
authorized distributors.  Please refer to the applicable 
agreement for further details.



+-----------------------------------------------------------------------------------+
; Flow Summary                                                                      ;
+---------------------------------+-------------------------------------------------+
; Flow Status                     ; Successful - Tue Aug 04 12:58:04 2026           ;
; Quartus Prime Version           ; 16.1.0 Build 196 10/24/2016 SJ Standard Edition ;
; Revision Name                   ; hps                                             ;
; Top-level Entity Name           ; hps                                             ;
; Family                          ; Cyclone V                                       ;
; Device                          ; 5CSXFC6D6F31C6                                  ;
; Timing Models                   ; Final                                           ;
; Logic utilization (in ALMs)     ; 5,175 / 41,910 ( 12 % )                         ;
; Total registers                 ; 8065                                            ;
; Total pins                      ; 338 / 499 ( 68 % )                              ;
; Total virtual pins              ; 0                                               ;
; Total block memory bits         ; 62,302 / 5,662,720 ( 1 % )                      ;
; Total DSP Blocks                ; 0 / 112 ( 0 % )                                 ;
; Total HSSI RX PCSs              ; 0 / 9 ( 0 % )                                   ;
; Total HSSI PMA RX Deserializers ; 0 / 9 ( 0 % )                                   ;
; Total HSSI TX PCSs              ; 0 / 9 ( 0 % )                                   ;
; Total HSSI PMA TX Serializers   ; 0 / 9 ( 0 % )                                   ;
; Total PLLs                      ; 1 / 15 ( 7 % )                                  ;
; Total DLLs                      ; 1 / 4 ( 25 % )                                  ;
+---------------------------------+-------------------------------------------------+


+-----------------------------------------+
; Flow Settings                           ;
+-------------------+---------------------+
; Option            ; Setting             ;
+-------------------+---------------------+
; Start date & time ; 08/04/2026 12:34:18 ;
; Main task         ; Compilation         ;
; Revision Name     ; hps                 ;
+-------------------+---------------------+


+-------------------------------------------------------------------------------------------------------------------------------------------------------------------------------------+
; Flow Non-Default Global Settings                                                                                                                                                    ;
+---------------------------------------+---------------------------------------------------------------------------+---------------+--------------------------------+----------------+
; Assignment Name                       ; Value                                                                     ; Default Value ; Entity Name                    ; Section Id     ;
+---------------------------------------+---------------------------------------------------------------------------+---------------+--------------------------------+----------------+
; COMPILER_SIGNATURE_ID                 ; 52228710827.178582164907228                                               ; --            ; --                             ; --             ;
; ECO_REGENERATE_REPORT                 ; On                                                                        ; Off           ; --                             ; --             ;
; EDA_OUTPUT_DATA_FORMAT                ; Verilog Hdl                                                               ; --            ; --                             ; eda_simulation ;
; EDA_SIMULATION_TOOL                   ; ModelSim-Altera (Verilog)                                                 ; <None>        ; --                             ; --             ;
; EDA_TIME_SCALE                        ; 1 ps                                                                      ; --            ; --                             ; eda_simulation ;
; FITTER_EFFORT                         ; Standard Fit                                                              ; Auto Fit      ; --                             ; --             ;
; HPS_ISW_FILE                          ; soc_system/synthesis/submodules/sequencer/alt_types.pre.h                 ; --            ; soc_system_hps_0_hps_io_border ; --             ;
; HPS_ISW_FILE                          ; soc_system/synthesis/submodules/sequencer/emif.pre.xml                    ; --            ; soc_system_hps_0_hps_io_border ; --             ;
; HPS_ISW_FILE                          ; soc_system/synthesis/submodules/sequencer/sdram_io.pre.h                  ; --            ; soc_system_hps_0_hps_io_border ; --             ;
; HPS_ISW_FILE                          ; soc_system/synthesis/submodules/sequencer/sequencer.pre.c                 ; --            ; soc_system_hps_0_hps_io_border ; --             ;
; HPS_ISW_FILE                          ; soc_system/synthesis/submodules/sequencer/sequencer.pre.h                 ; --            ; soc_system_hps_0_hps_io_border ; --             ;
; HPS_ISW_FILE                          ; soc_system/synthesis/submodules/sequencer/sequencer_auto.pre.h            ; --            ; soc_system_hps_0_hps_io_border ; --             ;
; HPS_ISW_FILE                          ; soc_system/synthesis/submodules/sequencer/sequencer_auto_ac_init.pre.c    ; --            ; soc_system_hps_0_hps_io_border ; --             ;
; HPS_ISW_FILE                          ; soc_system/synthesis/submodules/sequencer/sequencer_auto_inst_init.pre.c  ; --            ; soc_system_hps_0_hps_io_border ; --             ;
; HPS_ISW_FILE                          ; soc_system/synthesis/submodules/sequencer/sequencer_defines.pre.h         ; --            ; soc_system_hps_0_hps_io_border ; --             ;
; HPS_ISW_FILE                          ; soc_system/synthesis/submodules/sequencer/system.pre.h                    ; --            ; soc_system_hps_0_hps_io_border ; --             ;
; HPS_ISW_FILE                          ; soc_system/synthesis/submodules/sequencer/tclrpt.pre.c                    ; --            ; soc_system_hps_0_hps_io_border ; --             ;
; HPS_ISW_FILE                          ; soc_system/synthesis/submodules/sequencer/tclrpt.pre.h                    ; --            ; soc_system_hps_0_hps_io_border ; --             ;
; HPS_ISW_FILE                          ; soc_system/synthesis/submodules/hps.pre.xml                               ; --            ; soc_system_hps_0_hps_io_border ; --             ;
; HPS_PARTITION                         ; On                                                                        ; --            ; soc_system_hps_0_hps_io_border ; --             ;
; MAX_CORE_JUNCTION_TEMP                ; 85                                                                        ; --            ; --                             ; --             ;
; MIN_CORE_JUNCTION_TEMP                ; 0                                                                         ; --            ; --                             ; --             ;
; MISC_FILE                             ; soc_system/synthesis/../soc_system.cmp                                    ; --            ; --                             ; --             ;
; MISC_FILE                             ; soc_system/synthesis/../../C                                              ; --            ; --                             ; --             ;
; MISC_FILE                             ; soc_system/synthesis/soc_system_hps_0_hps.svd                             ; --            ; --                             ; --             ;
; MISC_FILE                             ; soc_system/synthesis/../../soc_system.qsys                                ; --            ; --                             ; --             ;
; MISC_FILE                             ; soc_system/synthesis/submodules/sequencer/alt_types.pre.h                 ; --            ; --                             ; --             ;
; MISC_FILE                             ; soc_system/synthesis/submodules/sequencer/emif.pre.xml                    ; --            ; --                             ; --             ;
; MISC_FILE                             ; soc_system/synthesis/submodules/sequencer/sdram_io.pre.h                  ; --            ; --                             ; --             ;
; MISC_FILE                             ; soc_system/synthesis/submodules/sequencer/sequencer.pre.c                 ; --            ; --                             ; --             ;
; MISC_FILE                             ; soc_system/synthesis/submodules/sequencer/sequencer.pre.h                 ; --            ; --                             ; --             ;
; MISC_FILE                             ; soc_system/synthesis/submodules/sequencer/sequencer_auto.pre.h            ; --            ; --                             ; --             ;
; MISC_FILE                             ; soc_system/synthesis/submodules/sequencer/sequencer_auto_ac_init.pre.c    ; --            ; --                             ; --             ;
; MISC_FILE                             ; soc_system/synthesis/submodules/sequencer/sequencer_auto_inst_init.pre.c  ; --            ; --                             ; --             ;
; MISC_FILE                             ; soc_system/synthesis/submodules/sequencer/sequencer_defines.pre.h         ; --            ; --                             ; --             ;
; MISC_FILE                             ; soc_system/synthesis/submodules/sequencer/system.pre.h                    ; --            ; --                             ; --             ;
; MISC_FILE                             ; soc_system/synthesis/submodules/sequencer/tclrpt.pre.c                    ; --            ; --                             ; --             ;
; MISC_FILE                             ; soc_system/synthesis/submodules/sequencer/tclrpt.pre.h                    ; --            ; --                             ; --             ;
; MISC_FILE                             ; soc_system/synthesis/submodules/hps.pre.xml                               ; --            ; --                             ; --             ;
; MISC_FILE                             ; ip/altsource_probe/hps_reset/hps_reset/synthesis/../hps_reset.cmp         ; --            ; --                             ; --             ;
; MISC_FILE                             ; ip/altsource_probe/hps_reset/hps_reset/synthesis/../../hps_reset.qsys     ; --            ; --                             ; --             ;
; MISC_FILE                             ; ip/vga_pll/vga_pll/vga_pll.cmp                                            ; --            ; --                             ; --             ;
; MISC_FILE                             ; ip/vga_pll/vga_pll/vga_pll_sim/vga_pll.vo                                 ; --            ; --                             ; --             ;
; MUX_RESTRUCTURE                       ; Off                                                                       ; Auto          ; --                             ; --             ;
; OPTIMIZATION_MODE                     ; Aggressive Performance                                                    ; Balanced      ; --                             ; --             ;
; OPTIMIZATION_TECHNIQUE                ; Speed                                                                     ; Balanced      ; --                             ; --             ;
; PARTITION_COLOR                       ; -- (Not supported for targeted family)                                    ; --            ; --                             ; Top            ;
; PARTITION_FITTER_PRESERVATION_LEVEL   ; -- (Not supported for targeted family)                                    ; --            ; --                             ; Top            ;
; PARTITION_NETLIST_TYPE                ; -- (Not supported for targeted family)                                    ; --            ; --                             ; Top            ;
; PHYSICAL_SYNTHESIS_COMBO_LOGIC        ; On                                                                        ; Off           ; --                             ; --             ;
; PHYSICAL_SYNTHESIS_REGISTER_RETIMING  ; On                                                                        ; Off           ; --                             ; --             ;
; PLACEMENT_EFFORT_MULTIPLIER           ; 4.0                                                                       ; 1.0           ; --                             ; --             ;
; POWER_BOARD_THERMAL_MODEL             ; None (CONSERVATIVE)                                                       ; --            ; --                             ; --             ;
; POWER_PRESET_COOLING_SOLUTION         ; 23 MM HEAT SINK WITH 200 LFPM AIRFLOW                                     ; --            ; --                             ; --             ;
; PROJECT_OUTPUT_DIRECTORY              ; output_files                                                              ; --            ; --                             ; --             ;
; ROUTER_TIMING_OPTIMIZATION_LEVEL      ; MAXIMUM                                                                   ; Normal        ; --                             ; --             ;
; SLD_FILE                              ; soc_system/synthesis/soc_system.regmap                                    ; --            ; --                             ; --             ;
; SLD_FILE                              ; soc_system/synthesis/soc_system.debuginfo                                 ; --            ; --                             ; --             ;
; SLD_FILE                              ; ip/altsource_probe/hps_reset/hps_reset/synthesis/hps_reset.debuginfo      ; --            ; --                             ; --             ;
; SLD_INFO                              ; QSYS_NAME hps_reset HAS_SOPCINFO 1 GENERATION_ID 1785650358               ; --            ; hps_reset                      ; --             ;
; SLD_INFO                              ; QSYS_NAME soc_system HAS_SOPCINFO 1 GENERATION_ID 1785813837              ; --            ; soc_system                     ; --             ;
; SMART_RECOMPILE                       ; On                                                                        ; Off           ; --                             ; --             ;
; SOPCINFO_FILE                         ; soc_system/synthesis/../../soc_system.sopcinfo                            ; --            ; --                             ; --             ;
; SOPCINFO_FILE                         ; ip/altsource_probe/hps_reset/hps_reset/synthesis/../../hps_reset.sopcinfo ; --            ; --                             ; --             ;
; SPD_FILE                              ; ip/vga_pll/vga_pll/vga_pll.spd                                            ; --            ; --                             ; --             ;
; SYNTHESIS_ONLY_QIP                    ; On                                                                        ; --            ; --                             ; --             ;
; SYNTHESIS_ONLY_QIP                    ; On                                                                        ; --            ; --                             ; --             ;
; SYNTHESIS_ONLY_QIP                    ; On                                                                        ; --            ; --                             ; --             ;
; USE_DLL_FREQUENCY_FOR_DQS_DELAY_CHAIN ; On                                                                        ; Off           ; --                             ; --             ;
+---------------------------------------+---------------------------------------------------------------------------+---------------+--------------------------------+----------------+


+-------------------------------------------------------------------------------------------------------------------------------+
; Flow Elapsed Time                                                                                                             ;
+---------------------------+--------------+-------------------------+---------------------+------------------------------------+
; Module Name               ; Elapsed Time ; Average Processors Used ; Peak Virtual Memory ; Total CPU Time (on all processors) ;
+---------------------------+--------------+-------------------------+---------------------+------------------------------------+
; Analysis & Synthesis      ; 00:02:37     ; 2.0                     ; 13968 MB            ; 00:05:35                           ;
; Fitter                    ; 00:12:50     ; 1.2                     ; 16924 MB            ; 00:42:43                           ;
; Assembler                 ; 00:00:33     ; 1.0                     ; 13526 MB            ; 00:00:33                           ;
; TimeQuest Timing Analyzer ; 00:01:41     ; 1.6                     ; 14386 MB            ; 00:02:27                           ;
; EDA Netlist Writer        ; 00:00:17     ; 1.0                     ; 13589 MB            ; 00:00:17                           ;
; Total                     ; 00:17:58     ; --                      ; --                  ; 00:51:35                           ;
+---------------------------+--------------+-------------------------+---------------------+------------------------------------+


+-----------------------------------------------------------------------------------------+
; Flow OS Summary                                                                         ;
+---------------------------+------------------+------------+------------+----------------+
; Module Name               ; Machine Hostname ; OS Name    ; OS Version ; Processor type ;
+---------------------------+------------------+------------+------------+----------------+
; Analysis & Synthesis      ; Alexis1          ; Windows 10 ; 10.0       ; x86_64         ;
; Fitter                    ; Alexis1          ; Windows 10 ; 10.0       ; x86_64         ;
; Assembler                 ; Alexis1          ; Windows 10 ; 10.0       ; x86_64         ;
; TimeQuest Timing Analyzer ; Alexis1          ; Windows 10 ; 10.0       ; x86_64         ;
; EDA Netlist Writer        ; Alexis1          ; Windows 10 ; 10.0       ; x86_64         ;
+---------------------------+------------------+------------+------------+----------------+


------------
; Flow Log ;
------------
quartus_map --read_settings_files=on --write_settings_files=off hps -c hps
quartus_fit --read_settings_files=off --write_settings_files=off hps -c hps
quartus_asm --read_settings_files=off --write_settings_files=off hps -c hps
quartus_sta hps -c hps
quartus_eda --read_settings_files=off --write_settings_files=off hps -c hps



