Assembler report for fpga_vga
Sun Aug 09 19:36:22 2026
Quartus Prime Version 16.1.0 Build 196 10/24/2016 SJ Standard Edition


---------------------
; Table of Contents ;
---------------------
  1. Legal Notice
  2. Assembler Summary
  3. Assembler Settings
  4. Assembler Generated Files
  5. Assembler Device Options: C:/intelFPGA/prj/VGA/Quartus/output_files/fpga_vga.sof
  6. Assembler Messages



----------------
; Legal Notice ;
----------------
Copyright (C) 2016  Intel Corporation. All rights reserved.
Your use of Intel Corporation's design tools, logic functions 
and other software and tools, and its AMPP partner logic 
functions, and any output files from any of the foregoing 
(including device programming or simulation files), and any 
associated documentation or information are expressly subject 
to the terms and conditions of the Intel Program License 
Subscription Agreement, the Intel Quartus Prime License Agreement,
the Intel MegaCore Function License Agreement, or other 
applicable license agreement, including, without limitation, 
that your use is for the sole purpose of programming logic 
devices manufactured by Intel and sold by Intel or its 
authorized distributors.  Please refer to the applicable 
agreement for further details.



+---------------------------------------------------------------+
; Assembler Summary                                             ;
+-----------------------+---------------------------------------+
; Assembler Status      ; Successful - Sun Aug 09 19:36:22 2026 ;
; Revision Name         ; fpga_vga                              ;
; Top-level Entity Name ; fpga_vga                              ;
; Family                ; Cyclone V                             ;
; Device                ; 5CSXFC6D6F31C6                        ;
+-----------------------+---------------------------------------+


+----------------------------------+
; Assembler Settings               ;
+--------+---------+---------------+
; Option ; Setting ; Default Value ;
+--------+---------+---------------+


+--------------------------------------------------------+
; Assembler Generated Files                              ;
+--------------------------------------------------------+
; File Name                                              ;
+--------------------------------------------------------+
; C:/intelFPGA/prj/VGA/Quartus/output_files/fpga_vga.sof ;
+--------------------------------------------------------+


+----------------------------------------------------------------------------------+
; Assembler Device Options: C:/intelFPGA/prj/VGA/Quartus/output_files/fpga_vga.sof ;
+----------------+-----------------------------------------------------------------+
; Option         ; Setting                                                         ;
+----------------+-----------------------------------------------------------------+
; Device         ; 5CSXFC6D6F31C6                                                  ;
; JTAG usercode  ; 0x00B0160C                                                      ;
; Checksum       ; 0x00B0160C                                                      ;
+----------------+-----------------------------------------------------------------+


+--------------------+
; Assembler Messages ;
+--------------------+
Info: *******************************************************************
Info: Running Quartus Prime Assembler
    Info: Version 16.1.0 Build 196 10/24/2016 SJ Standard Edition
    Info: Processing started: Sun Aug 09 19:36:03 2026
Info: Command: quartus_asm --read_settings_files=off --write_settings_files=off fpga_vga -c fpga_vga
Warning (18236): Number of processors has not been specified which may cause overloading on shared machines.  Set the global assignment NUM_PARALLEL_PROCESSORS in your QSF to an appropriate value for best performance.
Info (115030): Assembler is generating device programming files
Info: Quartus Prime Assembler was successful. 0 errors, 1 warning
    Info: Peak virtual memory: 13386 megabytes
    Info: Processing ended: Sun Aug 09 19:36:22 2026
    Info: Elapsed time: 00:00:19
    Info: Total CPU time (on all processors): 00:00:13


