Flow report for hps_pio
Fri Aug 07 10:58:31 2026
Quartus Prime Version 16.1.0 Build 196 10/24/2016 SJ Standard Edition


---------------------
; Table of Contents ;
---------------------
  1. Legal Notice
  2. Flow Summary
  3. Flow Settings
  4. Flow Non-Default Global Settings
  5. Flow Elapsed Time
  6. Flow OS Summary
  7. Flow Log
  8. Flow Messages
  9. Flow Suppressed Messages



----------------
; Legal Notice ;
----------------
Copyright (C) 2016  Intel Corporation. All rights reserved.
Your use of Intel Corporation's design tools, logic functions 
and other software and tools, and its AMPP partner logic 
functions, and any output files from any of the foregoing 
(including device programming or simulation files), and any 
associated documentation or information are expressly subject 
to the terms and conditions of the Intel Program License 
Subscription Agreement, the Intel Quartus Prime License Agreement,
the Intel MegaCore Function License Agreement, or other 
applicable license agreement, including, without limitation, 
that your use is for the sole purpose of programming logic 
devices manufactured by Intel and sold by Intel or its 
authorized distributors.  Please refer to the applicable 
agreement for further details.



+-----------------------------------------------------------------------------------+
; Flow Summary                                                                      ;
+---------------------------------+-------------------------------------------------+
; Flow Status                     ; Successful - Fri Aug 07 10:58:31 2026           ;
; Quartus Prime Version           ; 16.1.0 Build 196 10/24/2016 SJ Standard Edition ;
; Revision Name                   ; hps_pio                                         ;
; Top-level Entity Name           ; hps_pio                                         ;
; Family                          ; Cyclone V                                       ;
; Device                          ; 5CSXFC6D6F31C6                                  ;
; Timing Models                   ; Final                                           ;
; Logic utilization (in ALMs)     ; 4,813 / 41,910 ( 11 % )                         ;
; Total registers                 ; 7971                                            ;
; Total pins                      ; 338 / 499 ( 68 % )                              ;
; Total virtual pins              ; 0                                               ;
; Total block memory bits         ; 62,302 / 5,662,720 ( 1 % )                      ;
; Total DSP Blocks                ; 0 / 112 ( 0 % )                                 ;
; Total HSSI RX PCSs              ; 0 / 9 ( 0 % )                                   ;
; Total HSSI PMA RX Deserializers ; 0 / 9 ( 0 % )                                   ;
; Total HSSI TX PCSs              ; 0 / 9 ( 0 % )                                   ;
; Total HSSI PMA TX Serializers   ; 0 / 9 ( 0 % )                                   ;
; Total PLLs                      ; 1 / 15 ( 7 % )                                  ;
; Total DLLs                      ; 1 / 4 ( 25 % )                                  ;
+---------------------------------+-------------------------------------------------+


+-----------------------------------------+
; Flow Settings                           ;
+-------------------+---------------------+
; Option            ; Setting             ;
+-------------------+---------------------+
; Start date & time ; 08/07/2026 10:35:48 ;
; Main task         ; Compilation         ;
; Revision Name     ; hps_pio             ;
+-------------------+---------------------+


+------------------------------------------------------------------------------------------------------------------------------------------------------------------------------------------------------+
; Flow Non-Default Global Settings                                                                                                                                                                     ;
+---------------------------------------+--------------------------------------------------------------------------------------------+---------------+--------------------------------+----------------+
; Assignment Name                       ; Value                                                                                      ; Default Value ; Entity Name                    ; Section Id     ;
+---------------------------------------+--------------------------------------------------------------------------------------------+---------------+--------------------------------+----------------+
; COMPILER_SIGNATURE_ID                 ; 52228710827.178607373807768                                                                ; --            ; --                             ; --             ;
; ECO_REGENERATE_REPORT                 ; On                                                                                         ; Off           ; --                             ; --             ;
; EDA_OUTPUT_DATA_FORMAT                ; Verilog Hdl                                                                                ; --            ; --                             ; eda_simulation ;
; EDA_SIMULATION_TOOL                   ; ModelSim-Altera (Verilog)                                                                  ; <None>        ; --                             ; --             ;
; EDA_TIME_SCALE                        ; 1 ps                                                                                       ; --            ; --                             ; eda_simulation ;
; HPS_ISW_FILE                          ; ../RTL/soc_system/soc_system/synthesis/submodules/sequencer/alt_types.pre.h                ; --            ; soc_system_hps_0_hps_io_border ; --             ;
; HPS_ISW_FILE                          ; ../RTL/soc_system/soc_system/synthesis/submodules/sequencer/emif.pre.xml                   ; --            ; soc_system_hps_0_hps_io_border ; --             ;
; HPS_ISW_FILE                          ; ../RTL/soc_system/soc_system/synthesis/submodules/sequencer/sdram_io.pre.h                 ; --            ; soc_system_hps_0_hps_io_border ; --             ;
; HPS_ISW_FILE                          ; ../RTL/soc_system/soc_system/synthesis/submodules/sequencer/sequencer.pre.c                ; --            ; soc_system_hps_0_hps_io_border ; --             ;
; HPS_ISW_FILE                          ; ../RTL/soc_system/soc_system/synthesis/submodules/sequencer/sequencer.pre.h                ; --            ; soc_system_hps_0_hps_io_border ; --             ;
; HPS_ISW_FILE                          ; ../RTL/soc_system/soc_system/synthesis/submodules/sequencer/sequencer_auto.pre.h           ; --            ; soc_system_hps_0_hps_io_border ; --             ;
; HPS_ISW_FILE                          ; ../RTL/soc_system/soc_system/synthesis/submodules/sequencer/sequencer_auto_ac_init.pre.c   ; --            ; soc_system_hps_0_hps_io_border ; --             ;
; HPS_ISW_FILE                          ; ../RTL/soc_system/soc_system/synthesis/submodules/sequencer/sequencer_auto_inst_init.pre.c ; --            ; soc_system_hps_0_hps_io_border ; --             ;
; HPS_ISW_FILE                          ; ../RTL/soc_system/soc_system/synthesis/submodules/sequencer/sequencer_defines.pre.h        ; --            ; soc_system_hps_0_hps_io_border ; --             ;
; HPS_ISW_FILE                          ; ../RTL/soc_system/soc_system/synthesis/submodules/sequencer/system.pre.h                   ; --            ; soc_system_hps_0_hps_io_border ; --             ;
; HPS_ISW_FILE                          ; ../RTL/soc_system/soc_system/synthesis/submodules/sequencer/tclrpt.pre.c                   ; --            ; soc_system_hps_0_hps_io_border ; --             ;
; HPS_ISW_FILE                          ; ../RTL/soc_system/soc_system/synthesis/submodules/sequencer/tclrpt.pre.h                   ; --            ; soc_system_hps_0_hps_io_border ; --             ;
; HPS_ISW_FILE                          ; ../RTL/soc_system/soc_system/synthesis/submodules/hps.pre.xml                              ; --            ; soc_system_hps_0_hps_io_border ; --             ;
; HPS_PARTITION                         ; On                                                                                         ; --            ; soc_system_hps_0_hps_io_border ; --             ;
; MAX_CORE_JUNCTION_TEMP                ; 85                                                                                         ; --            ; --                             ; --             ;
; MIN_CORE_JUNCTION_TEMP                ; 0                                                                                          ; --            ; --                             ; --             ;
; MISC_FILE                             ; ../RTL/soc_system/soc_system/synthesis/../soc_system.cmp                                   ; --            ; --                             ; --             ;
; MISC_FILE                             ; ../RTL/soc_system/soc_system/synthesis/../../../../Quartus/C                               ; --            ; --                             ; --             ;
; MISC_FILE                             ; ../RTL/soc_system/soc_system/synthesis/soc_system_hps_0_hps.svd                            ; --            ; --                             ; --             ;
; MISC_FILE                             ; ../RTL/soc_system/soc_system/synthesis/../../soc_system.qsys                               ; --            ; --                             ; --             ;
; MISC_FILE                             ; ../RTL/soc_system/soc_system/synthesis/submodules/sequencer/alt_types.pre.h                ; --            ; --                             ; --             ;
; MISC_FILE                             ; ../RTL/soc_system/soc_system/synthesis/submodules/sequencer/emif.pre.xml                   ; --            ; --                             ; --             ;
; MISC_FILE                             ; ../RTL/soc_system/soc_system/synthesis/submodules/sequencer/sdram_io.pre.h                 ; --            ; --                             ; --             ;
; MISC_FILE                             ; ../RTL/soc_system/soc_system/synthesis/submodules/sequencer/sequencer.pre.c                ; --            ; --                             ; --             ;
; MISC_FILE                             ; ../RTL/soc_system/soc_system/synthesis/submodules/sequencer/sequencer.pre.h                ; --            ; --                             ; --             ;
; MISC_FILE                             ; ../RTL/soc_system/soc_system/synthesis/submodules/sequencer/sequencer_auto.pre.h           ; --            ; --                             ; --             ;
; MISC_FILE                             ; ../RTL/soc_system/soc_system/synthesis/submodules/sequencer/sequencer_auto_ac_init.pre.c   ; --            ; --                             ; --             ;
; MISC_FILE                             ; ../RTL/soc_system/soc_system/synthesis/submodules/sequencer/sequencer_auto_inst_init.pre.c ; --            ; --                             ; --             ;
; MISC_FILE                             ; ../RTL/soc_system/soc_system/synthesis/submodules/sequencer/sequencer_defines.pre.h        ; --            ; --                             ; --             ;
; MISC_FILE                             ; ../RTL/soc_system/soc_system/synthesis/submodules/sequencer/system.pre.h                   ; --            ; --                             ; --             ;
; MISC_FILE                             ; ../RTL/soc_system/soc_system/synthesis/submodules/sequencer/tclrpt.pre.c                   ; --            ; --                             ; --             ;
; MISC_FILE                             ; ../RTL/soc_system/soc_system/synthesis/submodules/sequencer/tclrpt.pre.h                   ; --            ; --                             ; --             ;
; MISC_FILE                             ; ../RTL/soc_system/soc_system/synthesis/submodules/hps.pre.xml                              ; --            ; --                             ; --             ;
; MISC_FILE                             ; ../RTL/ip/altsource_probe/hps_reset/hps_reset/synthesis/../hps_reset.cmp                   ; --            ; --                             ; --             ;
; MISC_FILE                             ; ../RTL/ip/altsource_probe/hps_reset/hps_reset/synthesis/../../hps_reset.qsys               ; --            ; --                             ; --             ;
; MISC_FILE                             ; ../RTL/ip/vga_pll/vga_pll/vga_pll.cmp                                                      ; --            ; --                             ; --             ;
; MISC_FILE                             ; ../RTL/ip/vga_pll/vga_pll/vga_pll_sim/vga_pll.vo                                           ; --            ; --                             ; --             ;
; PARTITION_COLOR                       ; -- (Not supported for targeted family)                                                     ; --            ; --                             ; Top            ;
; PARTITION_FITTER_PRESERVATION_LEVEL   ; -- (Not supported for targeted family)                                                     ; --            ; --                             ; Top            ;
; PARTITION_NETLIST_TYPE                ; -- (Not supported for targeted family)                                                     ; --            ; --                             ; Top            ;
; POWER_BOARD_THERMAL_MODEL             ; None (CONSERVATIVE)                                                                        ; --            ; --                             ; --             ;
; POWER_PRESET_COOLING_SOLUTION         ; 23 MM HEAT SINK WITH 200 LFPM AIRFLOW                                                      ; --            ; --                             ; --             ;
; PROJECT_OUTPUT_DIRECTORY              ; C:\intelFPGA\prj\HPS\Quartus\output_files                                                  ; --            ; --                             ; --             ;
; SLD_FILE                              ; ../RTL/soc_system/soc_system/synthesis/soc_system.regmap                                   ; --            ; --                             ; --             ;
; SLD_FILE                              ; ../RTL/soc_system/soc_system/synthesis/soc_system.debuginfo                                ; --            ; --                             ; --             ;
; SLD_FILE                              ; ../RTL/ip/altsource_probe/hps_reset/hps_reset/synthesis/hps_reset.debuginfo                ; --            ; --                             ; --             ;
; SLD_INFO                              ; QSYS_NAME hps_reset HAS_SOPCINFO 1 GENERATION_ID 1786007143                                ; --            ; hps_reset                      ; --             ;
; SLD_INFO                              ; QSYS_NAME soc_system HAS_SOPCINFO 1 GENERATION_ID 1786068219                               ; --            ; soc_system                     ; --             ;
; SMART_RECOMPILE                       ; On                                                                                         ; Off           ; --                             ; --             ;
; SOPCINFO_FILE                         ; ../RTL/soc_system/soc_system/synthesis/../../soc_system.sopcinfo                           ; --            ; --                             ; --             ;
; SOPCINFO_FILE                         ; ../RTL/ip/altsource_probe/hps_reset/hps_reset/synthesis/../../hps_reset.sopcinfo           ; --            ; --                             ; --             ;
; SPD_FILE                              ; ../RTL/ip/vga_pll/vga_pll/vga_pll.spd                                                      ; --            ; --                             ; --             ;
; SYNTHESIS_ONLY_QIP                    ; On                                                                                         ; --            ; --                             ; --             ;
; SYNTHESIS_ONLY_QIP                    ; On                                                                                         ; --            ; --                             ; --             ;
; SYNTHESIS_ONLY_QIP                    ; On                                                                                         ; --            ; --                             ; --             ;
; USE_DLL_FREQUENCY_FOR_DQS_DELAY_CHAIN ; On                                                                                         ; Off           ; --                             ; --             ;
+---------------------------------------+--------------------------------------------------------------------------------------------+---------------+--------------------------------+----------------+


+-------------------------------------------------------------------------------------------------------------------------------+
; Flow Elapsed Time                                                                                                             ;
+---------------------------+--------------+-------------------------+---------------------+------------------------------------+
; Module Name               ; Elapsed Time ; Average Processors Used ; Peak Virtual Memory ; Total CPU Time (on all processors) ;
+---------------------------+--------------+-------------------------+---------------------+------------------------------------+
; Analysis & Synthesis      ; 00:02:46     ; 1.9                     ; 13975 MB            ; 00:05:30                           ;
; Fitter                    ; 00:11:29     ; 1.2                     ; 16776 MB            ; 00:39:50                           ;
; Assembler                 ; 00:00:39     ; 1.0                     ; 13524 MB            ; 00:00:35                           ;
; TimeQuest Timing Analyzer ; 00:01:43     ; 1.7                     ; 14386 MB            ; 00:02:32                           ;
; EDA Netlist Writer        ; 00:00:17     ; 1.0                     ; 13592 MB            ; 00:00:17                           ;
; Total                     ; 00:16:54     ; --                      ; --                  ; 00:48:44                           ;
+---------------------------+--------------+-------------------------+---------------------+------------------------------------+


+-----------------------------------------------------------------------------------------+
; Flow OS Summary                                                                         ;
+---------------------------+------------------+------------+------------+----------------+
; Module Name               ; Machine Hostname ; OS Name    ; OS Version ; Processor type ;
+---------------------------+------------------+------------+------------+----------------+
; Analysis & Synthesis      ; Alexis1          ; Windows 10 ; 10.0       ; x86_64         ;
; Fitter                    ; Alexis1          ; Windows 10 ; 10.0       ; x86_64         ;
; Assembler                 ; Alexis1          ; Windows 10 ; 10.0       ; x86_64         ;
; TimeQuest Timing Analyzer ; Alexis1          ; Windows 10 ; 10.0       ; x86_64         ;
; EDA Netlist Writer        ; Alexis1          ; Windows 10 ; 10.0       ; x86_64         ;
+---------------------------+------------------+------------+------------+----------------+


------------
; Flow Log ;
------------
quartus_map --read_settings_files=on --write_settings_files=off hps_pio -c hps_pio
quartus_fit --read_settings_files=off --write_settings_files=off hps_pio -c hps_pio
quartus_asm --read_settings_files=off --write_settings_files=off hps_pio -c hps_pio
quartus_sta hps_pio -c hps_pio
quartus_eda --read_settings_files=off --write_settings_files=off hps_pio -c hps_pio



