Info: Starting: Create block symbol file (.bsf)
Info: qsys-generate C:\intelFPGA\prj\HPS\RTL\soc_system\soc_system.qsys --block-symbol-file --output-directory=C:\intelFPGA\prj\HPS\RTL\soc_system\soc_system --family="Cyclone V" --part=5CSXFC6D6F31C6
Progress: Loading soc_system/soc_system.qsys
Progress: Reading input file
Progress: Adding ILC [interrupt_latency_counter 16.1]
Progress: Parameterizing module ILC
Progress: Adding alt_vip_itc_0 [alt_vip_itc 14.0]
Progress: Parameterizing module alt_vip_itc_0
Progress: Adding alt_vip_vfr_0 [alt_vip_vfr 14.0]
Progress: Parameterizing module alt_vip_vfr_0
Progress: Adding button_pio [altera_avalon_pio 16.1]
Progress: Parameterizing module button_pio
Progress: Adding clk_0 [clock_source 16.1]
Progress: Parameterizing module clk_0
Progress: Adding dipsw_pio [altera_avalon_pio 16.1]
Progress: Parameterizing module dipsw_pio
Progress: Adding f2sdram_only_master [altera_jtag_avalon_master 16.1]
Progress: Parameterizing module f2sdram_only_master
Progress: Adding fpga_only_master [altera_jtag_avalon_master 16.1]
Progress: Parameterizing module fpga_only_master
Progress: Adding hps_0 [altera_hps 16.1]
Progress: Parameterizing module hps_0
Progress: Adding hps_only_master [altera_jtag_avalon_master 16.1]
Progress: Parameterizing module hps_only_master
Progress: Adding jtag_uart [altera_avalon_jtag_uart 16.1]
Progress: Parameterizing module jtag_uart
Progress: Adding led_pio [altera_avalon_pio 16.1]
Progress: Parameterizing module led_pio
Progress: Adding mm_bridge_0 [altera_avalon_mm_bridge 16.1]
Progress: Parameterizing module mm_bridge_0
Progress: Adding sysid_qsys [altera_avalon_sysid_qsys 16.1]
Progress: Parameterizing module sysid_qsys
Progress: Adding vga_stream [altera_clock_bridge 16.1]
Progress: Parameterizing module vga_stream
Progress: Building connections
Progress: Parameterizing connections
Progress: Validating
Progress: Done reading input file
Warning: soc_system.alt_vip_vfr_0: The module properties SIMULATION_MODEL_IN_VERILOG and SIMULATION_MODEL_IN_VHDL can not both be set when using the SIMULATION file property: src_hdl/alt_vipvfr131_vfr.v, src_hdl/alt_vipvfr131_vfr_controller.v, src_hdl/alt_vipvfr131_vfr_control_packet_encoder.v, src_hdl/alt_vipvfr131_prc.v, src_hdl/alt_vipvfr131_prc_core.v, src_hdl/alt_vipvfr131_prc_read_master.v, C:/intelfpga/16.1/ip/altera/frame_reader/common_hdl/alt_vipvfr131_common_package.vhd, C:/intelfpga/16.1/ip/altera/frame_reader/common_hdl/alt_vipvfr131_common_avalon_mm_bursting_master_fifo.vhd, C:/intelfpga/16.1/ip/altera/frame_reader/common_hdl/alt_vipvfr131_common_avalon_mm_master.v, C:/intelfpga/16.1/ip/altera/frame_reader/common_hdl/alt_vipvfr131_common_unpack_data.v, C:/intelfpga/16.1/ip/altera/frame_reader/common_hdl/alt_vipvfr131_common_avalon_mm_slave.v, C:/intelfpga/16.1/ip/altera/frame_reader/common_hdl/alt_vipvfr131_common_stream_output.v, C:/intelfpga/16.1/ip/altera/frame_reader/common_hdl/alt_vipvfr131_common_pulling_width_adapter.vhd, C:/intelfpga/16.1/ip/altera/frame_reader/common_hdl/alt_vipvfr131_common_general_fifo.vhd, C:/intelfpga/16.1/ip/altera/frame_reader/common_hdl/alt_vipvfr131_common_fifo_usedw_calculator.vhd, C:/intelfpga/16.1/ip/altera/frame_reader/common_hdl/alt_vipvfr131_common_gray_clock_crosser.vhd, C:/intelfpga/16.1/ip/altera/frame_reader/common_hdl/alt_vipvfr131_common_std_logic_vector_delay.vhd, C:/intelfpga/16.1/ip/altera/frame_reader/common_hdl/alt_vipvfr131_common_one_bit_delay.vhd, C:/intelfpga/16.1/ip/altera/frame_reader/common_hdl/alt_vipvfr131_common_logic_fifo.vhd, C:/intelfpga/16.1/ip/altera/frame_reader/common_hdl/alt_vipvfr131_common_ram_fifo.vhd
Info: soc_system.button_pio: PIO inputs are not hardwired in test bench. Undefined values will be read from PIO inputs during simulation.
Info: soc_system.dipsw_pio: PIO inputs are not hardwired in test bench. Undefined values will be read from PIO inputs during simulation.
Info: soc_system.hps_0: HPS Main PLL counter settings: n = 0  m = 73
Info: soc_system.hps_0: HPS peripherial PLL counter settings: n = 0  m = 39
Warning: soc_system.hps_0: "Configuration/HPS-to-FPGA user 0 clock frequency" (desired_cfg_clk_mhz) requested 100.0 MHz, but only achieved 97.368421 MHz
Warning: soc_system.hps_0: "QSPI clock frequency" (desired_qspi_clk_mhz) requested 400.0 MHz, but only achieved 370.0 MHz
Warning: soc_system.hps_0: 1 or more output clock frequencies cannot be achieved precisely, consider revising desired output clock frequencies.
Info: soc_system.jtag_uart: JTAG UART IP input clock need to be at least double (2x) the operating frequency of JTAG TCK on board
Info: soc_system.sysid_qsys: System ID is not assigned automatically. Edit the System ID parameter to provide a unique ID
Info: soc_system.sysid_qsys: Time stamp will be automatically updated when this component is generated.
Warning: soc_system.alt_vip_vfr_0: Interrupt sender alt_vip_vfr_0.interrupt_sender is not connected to an interrupt receiver
Info: qsys-generate succeeded.
Info: Finished: Create block symbol file (.bsf)
Info: 
Info: Starting: Create HDL design files for synthesis
Info: qsys-generate C:\intelFPGA\prj\HPS\RTL\soc_system\soc_system.qsys --synthesis=VERILOG --output-directory=C:\intelFPGA\prj\HPS\RTL\soc_system\soc_system\synthesis --family="Cyclone V" --part=5CSXFC6D6F31C6
Progress: Loading soc_system/soc_system.qsys
Progress: Reading input file
Progress: Adding ILC [interrupt_latency_counter 16.1]
Progress: Parameterizing module ILC
Progress: Adding alt_vip_itc_0 [alt_vip_itc 14.0]
Progress: Parameterizing module alt_vip_itc_0
Progress: Adding alt_vip_vfr_0 [alt_vip_vfr 14.0]
Progress: Parameterizing module alt_vip_vfr_0
Progress: Adding button_pio [altera_avalon_pio 16.1]
Progress: Parameterizing module button_pio
Progress: Adding clk_0 [clock_source 16.1]
Progress: Parameterizing module clk_0
Progress: Adding dipsw_pio [altera_avalon_pio 16.1]
Progress: Parameterizing module dipsw_pio
Progress: Adding f2sdram_only_master [altera_jtag_avalon_master 16.1]
Progress: Parameterizing module f2sdram_only_master
Progress: Adding fpga_only_master [altera_jtag_avalon_master 16.1]
Progress: Parameterizing module fpga_only_master
Progress: Adding hps_0 [altera_hps 16.1]
Progress: Parameterizing module hps_0
Progress: Adding hps_only_master [altera_jtag_avalon_master 16.1]
Progress: Parameterizing module hps_only_master
Progress: Adding jtag_uart [altera_avalon_jtag_uart 16.1]
Progress: Parameterizing module jtag_uart
Progress: Adding led_pio [altera_avalon_pio 16.1]
Progress: Parameterizing module led_pio
Progress: Adding mm_bridge_0 [altera_avalon_mm_bridge 16.1]
Progress: Parameterizing module mm_bridge_0
Progress: Adding sysid_qsys [altera_avalon_sysid_qsys 16.1]
Progress: Parameterizing module sysid_qsys
Progress: Adding vga_stream [altera_clock_bridge 16.1]
Progress: Parameterizing module vga_stream
Progress: Building connections
Progress: Parameterizing connections
Progress: Validating
Progress: Done reading input file
Warning: soc_system.alt_vip_vfr_0: The module properties SIMULATION_MODEL_IN_VERILOG and SIMULATION_MODEL_IN_VHDL can not both be set when using the SIMULATION file property: src_hdl/alt_vipvfr131_vfr.v, src_hdl/alt_vipvfr131_vfr_controller.v, src_hdl/alt_vipvfr131_vfr_control_packet_encoder.v, src_hdl/alt_vipvfr131_prc.v, src_hdl/alt_vipvfr131_prc_core.v, src_hdl/alt_vipvfr131_prc_read_master.v, C:/intelfpga/16.1/ip/altera/frame_reader/common_hdl/alt_vipvfr131_common_package.vhd, C:/intelfpga/16.1/ip/altera/frame_reader/common_hdl/alt_vipvfr131_common_avalon_mm_bursting_master_fifo.vhd, C:/intelfpga/16.1/ip/altera/frame_reader/common_hdl/alt_vipvfr131_common_avalon_mm_master.v, C:/intelfpga/16.1/ip/altera/frame_reader/common_hdl/alt_vipvfr131_common_unpack_data.v, C:/intelfpga/16.1/ip/altera/frame_reader/common_hdl/alt_vipvfr131_common_avalon_mm_slave.v, C:/intelfpga/16.1/ip/altera/frame_reader/common_hdl/alt_vipvfr131_common_stream_output.v, C:/intelfpga/16.1/ip/altera/frame_reader/common_hdl/alt_vipvfr131_common_pulling_width_adapter.vhd, C:/intelfpga/16.1/ip/altera/frame_reader/common_hdl/alt_vipvfr131_common_general_fifo.vhd, C:/intelfpga/16.1/ip/altera/frame_reader/common_hdl/alt_vipvfr131_common_fifo_usedw_calculator.vhd, C:/intelfpga/16.1/ip/altera/frame_reader/common_hdl/alt_vipvfr131_common_gray_clock_crosser.vhd, C:/intelfpga/16.1/ip/altera/frame_reader/common_hdl/alt_vipvfr131_common_std_logic_vector_delay.vhd, C:/intelfpga/16.1/ip/altera/frame_reader/common_hdl/alt_vipvfr131_common_one_bit_delay.vhd, C:/intelfpga/16.1/ip/altera/frame_reader/common_hdl/alt_vipvfr131_common_logic_fifo.vhd, C:/intelfpga/16.1/ip/altera/frame_reader/common_hdl/alt_vipvfr131_common_ram_fifo.vhd
Info: soc_system.button_pio: PIO inputs are not hardwired in test bench. Undefined values will be read from PIO inputs during simulation.
Info: soc_system.dipsw_pio: PIO inputs are not hardwired in test bench. Undefined values will be read from PIO inputs during simulation.
Info: soc_system.hps_0: HPS Main PLL counter settings: n = 0  m = 73
Info: soc_system.hps_0: HPS peripherial PLL counter settings: n = 0  m = 39
Warning: soc_system.hps_0: "Configuration/HPS-to-FPGA user 0 clock frequency" (desired_cfg_clk_mhz) requested 100.0 MHz, but only achieved 97.368421 MHz
Warning: soc_system.hps_0: "QSPI clock frequency" (desired_qspi_clk_mhz) requested 400.0 MHz, but only achieved 370.0 MHz
Warning: soc_system.hps_0: 1 or more output clock frequencies cannot be achieved precisely, consider revising desired output clock frequencies.
Info: soc_system.jtag_uart: JTAG UART IP input clock need to be at least double (2x) the operating frequency of JTAG TCK on board
Info: soc_system.sysid_qsys: System ID is not assigned automatically. Edit the System ID parameter to provide a unique ID
Info: soc_system.sysid_qsys: Time stamp will be automatically updated when this component is generated.
Warning: soc_system.alt_vip_vfr_0: Interrupt sender alt_vip_vfr_0.interrupt_sender is not connected to an interrupt receiver
Info: soc_system: Generating soc_system "soc_system" for QUARTUS_SYNTH
Info: Interconnect is inserted between master hps_0.h2f_lw_axi_master and slave mm_bridge_0.s0 because the master is of type axi and the slave is of type avalon.
Info: Inserting clock-crossing logic between cmd_demux.src1 and cmd_mux_001.sink0
Info: Inserting clock-crossing logic between cmd_demux_001.src1 and cmd_mux_001.sink1
Info: Inserting clock-crossing logic between rsp_demux_001.src0 and rsp_mux.sink1
Info: Inserting clock-crossing logic between rsp_demux_001.src1 and rsp_mux_001.sink1
Info: Interconnect is inserted between master f2sdram_only_master.master and slave hps_0.f2h_sdram0_data because the master has address signal 32 bit wide, but the slave is 27 bit wide.
Info: Interconnect is inserted between master f2sdram_only_master.master and slave hps_0.f2h_sdram0_data because the master has readdata signal 32 bit wide, but the slave is 256 bit wide.
Info: Interconnect is inserted between master f2sdram_only_master.master and slave hps_0.f2h_sdram0_data because the master has writedata signal 32 bit wide, but the slave is 256 bit wide.
Info: Interconnect is inserted between master f2sdram_only_master.master and slave hps_0.f2h_sdram0_data because the master has byteenable signal 4 bit wide, but the slave is 32 bit wide.
Warning: hps_0.f2h_irq0: Cannot connect clock for irq_mapper_001.sender
Warning: hps_0.f2h_irq0: Cannot connect reset for irq_mapper_001.sender
Warning: hps_0.f2h_irq1: Cannot connect clock for irq_mapper_002.sender
Warning: hps_0.f2h_irq1: Cannot connect reset for irq_mapper_002.sender
Info: ILC: "soc_system" instantiated interrupt_latency_counter "ILC"
Info: alt_vip_itc_0: "soc_system" instantiated alt_vip_itc "alt_vip_itc_0"
Info: alt_vip_vfr_0: "soc_system" instantiated alt_vip_vfr "alt_vip_vfr_0"
Info: button_pio: Starting RTL generation for module 'soc_system_button_pio'
Info: button_pio:   Generation command is [exec C:/intelfpga/16.1/quartus/bin64/perl/bin/perl.exe -I C:/intelfpga/16.1/quartus/bin64/perl/lib -I C:/intelfpga/16.1/quartus/sopc_builder/bin/europa -I C:/intelfpga/16.1/quartus/sopc_builder/bin/perl_lib -I C:/intelfpga/16.1/quartus/sopc_builder/bin -I C:/intelfpga/16.1/quartus/../ip/altera/sopc_builder_ip/common -I C:/intelfpga/16.1/quartus/../ip/altera/sopc_builder_ip/altera_avalon_pio -- C:/intelfpga/16.1/quartus/../ip/altera/sopc_builder_ip/altera_avalon_pio/generate_rtl.pl --name=soc_system_button_pio --dir=C:/Users/huyle/AppData/Local/Temp/alt0672_3761481370847888754.dir/0006_button_pio_gen/ --quartus_dir=C:/intelfpga/16.1/quartus --verilog --config=C:/Users/huyle/AppData/Local/Temp/alt0672_3761481370847888754.dir/0006_button_pio_gen//soc_system_button_pio_component_configuration.pl  --do_build_sim=0  ]
Info: button_pio: Done RTL generation for module 'soc_system_button_pio'
Info: button_pio: "soc_system" instantiated altera_avalon_pio "button_pio"
Info: dipsw_pio: Starting RTL generation for module 'soc_system_dipsw_pio'
Info: dipsw_pio:   Generation command is [exec C:/intelfpga/16.1/quartus/bin64/perl/bin/perl.exe -I C:/intelfpga/16.1/quartus/bin64/perl/lib -I C:/intelfpga/16.1/quartus/sopc_builder/bin/europa -I C:/intelfpga/16.1/quartus/sopc_builder/bin/perl_lib -I C:/intelfpga/16.1/quartus/sopc_builder/bin -I C:/intelfpga/16.1/quartus/../ip/altera/sopc_builder_ip/common -I C:/intelfpga/16.1/quartus/../ip/altera/sopc_builder_ip/altera_avalon_pio -- C:/intelfpga/16.1/quartus/../ip/altera/sopc_builder_ip/altera_avalon_pio/generate_rtl.pl --name=soc_system_dipsw_pio --dir=C:/Users/huyle/AppData/Local/Temp/alt0672_3761481370847888754.dir/0007_dipsw_pio_gen/ --quartus_dir=C:/intelfpga/16.1/quartus --verilog --config=C:/Users/huyle/AppData/Local/Temp/alt0672_3761481370847888754.dir/0007_dipsw_pio_gen//soc_system_dipsw_pio_component_configuration.pl  --do_build_sim=0  ]
Info: dipsw_pio: Done RTL generation for module 'soc_system_dipsw_pio'
Info: dipsw_pio: "soc_system" instantiated altera_avalon_pio "dipsw_pio"
Info: f2sdram_only_master: "soc_system" instantiated altera_jtag_avalon_master "f2sdram_only_master"
Info: hps_0: "Running  for module: hps_0"
Info: hps_0: HPS Main PLL counter settings: n = 0  m = 73
Info: hps_0: HPS peripherial PLL counter settings: n = 0  m = 39
Warning: hps_0: "Configuration/HPS-to-FPGA user 0 clock frequency" (desired_cfg_clk_mhz) requested 100.0 MHz, but only achieved 97.368421 MHz
Warning: hps_0: "QSPI clock frequency" (desired_qspi_clk_mhz) requested 400.0 MHz, but only achieved 370.0 MHz
Warning: hps_0: 1 or more output clock frequencies cannot be achieved precisely, consider revising desired output clock frequencies.
Info: hps_0: "soc_system" instantiated altera_hps "hps_0"
Info: jtag_uart: Starting RTL generation for module 'soc_system_jtag_uart'
Info: jtag_uart:   Generation command is [exec C:/intelfpga/16.1/quartus/bin64/perl/bin/perl.exe -I C:/intelfpga/16.1/quartus/bin64/perl/lib -I C:/intelfpga/16.1/quartus/sopc_builder/bin/europa -I C:/intelfpga/16.1/quartus/sopc_builder/bin/perl_lib -I C:/intelfpga/16.1/quartus/sopc_builder/bin -I C:/intelfpga/16.1/quartus/../ip/altera/sopc_builder_ip/common -I C:/intelfpga/16.1/quartus/../ip/altera/sopc_builder_ip/altera_avalon_jtag_uart -- C:/intelfpga/16.1/quartus/../ip/altera/sopc_builder_ip/altera_avalon_jtag_uart/generate_rtl.pl --name=soc_system_jtag_uart --dir=C:/Users/huyle/AppData/Local/Temp/alt0672_3761481370847888754.dir/0008_jtag_uart_gen/ --quartus_dir=C:/intelfpga/16.1/quartus --verilog --config=C:/Users/huyle/AppData/Local/Temp/alt0672_3761481370847888754.dir/0008_jtag_uart_gen//soc_system_jtag_uart_component_configuration.pl  --do_build_sim=0  ]
Info: jtag_uart: Done RTL generation for module 'soc_system_jtag_uart'
Info: jtag_uart: "soc_system" instantiated altera_avalon_jtag_uart "jtag_uart"
Info: led_pio: Starting RTL generation for module 'soc_system_led_pio'
Info: led_pio:   Generation command is [exec C:/intelfpga/16.1/quartus/bin64/perl/bin/perl.exe -I C:/intelfpga/16.1/quartus/bin64/perl/lib -I C:/intelfpga/16.1/quartus/sopc_builder/bin/europa -I C:/intelfpga/16.1/quartus/sopc_builder/bin/perl_lib -I C:/intelfpga/16.1/quartus/sopc_builder/bin -I C:/intelfpga/16.1/quartus/../ip/altera/sopc_builder_ip/common -I C:/intelfpga/16.1/quartus/../ip/altera/sopc_builder_ip/altera_avalon_pio -- C:/intelfpga/16.1/quartus/../ip/altera/sopc_builder_ip/altera_avalon_pio/generate_rtl.pl --name=soc_system_led_pio --dir=C:/Users/huyle/AppData/Local/Temp/alt0672_3761481370847888754.dir/0009_led_pio_gen/ --quartus_dir=C:/intelfpga/16.1/quartus --verilog --config=C:/Users/huyle/AppData/Local/Temp/alt0672_3761481370847888754.dir/0009_led_pio_gen//soc_system_led_pio_component_configuration.pl  --do_build_sim=0  ]
Info: led_pio: Done RTL generation for module 'soc_system_led_pio'
Info: led_pio: "soc_system" instantiated altera_avalon_pio "led_pio"
Info: mm_bridge_0: "soc_system" instantiated altera_avalon_mm_bridge "mm_bridge_0"
Info: sysid_qsys: "soc_system" instantiated altera_avalon_sysid_qsys "sysid_qsys"
Info: mm_interconnect_0: "soc_system" instantiated altera_mm_interconnect "mm_interconnect_0"
Info: avalon_st_adapter: Inserting error_adapter: error_adapter_0
Info: mm_interconnect_1: "soc_system" instantiated altera_mm_interconnect "mm_interconnect_1"
Info: avalon_st_adapter: Inserting error_adapter: error_adapter_0
Info: avalon_st_adapter_001: Inserting error_adapter: error_adapter_0
Info: avalon_st_adapter_002: Inserting error_adapter: error_adapter_0
Info: avalon_st_adapter_003: Inserting error_adapter: error_adapter_0
Info: avalon_st_adapter_004: Inserting error_adapter: error_adapter_0
Info: avalon_st_adapter_005: Inserting error_adapter: error_adapter_0
Info: avalon_st_adapter_006: Inserting error_adapter: error_adapter_0
Info: mm_interconnect_2: "soc_system" instantiated altera_mm_interconnect "mm_interconnect_2"
Info: avalon_st_adapter: Inserting error_adapter: error_adapter_0
Info: mm_interconnect_3: "soc_system" instantiated altera_mm_interconnect "mm_interconnect_3"
Info: irq_mapper: "soc_system" instantiated altera_irq_mapper "irq_mapper"
Info: irq_mapper_001: "soc_system" instantiated altera_irq_mapper "irq_mapper_001"
Info: irq_mapper_002: "soc_system" instantiated altera_irq_mapper "irq_mapper_002"
Info: rst_controller: "soc_system" instantiated altera_reset_controller "rst_controller"
Info: jtag_phy_embedded_in_jtag_master: "f2sdram_only_master" instantiated altera_jtag_dc_streaming "jtag_phy_embedded_in_jtag_master"
Info: timing_adt: "f2sdram_only_master" instantiated timing_adapter "timing_adt"
Info: fifo: "f2sdram_only_master" instantiated altera_avalon_sc_fifo "fifo"
Info: b2p: "f2sdram_only_master" instantiated altera_avalon_st_bytes_to_packets "b2p"
Info: p2b: "f2sdram_only_master" instantiated altera_avalon_st_packets_to_bytes "p2b"
Info: transacto: "f2sdram_only_master" instantiated altera_avalon_packets_to_master "transacto"
Info: b2p_adapter: "f2sdram_only_master" instantiated channel_adapter "b2p_adapter"
Info: p2b_adapter: "f2sdram_only_master" instantiated channel_adapter "p2b_adapter"
Info: fpga_interfaces: "hps_0" instantiated altera_interface_generator "fpga_interfaces"
Info: hps_io: "hps_0" instantiated altera_hps_io "hps_io"
Info: alt_vip_vfr_0_avalon_master_translator: "mm_interconnect_0" instantiated altera_merlin_master_translator "alt_vip_vfr_0_avalon_master_translator"
Info: alt_vip_vfr_0_avalon_master_agent: "mm_interconnect_0" instantiated altera_merlin_master_agent "alt_vip_vfr_0_avalon_master_agent"
Info: hps_0_f2h_axi_slave_agent: "mm_interconnect_0" instantiated altera_merlin_axi_slave_ni "hps_0_f2h_axi_slave_agent"
Info: Reusing file C:/intelFPGA/prj/HPS/RTL/soc_system/soc_system/synthesis/submodules/altera_avalon_sc_fifo.v
Info: router: "mm_interconnect_0" instantiated altera_merlin_router "router"
Info: router_001: "mm_interconnect_0" instantiated altera_merlin_router "router_001"
Info: router_002: "mm_interconnect_0" instantiated altera_merlin_router "router_002"
Info: alt_vip_vfr_0_avalon_master_limiter: "mm_interconnect_0" instantiated altera_merlin_traffic_limiter "alt_vip_vfr_0_avalon_master_limiter"
Info: Reusing file C:/intelFPGA/prj/HPS/RTL/soc_system/soc_system/synthesis/submodules/altera_avalon_sc_fifo.v
Info: Reusing file C:/intelFPGA/prj/HPS/RTL/soc_system/soc_system/synthesis/submodules/altera_avalon_st_pipeline_base.v
Info: hps_0_f2h_axi_slave_wr_burst_adapter: "mm_interconnect_0" instantiated altera_merlin_burst_adapter "hps_0_f2h_axi_slave_wr_burst_adapter"
Info: Reusing file C:/intelFPGA/prj/HPS/RTL/soc_system/soc_system/synthesis/submodules/altera_merlin_address_alignment.sv
Info: Reusing file C:/intelFPGA/prj/HPS/RTL/soc_system/soc_system/synthesis/submodules/altera_avalon_st_pipeline_stage.sv
Info: Reusing file C:/intelFPGA/prj/HPS/RTL/soc_system/soc_system/synthesis/submodules/altera_avalon_st_pipeline_base.v
Info: cmd_demux: "mm_interconnect_0" instantiated altera_merlin_demultiplexer "cmd_demux"
Info: cmd_demux_001: "mm_interconnect_0" instantiated altera_merlin_demultiplexer "cmd_demux_001"
Info: cmd_mux: "mm_interconnect_0" instantiated altera_merlin_multiplexer "cmd_mux"
Info: rsp_mux: "mm_interconnect_0" instantiated altera_merlin_multiplexer "rsp_mux"
Info: Reusing file C:/intelFPGA/prj/HPS/RTL/soc_system/soc_system/synthesis/submodules/altera_merlin_arbitrator.sv
Info: hps_only_master_master_cmd_width_adapter: "mm_interconnect_0" instantiated altera_merlin_width_adapter "hps_only_master_master_cmd_width_adapter"
Info: Reusing file C:/intelFPGA/prj/HPS/RTL/soc_system/soc_system/synthesis/submodules/altera_merlin_address_alignment.sv
Info: Reusing file C:/intelFPGA/prj/HPS/RTL/soc_system/soc_system/synthesis/submodules/altera_merlin_burst_uncompressor.sv
Info: mm_bridge_0_s0_translator: "mm_interconnect_1" instantiated altera_merlin_slave_translator "mm_bridge_0_s0_translator"
Info: hps_0_h2f_lw_axi_master_agent: "mm_interconnect_1" instantiated altera_merlin_axi_master_ni "hps_0_h2f_lw_axi_master_agent"
Info: Reusing file C:/intelFPGA/prj/HPS/RTL/soc_system/soc_system/synthesis/submodules/altera_merlin_address_alignment.sv
Info: mm_bridge_0_s0_agent: "mm_interconnect_1" instantiated altera_merlin_slave_agent "mm_bridge_0_s0_agent"
Info: Reusing file C:/intelFPGA/prj/HPS/RTL/soc_system/soc_system/synthesis/submodules/altera_merlin_burst_uncompressor.sv
Info: router: "mm_interconnect_1" instantiated altera_merlin_router "router"
Info: router_002: "mm_interconnect_1" instantiated altera_merlin_router "router_002"
Info: cmd_demux: "mm_interconnect_1" instantiated altera_merlin_demultiplexer "cmd_demux"
Info: cmd_mux: "mm_interconnect_1" instantiated altera_merlin_multiplexer "cmd_mux"
Info: Reusing file C:/intelFPGA/prj/HPS/RTL/soc_system/soc_system/synthesis/submodules/altera_merlin_arbitrator.sv
Info: rsp_demux: "mm_interconnect_1" instantiated altera_merlin_demultiplexer "rsp_demux"
Info: rsp_mux: "mm_interconnect_1" instantiated altera_merlin_multiplexer "rsp_mux"
Info: Reusing file C:/intelFPGA/prj/HPS/RTL/soc_system/soc_system/synthesis/submodules/altera_merlin_arbitrator.sv
Info: avalon_st_adapter: "mm_interconnect_1" instantiated altera_avalon_st_adapter "avalon_st_adapter"
Info: router: "mm_interconnect_2" instantiated altera_merlin_router "router"
Info: router_002: "mm_interconnect_2" instantiated altera_merlin_router "router_002"
Info: cmd_demux: "mm_interconnect_2" instantiated altera_merlin_demultiplexer "cmd_demux"
Info: cmd_mux: "mm_interconnect_2" instantiated altera_merlin_multiplexer "cmd_mux"
Info: Reusing file C:/intelFPGA/prj/HPS/RTL/soc_system/soc_system/synthesis/submodules/altera_merlin_arbitrator.sv
Info: rsp_demux: "mm_interconnect_2" instantiated altera_merlin_demultiplexer "rsp_demux"
Info: rsp_demux_001: "mm_interconnect_2" instantiated altera_merlin_demultiplexer "rsp_demux_001"
Info: rsp_mux: "mm_interconnect_2" instantiated altera_merlin_multiplexer "rsp_mux"
Info: Reusing file C:/intelFPGA/prj/HPS/RTL/soc_system/soc_system/synthesis/submodules/altera_merlin_arbitrator.sv
Info: crosser: "mm_interconnect_2" instantiated altera_avalon_st_handshake_clock_crosser "crosser"
Info: Reusing file C:/intelFPGA/prj/HPS/RTL/soc_system/soc_system/synthesis/submodules/altera_avalon_st_clock_crosser.v
Info: Reusing file C:/intelFPGA/prj/HPS/RTL/soc_system/soc_system/synthesis/submodules/altera_avalon_st_pipeline_base.v
Info: Reusing file C:/intelFPGA/prj/HPS/RTL/soc_system/soc_system/synthesis/submodules/altera_std_synchronizer_nocut.v
Info: router: "mm_interconnect_3" instantiated altera_merlin_router "router"
Info: router_001: "mm_interconnect_3" instantiated altera_merlin_router "router_001"
Info: cmd_demux: "mm_interconnect_3" instantiated altera_merlin_demultiplexer "cmd_demux"
Info: cmd_mux: "mm_interconnect_3" instantiated altera_merlin_multiplexer "cmd_mux"
Info: Reusing file C:/intelFPGA/prj/HPS/RTL/soc_system/soc_system/synthesis/submodules/altera_merlin_arbitrator.sv
Info: rsp_mux: "mm_interconnect_3" instantiated altera_merlin_multiplexer "rsp_mux"
Info: Reusing file C:/intelFPGA/prj/HPS/RTL/soc_system/soc_system/synthesis/submodules/altera_merlin_arbitrator.sv
Info: avalon_st_adapter: "mm_interconnect_3" instantiated altera_avalon_st_adapter "avalon_st_adapter"
Info: border: "hps_io" instantiated altera_interface_generator "border"
Info: error_adapter_0: "avalon_st_adapter" instantiated error_adapter "error_adapter_0"
Info: error_adapter_0: "avalon_st_adapter" instantiated error_adapter "error_adapter_0"
Info: soc_system: Done "soc_system" with 70 modules, 173 files
Info: qsys-generate succeeded.
Info: Finished: Create HDL design files for synthesis
