Flow report for uart
Sun Aug 09 07:33:32 2026
Quartus Prime Version 16.1.0 Build 196 10/24/2016 SJ Standard Edition


---------------------
; Table of Contents ;
---------------------
  1. Legal Notice
  2. Flow Summary
  3. Flow Settings
  4. Flow Non-Default Global Settings
  5. Flow Elapsed Time
  6. Flow OS Summary
  7. Flow Log
  8. Flow Messages
  9. Flow Suppressed Messages



----------------
; Legal Notice ;
----------------
Copyright (C) 2016  Intel Corporation. All rights reserved.
Your use of Intel Corporation's design tools, logic functions 
and other software and tools, and its AMPP partner logic 
functions, and any output files from any of the foregoing 
(including device programming or simulation files), and any 
associated documentation or information are expressly subject 
to the terms and conditions of the Intel Program License 
Subscription Agreement, the Intel Quartus Prime License Agreement,
the Intel MegaCore Function License Agreement, or other 
applicable license agreement, including, without limitation, 
that your use is for the sole purpose of programming logic 
devices manufactured by Intel and sold by Intel or its 
authorized distributors.  Please refer to the applicable 
agreement for further details.



+-----------------------------------------------------------------------------------+
; Flow Summary                                                                      ;
+---------------------------------+-------------------------------------------------+
; Flow Status                     ; Successful - Sun Aug 09 07:33:32 2026           ;
; Quartus Prime Version           ; 16.1.0 Build 196 10/24/2016 SJ Standard Edition ;
; Revision Name                   ; uart                                            ;
; Top-level Entity Name           ; uart_top                                        ;
; Family                          ; Cyclone V                                       ;
; Device                          ; 5CSXFC6D6F31C6                                  ;
; Timing Models                   ; Final                                           ;
; Logic utilization (in ALMs)     ; 57 / 41,910 ( < 1 % )                           ;
; Total registers                 ; 92                                              ;
; Total pins                      ; 51 / 499 ( 10 % )                               ;
; Total virtual pins              ; 0                                               ;
; Total block memory bits         ; 0 / 5,662,720 ( 0 % )                           ;
; Total DSP Blocks                ; 0 / 112 ( 0 % )                                 ;
; Total HSSI RX PCSs              ; 0 / 9 ( 0 % )                                   ;
; Total HSSI PMA RX Deserializers ; 0 / 9 ( 0 % )                                   ;
; Total HSSI TX PCSs              ; 0 / 9 ( 0 % )                                   ;
; Total HSSI PMA TX Serializers   ; 0 / 9 ( 0 % )                                   ;
; Total PLLs                      ; 0 / 15 ( 0 % )                                  ;
; Total DLLs                      ; 0 / 4 ( 0 % )                                   ;
+---------------------------------+-------------------------------------------------+


+-----------------------------------------+
; Flow Settings                           ;
+-------------------+---------------------+
; Option            ; Setting             ;
+-------------------+---------------------+
; Start date & time ; 08/09/2026 07:30:24 ;
; Main task         ; Compilation         ;
; Revision Name     ; uart                ;
+-------------------+---------------------+


+---------------------------------------------------------------------------------------------------------------------------------+
; Flow Non-Default Global Settings                                                                                                ;
+-------------------------------------+--------------------------------------------+---------------+-------------+----------------+
; Assignment Name                     ; Value                                      ; Default Value ; Entity Name ; Section Id     ;
+-------------------------------------+--------------------------------------------+---------------+-------------+----------------+
; COMPILER_SIGNATURE_ID               ; 52228710827.178623542406908                ; --            ; --          ; --             ;
; EDA_OUTPUT_DATA_FORMAT              ; Verilog Hdl                                ; --            ; --          ; eda_simulation ;
; EDA_SIMULATION_TOOL                 ; ModelSim-Altera (Verilog)                  ; <None>        ; --          ; --             ;
; EDA_TIME_SCALE                      ; 1 ps                                       ; --            ; --          ; eda_simulation ;
; MAX_CORE_JUNCTION_TEMP              ; 85                                         ; --            ; --          ; --             ;
; MIN_CORE_JUNCTION_TEMP              ; 0                                          ; --            ; --          ; --             ;
; PARTITION_COLOR                     ; -- (Not supported for targeted family)     ; --            ; uart_top    ; Top            ;
; PARTITION_FITTER_PRESERVATION_LEVEL ; -- (Not supported for targeted family)     ; --            ; uart_top    ; Top            ;
; PARTITION_NETLIST_TYPE              ; -- (Not supported for targeted family)     ; --            ; uart_top    ; Top            ;
; POWER_BOARD_THERMAL_MODEL           ; None (CONSERVATIVE)                        ; --            ; --          ; --             ;
; POWER_PRESET_COOLING_SOLUTION       ; 23 MM HEAT SINK WITH 200 LFPM AIRFLOW      ; --            ; --          ; --             ;
; PROJECT_OUTPUT_DIRECTORY            ; C:\intelFPGA\prj\UART\Quartus\output_files ; --            ; --          ; --             ;
; SMART_RECOMPILE                     ; On                                         ; Off           ; --          ; --             ;
; TOP_LEVEL_ENTITY                    ; uart_top                                   ; uart          ; --          ; --             ;
+-------------------------------------+--------------------------------------------+---------------+-------------+----------------+


+-------------------------------------------------------------------------------------------------------------------------------+
; Flow Elapsed Time                                                                                                             ;
+---------------------------+--------------+-------------------------+---------------------+------------------------------------+
; Module Name               ; Elapsed Time ; Average Processors Used ; Peak Virtual Memory ; Total CPU Time (on all processors) ;
+---------------------------+--------------+-------------------------+---------------------+------------------------------------+
; Analysis & Synthesis      ; 00:00:46     ; 1.0                     ; 13437 MB            ; 00:01:17                           ;
; Fitter                    ; 00:01:39     ; 1.0                     ; 15480 MB            ; 00:02:55                           ;
; Assembler                 ; 00:00:22     ; 1.0                     ; 13380 MB            ; 00:00:14                           ;
; TimeQuest Timing Analyzer ; 00:00:12     ; 1.1                     ; 13700 MB            ; 00:00:11                           ;
; EDA Netlist Writer        ; 00:00:02     ; 1.0                     ; 13267 MB            ; 00:00:03                           ;
; Total                     ; 00:03:01     ; --                      ; --                  ; 00:04:40                           ;
+---------------------------+--------------+-------------------------+---------------------+------------------------------------+


+-----------------------------------------------------------------------------------------+
; Flow OS Summary                                                                         ;
+---------------------------+------------------+------------+------------+----------------+
; Module Name               ; Machine Hostname ; OS Name    ; OS Version ; Processor type ;
+---------------------------+------------------+------------+------------+----------------+
; Analysis & Synthesis      ; Alexis1          ; Windows 10 ; 10.0       ; x86_64         ;
; Fitter                    ; Alexis1          ; Windows 10 ; 10.0       ; x86_64         ;
; Assembler                 ; Alexis1          ; Windows 10 ; 10.0       ; x86_64         ;
; TimeQuest Timing Analyzer ; Alexis1          ; Windows 10 ; 10.0       ; x86_64         ;
; EDA Netlist Writer        ; Alexis1          ; Windows 10 ; 10.0       ; x86_64         ;
+---------------------------+------------------+------------+------------+----------------+


------------
; Flow Log ;
------------
quartus_map --read_settings_files=on --write_settings_files=off uart -c uart
quartus_fit --read_settings_files=off --write_settings_files=off uart -c uart
quartus_asm --read_settings_files=off --write_settings_files=off uart -c uart
quartus_sta uart -c uart
quartus_eda --read_settings_files=off --write_settings_files=off uart -c uart



