Analysis & Synthesis report for uart
Sun Aug 09 07:31:10 2026
Quartus Prime Version 16.1.0 Build 196 10/24/2016 SJ Standard Edition


---------------------
; Table of Contents ;
---------------------
  1. Legal Notice
  2. Analysis & Synthesis Summary
  3. Analysis & Synthesis Settings
  4. Parallel Compilation
  5. Analysis & Synthesis Source Files Read
  6. Analysis & Synthesis Resource Usage Summary
  7. Analysis & Synthesis Resource Utilization by Entity
  8. State Machine - |uart_top|uart_tx:u_uart_tx|state_reg
  9. State Machine - |uart_top|uart_rx:u_uart_rx|state_reg
 10. Registers Removed During Synthesis
 11. General Register Statistics
 12. Inverted Register Statistics
 13. Multiplexer Restructuring Statistics (Restructuring Performed)
 14. Parameter Settings for User Entity Instance: Top-level Entity: |uart_top
 15. Parameter Settings for User Entity Instance: uart_rx:u_uart_rx
 16. Parameter Settings for User Entity Instance: uart_tx:u_uart_tx
 17. Port Connectivity Checks: "uart_tx:u_uart_tx"
 18. Post-Synthesis Netlist Statistics for Top Partition
 19. Elapsed Time Per Partition
 20. Analysis & Synthesis Messages



----------------
; Legal Notice ;
----------------
Copyright (C) 2016  Intel Corporation. All rights reserved.
Your use of Intel Corporation's design tools, logic functions 
and other software and tools, and its AMPP partner logic 
functions, and any output files from any of the foregoing 
(including device programming or simulation files), and any 
associated documentation or information are expressly subject 
to the terms and conditions of the Intel Program License 
Subscription Agreement, the Intel Quartus Prime License Agreement,
the Intel MegaCore Function License Agreement, or other 
applicable license agreement, including, without limitation, 
that your use is for the sole purpose of programming logic 
devices manufactured by Intel and sold by Intel or its 
authorized distributors.  Please refer to the applicable 
agreement for further details.



+-----------------------------------------------------------------------------------+
; Analysis & Synthesis Summary                                                      ;
+---------------------------------+-------------------------------------------------+
; Analysis & Synthesis Status     ; Successful - Sun Aug 09 07:31:09 2026           ;
; Quartus Prime Version           ; 16.1.0 Build 196 10/24/2016 SJ Standard Edition ;
; Revision Name                   ; uart                                            ;
; Top-level Entity Name           ; uart_top                                        ;
; Family                          ; Cyclone V                                       ;
; Logic utilization (in ALMs)     ; N/A                                             ;
; Total registers                 ; 82                                              ;
; Total pins                      ; 51                                              ;
; Total virtual pins              ; 0                                               ;
; Total block memory bits         ; 0                                               ;
; Total DSP Blocks                ; 0                                               ;
; Total HSSI RX PCSs              ; 0                                               ;
; Total HSSI PMA RX Deserializers ; 0                                               ;
; Total HSSI TX PCSs              ; 0                                               ;
; Total HSSI PMA TX Serializers   ; 0                                               ;
; Total PLLs                      ; 0                                               ;
; Total DLLs                      ; 0                                               ;
+---------------------------------+-------------------------------------------------+


+---------------------------------------------------------------------------------------------------------------------------+
; Analysis & Synthesis Settings                                                                                             ;
+---------------------------------------------------------------------------------+--------------------+--------------------+
; Option                                                                          ; Setting            ; Default Value      ;
+---------------------------------------------------------------------------------+--------------------+--------------------+
; Device                                                                          ; 5CSXFC6D6F31C6     ;                    ;
; Top-level entity name                                                           ; uart_top           ; uart               ;
; Family name                                                                     ; Cyclone V          ; Cyclone V          ;
; Use smart compilation                                                           ; On                 ; Off                ;
; Enable parallel Assembler and TimeQuest Timing Analyzer during compilation      ; On                 ; On                 ;
; Enable compact report table                                                     ; Off                ; Off                ;
; Restructure Multiplexers                                                        ; Auto               ; Auto               ;
; MLAB Add Timing Constraints For Mixed-Port Feed-Through Mode Setting Don't Care ; Off                ; Off                ;
; Create Debugging Nodes for IP Cores                                             ; Off                ; Off                ;
; Preserve fewer node names                                                       ; On                 ; On                 ;
; OpenCore Plus hardware evaluation                                               ; Enable             ; Enable             ;
; Verilog Version                                                                 ; Verilog_2001       ; Verilog_2001       ;
; VHDL Version                                                                    ; VHDL_1993          ; VHDL_1993          ;
; State Machine Processing                                                        ; Auto               ; Auto               ;
; Safe State Machine                                                              ; Off                ; Off                ;
; Extract Verilog State Machines                                                  ; On                 ; On                 ;
; Extract VHDL State Machines                                                     ; On                 ; On                 ;
; Ignore Verilog initial constructs                                               ; Off                ; Off                ;
; Iteration limit for constant Verilog loops                                      ; 5000               ; 5000               ;
; Iteration limit for non-constant Verilog loops                                  ; 250                ; 250                ;
; Add Pass-Through Logic to Inferred RAMs                                         ; On                 ; On                 ;
; Infer RAMs from Raw Logic                                                       ; On                 ; On                 ;
; Parallel Synthesis                                                              ; On                 ; On                 ;
; DSP Block Balancing                                                             ; Auto               ; Auto               ;
; NOT Gate Push-Back                                                              ; On                 ; On                 ;
; Power-Up Don't Care                                                             ; On                 ; On                 ;
; Remove Redundant Logic Cells                                                    ; Off                ; Off                ;
; Remove Duplicate Registers                                                      ; On                 ; On                 ;
; Ignore CARRY Buffers                                                            ; Off                ; Off                ;
; Ignore CASCADE Buffers                                                          ; Off                ; Off                ;
; Ignore GLOBAL Buffers                                                           ; Off                ; Off                ;
; Ignore ROW GLOBAL Buffers                                                       ; Off                ; Off                ;
; Ignore LCELL Buffers                                                            ; Off                ; Off                ;
; Ignore SOFT Buffers                                                             ; On                 ; On                 ;
; Limit AHDL Integers to 32 Bits                                                  ; Off                ; Off                ;
; Optimization Technique                                                          ; Balanced           ; Balanced           ;
; Carry Chain Length                                                              ; 70                 ; 70                 ;
; Auto Carry Chains                                                               ; On                 ; On                 ;
; Auto Open-Drain Pins                                                            ; On                 ; On                 ;
; Perform WYSIWYG Primitive Resynthesis                                           ; Off                ; Off                ;
; Auto ROM Replacement                                                            ; On                 ; On                 ;
; Auto RAM Replacement                                                            ; On                 ; On                 ;
; Auto DSP Block Replacement                                                      ; On                 ; On                 ;
; Auto Shift Register Replacement                                                 ; Auto               ; Auto               ;
; Allow Shift Register Merging across Hierarchies                                 ; Auto               ; Auto               ;
; Auto Clock Enable Replacement                                                   ; On                 ; On                 ;
; Strict RAM Replacement                                                          ; Off                ; Off                ;
; Allow Synchronous Control Signals                                               ; On                 ; On                 ;
; Force Use of Synchronous Clear Signals                                          ; Off                ; Off                ;
; Auto Resource Sharing                                                           ; Off                ; Off                ;
; Allow Any RAM Size For Recognition                                              ; Off                ; Off                ;
; Allow Any ROM Size For Recognition                                              ; Off                ; Off                ;
; Allow Any Shift Register Size For Recognition                                   ; Off                ; Off                ;
; Use LogicLock Constraints during Resource Balancing                             ; On                 ; On                 ;
; Ignore translate_off and synthesis_off directives                               ; Off                ; Off                ;
; Timing-Driven Synthesis                                                         ; On                 ; On                 ;
; Report Parameter Settings                                                       ; On                 ; On                 ;
; Report Source Assignments                                                       ; On                 ; On                 ;
; Report Connectivity Checks                                                      ; On                 ; On                 ;
; Ignore Maximum Fan-Out Assignments                                              ; Off                ; Off                ;
; Synchronization Register Chain Length                                           ; 3                  ; 3                  ;
; PowerPlay Power Optimization During Synthesis                                   ; Normal compilation ; Normal compilation ;
; HDL message level                                                               ; Level2             ; Level2             ;
; Suppress Register Optimization Related Messages                                 ; Off                ; Off                ;
; Number of Removed Registers Reported in Synthesis Report                        ; 5000               ; 5000               ;
; Number of Swept Nodes Reported in Synthesis Report                              ; 5000               ; 5000               ;
; Number of Inverted Registers Reported in Synthesis Report                       ; 100                ; 100                ;
; Clock MUX Protection                                                            ; On                 ; On                 ;
; Auto Gated Clock Conversion                                                     ; Off                ; Off                ;
; Block Design Naming                                                             ; Auto               ; Auto               ;
; SDC constraint protection                                                       ; Off                ; Off                ;
; Synthesis Effort                                                                ; Auto               ; Auto               ;
; Shift Register Replacement - Allow Asynchronous Clear Signal                    ; On                 ; On                 ;
; Pre-Mapping Resynthesis Optimization                                            ; Off                ; Off                ;
; Analysis & Synthesis Message Level                                              ; Medium             ; Medium             ;
; Disable Register Merging Across Hierarchies                                     ; Auto               ; Auto               ;
; Resource Aware Inference For Block RAM                                          ; On                 ; On                 ;
; Automatic Parallel Synthesis                                                    ; On                 ; On                 ;
; Partial Reconfiguration Bitstream ID                                            ; Off                ; Off                ;
+---------------------------------------------------------------------------------+--------------------+--------------------+


+------------------------------------------+
; Parallel Compilation                     ;
+----------------------------+-------------+
; Processors                 ; Number      ;
+----------------------------+-------------+
; Number detected on machine ; 6           ;
; Maximum allowed            ; 6           ;
;                            ;             ;
; Average used               ; 1.00        ;
; Maximum used               ; 6           ;
;                            ;             ;
; Usage by Processor         ; % Time Used ;
;     Processor 1            ; 100.0%      ;
;     Processors 2-6         ;   0.0%      ;
+----------------------------+-------------+


+------------------------------------------------------------------------------------------------------------------------------+
; Analysis & Synthesis Source Files Read                                                                                       ;
+----------------------------------+-----------------+------------------------+--------------------------------------+---------+
; File Name with User-Entered Path ; Used in Netlist ; File Type              ; File Name with Absolute Path         ; Library ;
+----------------------------------+-----------------+------------------------+--------------------------------------+---------+
; ../RTL/uart_tx.v                 ; yes             ; User Verilog HDL File  ; C:/intelFPGA/prj/UART/RTL/uart_tx.v  ;         ;
; ../RTL/uart_top.v                ; yes             ; User Verilog HDL File  ; C:/intelFPGA/prj/UART/RTL/uart_top.v ;         ;
; ../RTL/uart_rx.v                 ; yes             ; User Verilog HDL File  ; C:/intelFPGA/prj/UART/RTL/uart_rx.v  ;         ;
+----------------------------------+-----------------+------------------------+--------------------------------------+---------+


+--------------------------------------------------------------+
; Analysis & Synthesis Resource Usage Summary                  ;
+---------------------------------------------+----------------+
; Resource                                    ; Usage          ;
+---------------------------------------------+----------------+
; Estimate of Logic utilization (ALMs needed) ; 57             ;
;                                             ;                ;
; Combinational ALUT usage for logic          ; 85             ;
;     -- 7 input functions                    ; 2              ;
;     -- 6 input functions                    ; 24             ;
;     -- 5 input functions                    ; 9              ;
;     -- 4 input functions                    ; 6              ;
;     -- <=3 input functions                  ; 44             ;
;                                             ;                ;
; Dedicated logic registers                   ; 82             ;
;                                             ;                ;
; I/O pins                                    ; 51             ;
;                                             ;                ;
; Total DSP Blocks                            ; 0              ;
;                                             ;                ;
; Maximum fan-out node                        ; CLOCK_50~input ;
; Maximum fan-out                             ; 82             ;
; Total fan-out                               ; 732            ;
; Average fan-out                             ; 2.40           ;
+---------------------------------------------+----------------+


+------------------------------------------------------------------------------------------------------------------------------------------------------------------------------------------------+
; Analysis & Synthesis Resource Utilization by Entity                                                                                                                                            ;
+----------------------------+---------------------+---------------------------+-------------------+------------+------+--------------+-----------------------------+-------------+--------------+
; Compilation Hierarchy Node ; Combinational ALUTs ; Dedicated Logic Registers ; Block Memory Bits ; DSP Blocks ; Pins ; Virtual Pins ; Full Hierarchy Name         ; Entity Name ; Library Name ;
+----------------------------+---------------------+---------------------------+-------------------+------------+------+--------------+-----------------------------+-------------+--------------+
; |uart_top                  ; 85 (0)              ; 82 (8)                    ; 0                 ; 0          ; 51   ; 0            ; |uart_top                   ; uart_top    ; work         ;
;    |uart_rx:u_uart_rx|     ; 52 (52)             ; 42 (42)                   ; 0                 ; 0          ; 0    ; 0            ; |uart_top|uart_rx:u_uart_rx ; uart_rx     ; work         ;
;    |uart_tx:u_uart_tx|     ; 33 (33)             ; 32 (32)                   ; 0                 ; 0          ; 0    ; 0            ; |uart_top|uart_tx:u_uart_tx ; uart_tx     ; work         ;
+----------------------------+---------------------+---------------------------+-------------------+------------+------+--------------+-----------------------------+-------------+--------------+
Note: For table entries with two numbers listed, the numbers in parentheses indicate the number of resources of the given type used by the specific entity alone. The numbers listed outside of parentheses indicate the total resources of the given type used by the specific entity and all of its sub-entities in the hierarchy.


Encoding Type:  One-Hot
+------------------------------------------------------------------------------------------------+
; State Machine - |uart_top|uart_tx:u_uart_tx|state_reg                                          ;
+-------------------+------------------+------------------+-------------------+------------------+
; Name              ; state_reg.S_STOP ; state_reg.S_DATA ; state_reg.S_START ; state_reg.S_IDLE ;
+-------------------+------------------+------------------+-------------------+------------------+
; state_reg.S_IDLE  ; 0                ; 0                ; 0                 ; 0                ;
; state_reg.S_START ; 0                ; 0                ; 1                 ; 1                ;
; state_reg.S_DATA  ; 0                ; 1                ; 0                 ; 1                ;
; state_reg.S_STOP  ; 1                ; 0                ; 0                 ; 1                ;
+-------------------+------------------+------------------+-------------------+------------------+


Encoding Type:  One-Hot
+------------------------------------------------------------------------------------------------+
; State Machine - |uart_top|uart_rx:u_uart_rx|state_reg                                          ;
+-------------------+------------------+------------------+-------------------+------------------+
; Name              ; state_reg.S_STOP ; state_reg.S_DATA ; state_reg.S_START ; state_reg.S_IDLE ;
+-------------------+------------------+------------------+-------------------+------------------+
; state_reg.S_IDLE  ; 0                ; 0                ; 0                 ; 0                ;
; state_reg.S_START ; 0                ; 0                ; 1                 ; 1                ;
; state_reg.S_DATA  ; 0                ; 1                ; 0                 ; 1                ;
; state_reg.S_STOP  ; 1                ; 0                ; 0                 ; 1                ;
+-------------------+------------------+------------------+-------------------+------------------+


+------------------------------------------------------------+
; Registers Removed During Synthesis                         ;
+---------------------------------------+--------------------+
; Register name                         ; Reason for Removal ;
+---------------------------------------+--------------------+
; uart_tx:u_uart_tx|state_reg~8         ; Lost fanout        ;
; uart_tx:u_uart_tx|state_reg~9         ; Lost fanout        ;
; uart_rx:u_uart_rx|state_reg~8         ; Lost fanout        ;
; uart_rx:u_uart_rx|state_reg~9         ; Lost fanout        ;
; Total Number of Removed Registers = 4 ;                    ;
+---------------------------------------+--------------------+


+------------------------------------------------------+
; General Register Statistics                          ;
+----------------------------------------------+-------+
; Statistic                                    ; Value ;
+----------------------------------------------+-------+
; Total registers                              ; 82    ;
; Number of registers using Synchronous Clear  ; 32    ;
; Number of registers using Synchronous Load   ; 0     ;
; Number of registers using Asynchronous Clear ; 82    ;
; Number of registers using Asynchronous Load  ; 0     ;
; Number of registers using Clock Enable       ; 40    ;
; Number of registers using Preset             ; 0     ;
+----------------------------------------------+-------+


+--------------------------------------------------+
; Inverted Register Statistics                     ;
+----------------------------------------+---------+
; Inverted Register                      ; Fan out ;
+----------------------------------------+---------+
; uart_tx:u_uart_tx|tx_line              ; 1       ;
; uart_rx:u_uart_rx|rx_sync1             ; 13      ;
; uart_rx:u_uart_rx|rx_sync0             ; 1       ;
; Total number of inverted registers = 3 ;         ;
+----------------------------------------+---------+


+-----------------------------------------------------------------------------------------------------------------------------------------------------------+
; Multiplexer Restructuring Statistics (Restructuring Performed)                                                                                            ;
+--------------------+-----------+---------------+----------------------+------------------------+------------+---------------------------------------------+
; Multiplexer Inputs ; Bus Width ; Baseline Area ; Area if Restructured ; Saving if Restructured ; Registered ; Example Multiplexer Output                  ;
+--------------------+-----------+---------------+----------------------+------------------------+------------+---------------------------------------------+
; 3:1                ; 16 bits   ; 32 LEs        ; 0 LEs                ; 32 LEs                 ; Yes        ; |uart_top|uart_tx:u_uart_tx|clk_cnt_reg[12] ;
; 5:1                ; 3 bits    ; 9 LEs         ; 3 LEs                ; 6 LEs                  ; Yes        ; |uart_top|uart_tx:u_uart_tx|bit_idx_reg[0]  ;
; 8:1                ; 16 bits   ; 80 LEs        ; 0 LEs                ; 80 LEs                 ; Yes        ; |uart_top|uart_rx:u_uart_rx|clk_cnt_reg[4]  ;
; 6:1                ; 2 bits    ; 8 LEs         ; 4 LEs                ; 4 LEs                  ; No         ; |uart_top|uart_tx:u_uart_tx|Selector3       ;
; 8:1                ; 2 bits    ; 10 LEs        ; 4 LEs                ; 6 LEs                  ; No         ; |uart_top|uart_tx:u_uart_tx|Selector4       ;
; 8:1                ; 2 bits    ; 10 LEs        ; 4 LEs                ; 6 LEs                  ; No         ; |uart_top|uart_rx:u_uart_rx|Selector22      ;
; 8:1                ; 2 bits    ; 10 LEs        ; 4 LEs                ; 6 LEs                  ; No         ; |uart_top|uart_rx:u_uart_rx|Selector19      ;
+--------------------+-----------+---------------+----------------------+------------------------+------------+---------------------------------------------+


+--------------------------------------------------------------------------+
; Parameter Settings for User Entity Instance: Top-level Entity: |uart_top ;
+----------------+----------+----------------------------------------------+
; Parameter Name ; Value    ; Type                                         ;
+----------------+----------+----------------------------------------------+
; CLK_FREQ       ; 50000000 ; Signed Integer                               ;
; BAUD_RATE      ; 115200   ; Signed Integer                               ;
+----------------+----------+----------------------------------------------+
Note: In order to hide this table in the UI and the text report file, please set the "Show Parameter Settings in Synthesis Report" option in "Analysis and Synthesis Settings -> More Settings" to "Off".


+----------------------------------------------------------------+
; Parameter Settings for User Entity Instance: uart_rx:u_uart_rx ;
+----------------+----------+------------------------------------+
; Parameter Name ; Value    ; Type                               ;
+----------------+----------+------------------------------------+
; CLK_FREQ       ; 50000000 ; Signed Integer                     ;
; BAUD_RATE      ; 115200   ; Signed Integer                     ;
+----------------+----------+------------------------------------+
Note: In order to hide this table in the UI and the text report file, please set the "Show Parameter Settings in Synthesis Report" option in "Analysis and Synthesis Settings -> More Settings" to "Off".


+----------------------------------------------------------------+
; Parameter Settings for User Entity Instance: uart_tx:u_uart_tx ;
+----------------+----------+------------------------------------+
; Parameter Name ; Value    ; Type                               ;
+----------------+----------+------------------------------------+
; CLK_FREQ       ; 50000000 ; Signed Integer                     ;
; BAUD_RATE      ; 115200   ; Signed Integer                     ;
+----------------+----------+------------------------------------+
Note: In order to hide this table in the UI and the text report file, please set the "Show Parameter Settings in Synthesis Report" option in "Analysis and Synthesis Settings -> More Settings" to "Off".


+-------------------------------------------------------------------------------------------------------------------+
; Port Connectivity Checks: "uart_tx:u_uart_tx"                                                                     ;
+---------+--------+----------+-------------------------------------------------------------------------------------+
; Port    ; Type   ; Severity ; Details                                                                             ;
+---------+--------+----------+-------------------------------------------------------------------------------------+
; tx_busy ; Output ; Info     ; Connected to dangling logic. Logic that only feeds a dangling port will be removed. ;
+---------+--------+----------+-------------------------------------------------------------------------------------+


+-----------------------------------------------------+
; Post-Synthesis Netlist Statistics for Top Partition ;
+-----------------------+-----------------------------+
; Type                  ; Count                       ;
+-----------------------+-----------------------------+
; arriav_ff             ; 82                          ;
;     CLR               ; 26                          ;
;     CLR SCLR          ; 16                          ;
;     ENA CLR           ; 24                          ;
;     ENA CLR SCLR      ; 16                          ;
; arriav_io_obuf        ; 36                          ;
; arriav_lcell_comb     ; 86                          ;
;     arith             ; 32                          ;
;         1 data inputs ; 32                          ;
;     extend            ; 2                           ;
;         7 data inputs ; 2                           ;
;     normal            ; 52                          ;
;         0 data inputs ; 1                           ;
;         1 data inputs ; 1                           ;
;         2 data inputs ; 5                           ;
;         3 data inputs ; 6                           ;
;         4 data inputs ; 6                           ;
;         5 data inputs ; 9                           ;
;         6 data inputs ; 24                          ;
; boundary_port         ; 51                          ;
;                       ;                             ;
; Max LUT depth         ; 3.00                        ;
; Average LUT depth     ; 1.82                        ;
+-----------------------+-----------------------------+


+-------------------------------+
; Elapsed Time Per Partition    ;
+----------------+--------------+
; Partition Name ; Elapsed Time ;
+----------------+--------------+
; Top            ; 00:00:01     ;
+----------------+--------------+


+-------------------------------+
; Analysis & Synthesis Messages ;
+-------------------------------+
Info: *******************************************************************
Info: Running Quartus Prime Analysis & Synthesis
    Info: Version 16.1.0 Build 196 10/24/2016 SJ Standard Edition
    Info: Processing started: Sun Aug 09 07:30:23 2026
Info: Command: quartus_map --read_settings_files=on --write_settings_files=off uart -c uart
Warning (18236): Number of processors has not been specified which may cause overloading on shared machines.  Set the global assignment NUM_PARALLEL_PROCESSORS in your QSF to an appropriate value for best performance.
Info (20030): Parallel compilation is enabled and will use 6 of the 6 processors detected
Info (12021): Found 1 design units, including 1 entities, in source file /intelfpga/prj/uart/rtl/uart_tx.v
    Info (12023): Found entity 1: uart_tx File: C:/intelFPGA/prj/UART/RTL/uart_tx.v Line: 10
Info (12021): Found 1 design units, including 1 entities, in source file /intelfpga/prj/uart/rtl/uart_top.v
    Info (12023): Found entity 1: uart_top File: C:/intelFPGA/prj/UART/RTL/uart_top.v Line: 10
Info (12021): Found 1 design units, including 1 entities, in source file /intelfpga/prj/uart/rtl/uart_rx.v
    Info (12023): Found entity 1: uart_rx File: C:/intelFPGA/prj/UART/RTL/uart_rx.v Line: 14
Info (12127): Elaborating entity "uart_top" for the top level hierarchy
Info (12128): Elaborating entity "uart_rx" for hierarchy "uart_rx:u_uart_rx" File: C:/intelFPGA/prj/UART/RTL/uart_top.v Line: 48
Info (12128): Elaborating entity "uart_tx" for hierarchy "uart_tx:u_uart_tx" File: C:/intelFPGA/prj/UART/RTL/uart_top.v Line: 61
Warning (13034): The following nodes have both tri-state and non-tri-state drivers
    Warning (13035): Inserted always-enabled tri-state buffer between "GPIO[0]" and its non-tri-state driver. File: C:/intelFPGA/prj/UART/RTL/uart_top.v Line: 18
Warning (13039): The following bidirectional pins have no drivers
    Warning (13040): bidirectional pin "GPIO[1]" has no driver File: C:/intelFPGA/prj/UART/RTL/uart_top.v Line: 18
    Warning (13040): bidirectional pin "GPIO[2]" has no driver File: C:/intelFPGA/prj/UART/RTL/uart_top.v Line: 18
    Warning (13040): bidirectional pin "GPIO[3]" has no driver File: C:/intelFPGA/prj/UART/RTL/uart_top.v Line: 18
    Warning (13040): bidirectional pin "GPIO[4]" has no driver File: C:/intelFPGA/prj/UART/RTL/uart_top.v Line: 18
    Warning (13040): bidirectional pin "GPIO[5]" has no driver File: C:/intelFPGA/prj/UART/RTL/uart_top.v Line: 18
    Warning (13040): bidirectional pin "GPIO[6]" has no driver File: C:/intelFPGA/prj/UART/RTL/uart_top.v Line: 18
    Warning (13040): bidirectional pin "GPIO[7]" has no driver File: C:/intelFPGA/prj/UART/RTL/uart_top.v Line: 18
    Warning (13040): bidirectional pin "GPIO[8]" has no driver File: C:/intelFPGA/prj/UART/RTL/uart_top.v Line: 18
    Warning (13040): bidirectional pin "GPIO[9]" has no driver File: C:/intelFPGA/prj/UART/RTL/uart_top.v Line: 18
    Warning (13040): bidirectional pin "GPIO[10]" has no driver File: C:/intelFPGA/prj/UART/RTL/uart_top.v Line: 18
    Warning (13040): bidirectional pin "GPIO[11]" has no driver File: C:/intelFPGA/prj/UART/RTL/uart_top.v Line: 18
    Warning (13040): bidirectional pin "GPIO[12]" has no driver File: C:/intelFPGA/prj/UART/RTL/uart_top.v Line: 18
    Warning (13040): bidirectional pin "GPIO[13]" has no driver File: C:/intelFPGA/prj/UART/RTL/uart_top.v Line: 18
    Warning (13040): bidirectional pin "GPIO[14]" has no driver File: C:/intelFPGA/prj/UART/RTL/uart_top.v Line: 18
    Warning (13040): bidirectional pin "GPIO[15]" has no driver File: C:/intelFPGA/prj/UART/RTL/uart_top.v Line: 18
    Warning (13040): bidirectional pin "GPIO[16]" has no driver File: C:/intelFPGA/prj/UART/RTL/uart_top.v Line: 18
    Warning (13040): bidirectional pin "GPIO[17]" has no driver File: C:/intelFPGA/prj/UART/RTL/uart_top.v Line: 18
    Warning (13040): bidirectional pin "GPIO[18]" has no driver File: C:/intelFPGA/prj/UART/RTL/uart_top.v Line: 18
    Warning (13040): bidirectional pin "GPIO[19]" has no driver File: C:/intelFPGA/prj/UART/RTL/uart_top.v Line: 18
    Warning (13040): bidirectional pin "GPIO[20]" has no driver File: C:/intelFPGA/prj/UART/RTL/uart_top.v Line: 18
    Warning (13040): bidirectional pin "GPIO[21]" has no driver File: C:/intelFPGA/prj/UART/RTL/uart_top.v Line: 18
    Warning (13040): bidirectional pin "GPIO[22]" has no driver File: C:/intelFPGA/prj/UART/RTL/uart_top.v Line: 18
    Warning (13040): bidirectional pin "GPIO[23]" has no driver File: C:/intelFPGA/prj/UART/RTL/uart_top.v Line: 18
    Warning (13040): bidirectional pin "GPIO[24]" has no driver File: C:/intelFPGA/prj/UART/RTL/uart_top.v Line: 18
    Warning (13040): bidirectional pin "GPIO[25]" has no driver File: C:/intelFPGA/prj/UART/RTL/uart_top.v Line: 18
    Warning (13040): bidirectional pin "GPIO[26]" has no driver File: C:/intelFPGA/prj/UART/RTL/uart_top.v Line: 18
    Warning (13040): bidirectional pin "GPIO[27]" has no driver File: C:/intelFPGA/prj/UART/RTL/uart_top.v Line: 18
    Warning (13040): bidirectional pin "GPIO[28]" has no driver File: C:/intelFPGA/prj/UART/RTL/uart_top.v Line: 18
    Warning (13040): bidirectional pin "GPIO[29]" has no driver File: C:/intelFPGA/prj/UART/RTL/uart_top.v Line: 18
    Warning (13040): bidirectional pin "GPIO[30]" has no driver File: C:/intelFPGA/prj/UART/RTL/uart_top.v Line: 18
    Warning (13040): bidirectional pin "GPIO[31]" has no driver File: C:/intelFPGA/prj/UART/RTL/uart_top.v Line: 18
    Warning (13040): bidirectional pin "GPIO[32]" has no driver File: C:/intelFPGA/prj/UART/RTL/uart_top.v Line: 18
    Warning (13040): bidirectional pin "GPIO[33]" has no driver File: C:/intelFPGA/prj/UART/RTL/uart_top.v Line: 18
    Warning (13040): bidirectional pin "GPIO[34]" has no driver File: C:/intelFPGA/prj/UART/RTL/uart_top.v Line: 18
    Warning (13040): bidirectional pin "GPIO[35]" has no driver File: C:/intelFPGA/prj/UART/RTL/uart_top.v Line: 18
Warning (13009): TRI or OPNDRN buffers permanently enabled
    Warning (13010): Node "GPIO[0]~synth" File: C:/intelFPGA/prj/UART/RTL/uart_top.v Line: 18
Warning (13024): Output pins are stuck at VCC or GND
    Warning (13410): Pin "LEDR[8]" is stuck at GND File: C:/intelFPGA/prj/UART/RTL/uart_top.v Line: 16
    Warning (13410): Pin "LEDR[9]" is stuck at GND File: C:/intelFPGA/prj/UART/RTL/uart_top.v Line: 16
Info (286030): Timing-Driven Synthesis is running
Info (17049): 4 registers lost all their fanouts during netlist optimizations.
Info (16010): Generating hard_block partition "hard_block:auto_generated_inst"
    Info (16011): Adding 0 node(s), including 0 DDIO, 0 PLL, 0 transceiver and 0 LCELL
Warning (21074): Design contains 3 input pin(s) that do not drive logic
    Warning (15610): No output dependent on input pin "KEY[1]" File: C:/intelFPGA/prj/UART/RTL/uart_top.v Line: 15
    Warning (15610): No output dependent on input pin "KEY[2]" File: C:/intelFPGA/prj/UART/RTL/uart_top.v Line: 15
    Warning (15610): No output dependent on input pin "KEY[3]" File: C:/intelFPGA/prj/UART/RTL/uart_top.v Line: 15
Info (21057): Implemented 162 device resources after synthesis - the final resource count might be different
    Info (21058): Implemented 5 input pins
    Info (21059): Implemented 10 output pins
    Info (21060): Implemented 36 bidirectional pins
    Info (21061): Implemented 111 logic cells
Info: Quartus Prime Analysis & Synthesis was successful. 0 errors, 48 warnings
    Info: Peak virtual memory: 13437 megabytes
    Info: Processing ended: Sun Aug 09 07:31:10 2026
    Info: Elapsed time: 00:00:47
    Info: Total CPU time (on all processors): 00:01:18


